2026-10-08T18:40:34.0783039Z Current runner version: '2.337.0'
2026-10-08T18:40:34.0807212Z ##[group]Runner Image Provisioner
2026-10-08T18:40:34.0808007Z Hosted Compute Agent
2026-10-08T18:40:34.0808535Z Version: 20261002.596
2026-10-08T18:40:34.0809116Z Commit: c3d12f3313a95f25162a1503be624f3b0617f8c0
2026-10-08T18:40:34.0809785Z Build Date: 2026-10-02T22:28:27Z
2026-10-08T18:40:34.0810407Z Worker ID: {9ac89e71-83c9-42fc-8de2-cbc2de3b62ac}
2026-10-08T18:40:34.0811058Z Region: centralus
2026-10-08T18:40:34.0811554Z Cloud: Azure
2026-10-08T18:40:34.0812046Z ##[endgroup]
2026-10-08T18:40:34.0813407Z ##[group]Operating System
2026-10-08T18:40:34.0814008Z Microsoft Windows Server 2022
2026-10-08T18:40:34.0814563Z 10.0.20348
2026-10-08T18:40:34.0815033Z Datacenter
2026-10-08T18:40:34.0815504Z ##[endgroup]
2026-10-08T18:40:34.0815980Z ##[group]Runner Image
2026-10-08T18:40:34.0816503Z Image: windows-2022
2026-10-08T18:40:34.0817016Z Version: 20261004.326.1
2026-10-08T18:40:34.0818330Z Included Software: https://github.com/actions/runner-images/blob/win22/20261004.326/images/windows/Windows2022-Readme.md
2026-10-08T18:40:34.0819796Z Image Release: https://github.com/actions/runner-images/releases/tag/win22%2F20261004.326
2026-10-08T18:40:34.0820659Z ##[endgroup]
2026-10-08T18:40:34.0821767Z ##[group]GITHUB_TOKEN Permissions
2026-10-08T18:40:34.0823524Z Contents: read
2026-10-08T18:40:34.0824111Z Metadata: read
2026-10-08T18:40:34.0824594Z Packages: read
2026-10-08T18:40:34.0825102Z ##[endgroup]
2026-10-08T18:40:34.0827081Z Secret source: Actions
2026-10-08T18:40:34.0827900Z Cache mode: write
2026-10-08T18:40:34.0828589Z Prepare workflow directory
2026-10-08T18:40:34.1226162Z Prepare all required actions
2026-10-08T18:40:34.1295771Z Getting action download info
2026-10-08T18:40:34.3867407Z Download action repository 'actions/checkout@v4' (SHA:11d5960a326750d5838078e36cf38b85af677262)
2026-10-08T18:40:34.4958772Z Download action repository 'actions/setup-python@v5' (SHA:a26af69be951a213d495a4c3e4e4022e16d87065)
2026-10-08T18:40:34.6378849Z Download action repository 'actions/upload-artifact@043fb46d1a93c77aae656e7c1c64a875d1fc6a0a' (SHA:043fb46d1a93c77aae656e7c1c64a875d1fc6a0a)
2026-10-08T18:40:34.8604347Z Complete job name: python
2026-10-08T18:40:35.0171274Z ##[group]Run actions/checkout@v4
2026-10-08T18:40:35.0172474Z with:
2026-10-08T18:40:35.0172922Z   repository: Jacob-Met/CaptureSuite
2026-10-08T18:40:35.0176745Z   token: ***
2026-10-08T18:40:35.0177146Z   ssh-strict: true
2026-10-08T18:40:35.0177558Z   ssh-user: git
2026-10-08T18:40:35.0177962Z   persist-credentials: true
2026-10-08T18:40:35.0178408Z   clean: true
2026-10-08T18:40:35.0178816Z   sparse-checkout-cone-mode: true
2026-10-08T18:40:35.0179295Z   fetch-depth: 1
2026-10-08T18:40:35.0179687Z   fetch-tags: false
2026-10-08T18:40:35.0180083Z   show-progress: true
2026-10-08T18:40:35.0180504Z   lfs: false
2026-10-08T18:40:35.0180890Z   submodules: false
2026-10-08T18:40:35.0181309Z   set-safe-directory: true
2026-10-08T18:40:35.0181781Z   allow-unsafe-pr-checkout: false
2026-10-08T18:40:35.0182564Z ##[endgroup]
2026-10-08T18:40:35.1750822Z Syncing repository: Jacob-Met/CaptureSuite
2026-10-08T18:40:35.1752570Z ##[group]Getting Git version info
2026-10-08T18:40:35.1753309Z Working directory is 'D:\a\CaptureSuite\CaptureSuite'
2026-10-08T18:40:35.2761157Z [command]"C:\Program Files\Git\bin\git.exe" version
2026-10-08T18:40:35.5943706Z git version 2.56.0.windows.1
2026-10-08T18:40:35.5988576Z ##[endgroup]
2026-10-08T18:40:35.6009357Z Temporarily overriding HOME='D:\a\_temp\5cbf3b83-fa66-4c93-a132-1f57853741d6' before making global git config changes
2026-10-08T18:40:35.6011786Z Adding repository directory to the temporary git global config as a safe directory
2026-10-08T18:40:35.6020962Z [command]"C:\Program Files\Git\bin\git.exe" config --global --add safe.directory D:\a\CaptureSuite\CaptureSuite
2026-10-08T18:40:35.6581623Z Deleting the contents of 'D:\a\CaptureSuite\CaptureSuite'
2026-10-08T18:40:35.6586879Z ##[group]Initializing the repository
2026-10-08T18:40:35.6596538Z [command]"C:\Program Files\Git\bin\git.exe" init D:\a\CaptureSuite\CaptureSuite
2026-10-08T18:40:35.7344780Z Initialized empty Git repository in D:/a/CaptureSuite/CaptureSuite/.git/
2026-10-08T18:40:35.7384514Z [command]"C:\Program Files\Git\bin\git.exe" remote add origin https://github.com/Jacob-Met/CaptureSuite
2026-10-08T18:40:35.7924100Z ##[endgroup]
2026-10-08T18:40:35.7925021Z ##[group]Disabling automatic garbage collection
2026-10-08T18:40:35.7933039Z [command]"C:\Program Files\Git\bin\git.exe" config --local gc.auto 0
2026-10-08T18:40:35.8237675Z ##[endgroup]
2026-10-08T18:40:35.8239068Z ##[group]Setting up auth
2026-10-08T18:40:35.8240921Z [command]"C:\Program Files\Git\bin\git.exe" config --local --name-only --get-regexp core\.sshCommand
2026-10-08T18:40:35.8563331Z [command]"C:\Program Files\Git\bin\git.exe" submodule foreach --recursive "sh -c \"git config --local --name-only --get-regexp 'core\.sshCommand' && git config --local --unset-all 'core.sshCommand' || :\""
2026-10-08T18:40:37.1235964Z [command]"C:\Program Files\Git\bin\git.exe" config --local --name-only --get-regexp http\.https\:\/\/github\.com\/\.extraheader
2026-10-08T18:40:37.1572282Z [command]"C:\Program Files\Git\bin\git.exe" submodule foreach --recursive "sh -c \"git config --local --name-only --get-regexp 'http\.https\:\/\/github\.com\/\.extraheader' && git config --local --unset-all 'http.https://github.com/.extraheader' || :\""
2026-10-08T18:40:37.6178432Z [command]"C:\Program Files\Git\bin\git.exe" config --local --name-only --get-regexp ^includeIf\.gitdir:
2026-10-08T18:40:37.6479486Z [command]"C:\Program Files\Git\bin\git.exe" submodule foreach --recursive "git config --local --show-origin --name-only --get-regexp remote.origin.url"
2026-10-08T18:40:38.1370401Z [command]"C:\Program Files\Git\bin\git.exe" config --local http.https://github.com/.extraheader "AUTHORIZATION: basic ***"
2026-10-08T18:40:38.1678327Z ##[endgroup]
2026-10-08T18:40:38.1678855Z ##[group]Fetching the repository
2026-10-08T18:40:38.1702033Z [command]"C:\Program Files\Git\bin\git.exe" -c protocol.version=2 fetch --no-tags --prune --no-recurse-submodules --depth=1 origin +f17f811366bc9915e0f001b42d9df86afc353213:refs/remotes/pull/71/merge
2026-10-08T18:40:39.5956910Z From https://github.com/Jacob-Met/CaptureSuite
2026-10-08T18:40:39.5957843Z  * [new ref]         f17f811366bc9915e0f001b42d9df86afc353213 -> pull/71/merge
2026-10-08T18:40:39.5990927Z ##[endgroup]
2026-10-08T18:40:39.5991619Z ##[group]Determining the checkout info
2026-10-08T18:40:39.5994112Z ##[endgroup]
2026-10-08T18:40:39.6003831Z [command]"C:\Program Files\Git\bin\git.exe" sparse-checkout disable
2026-10-08T18:40:39.6426741Z [command]"C:\Program Files\Git\bin\git.exe" config --local --unset-all extensions.worktreeConfig
2026-10-08T18:40:39.6727844Z ##[group]Checking out the ref
2026-10-08T18:40:39.6741753Z [command]"C:\Program Files\Git\bin\git.exe" checkout --progress --force refs/remotes/pull/71/merge
2026-10-08T18:40:39.9875541Z Note: switching to 'refs/remotes/pull/71/merge'.
2026-10-08T18:40:39.9876017Z 
2026-10-08T18:40:39.9876546Z You are in 'detached HEAD' state. You can look around, make experimental
2026-10-08T18:40:39.9957812Z changes and commit them, and you can discard any commits you make in this
2026-10-08T18:40:39.9958677Z state without impacting any branches by switching back to a branch.
2026-10-08T18:40:39.9959128Z 
2026-10-08T18:40:39.9959431Z If you want to create a new branch to retain commits you create, you may
2026-10-08T18:40:39.9960243Z do so (now or later) by using -c with the switch command. Example:
2026-10-08T18:40:39.9960705Z 
2026-10-08T18:40:39.9960915Z   git switch -c <new-branch-name>
2026-10-08T18:40:39.9961224Z 
2026-10-08T18:40:39.9961406Z Or undo this operation with:
2026-10-08T18:40:39.9962204Z 
2026-10-08T18:40:39.9962371Z   git switch -
2026-10-08T18:40:39.9962624Z 
2026-10-08T18:40:39.9963001Z Turn off this advice by setting config variable advice.detachedHead to false
2026-10-08T18:40:39.9964868Z 
2026-10-08T18:40:39.9966405Z HEAD is now at f17f811 Merge 8747cb95bfb2ac91aa4f1ff604ad677f3597fa12 into 11cc78297d8d214407aea693548af4de855d61da
2026-10-08T18:40:39.9968991Z ##[endgroup]
2026-10-08T18:40:40.0316882Z [command]"C:\Program Files\Git\bin\git.exe" log -1 --format=%H
2026-10-08T18:40:40.0637044Z f17f811366bc9915e0f001b42d9df86afc353213
2026-10-08T18:40:40.1172069Z ##[group]Run actions/setup-python@v5
2026-10-08T18:40:40.1172430Z with:
2026-10-08T18:40:40.1172617Z   python-version: 3.12
2026-10-08T18:40:40.1172848Z   check-latest: false
2026-10-08T18:40:40.1175267Z   token: ***
2026-10-08T18:40:40.1175476Z   update-environment: true
2026-10-08T18:40:40.1175706Z   allow-prereleases: false
2026-10-08T18:40:40.1175915Z   freethreaded: false
2026-10-08T18:40:40.1176104Z ##[endgroup]
2026-10-08T18:40:40.2713388Z ##[group]Installed versions
2026-10-08T18:40:40.2850497Z (node:4632) [DEP0040] DeprecationWarning: The `punycode` module is deprecated. Please use a userland alternative instead.
2026-10-08T18:40:40.2851900Z (Use `node --trace-deprecation ...` to show where the warning was created)
2026-10-08T18:40:40.2853585Z Successfully set up CPython (3.12.10)
2026-10-08T18:40:40.2854116Z ##[endgroup]
2026-10-08T18:40:40.3107788Z ##[group]Run python -m pip install -r requirements-ci.txt
2026-10-08T18:40:40.3108357Z [36;1mpython -m pip install -r requirements-ci.txt[0m
2026-10-08T18:40:40.3230261Z shell: C:\Program Files\PowerShell\7\pwsh.EXE -command ". '{0}'"
2026-10-08T18:40:40.3230648Z env:
2026-10-08T18:40:40.3230924Z   pythonLocation: C:\hostedtoolcache\windows\Python\3.12.10\x64
2026-10-08T18:40:40.3231433Z   PKG_CONFIG_PATH: C:\hostedtoolcache\windows\Python\3.12.10\x64/lib/pkgconfig
2026-10-08T18:40:40.3231918Z   Python_ROOT_DIR: C:\hostedtoolcache\windows\Python\3.12.10\x64
2026-10-08T18:40:40.3232348Z   Python2_ROOT_DIR: C:\hostedtoolcache\windows\Python\3.12.10\x64
2026-10-08T18:40:40.3232774Z   Python3_ROOT_DIR: C:\hostedtoolcache\windows\Python\3.12.10\x64
2026-10-08T18:40:40.3233135Z ##[endgroup]
2026-10-08T18:40:56.4165946Z Obtaining file:///D:/a/CaptureSuite/CaptureSuite/libs/python/capture_protocol (from -r requirements-ci.txt (line 3))
2026-10-08T18:40:56.4194170Z   Installing build dependencies: started
2026-10-08T18:41:00.0683694Z   Installing build dependencies: finished with status 'done'
2026-10-08T18:41:00.0698247Z   Checking if build backend supports build_editable: started
2026-10-08T18:41:00.7627972Z   Checking if build backend supports build_editable: finished with status 'done'
2026-10-08T18:41:00.7652922Z   Getting requirements to build editable: started
2026-10-08T18:41:01.3064449Z   Getting requirements to build editable: finished with status 'done'
2026-10-08T18:41:01.3093329Z   Preparing editable metadata (pyproject.toml): started
2026-10-08T18:41:01.6428236Z   Preparing editable metadata (pyproject.toml): finished with status 'done'
2026-10-08T18:41:01.6477362Z Obtaining file:///D:/a/CaptureSuite/CaptureSuite/libs/python/capture_session (from -r requirements-ci.txt (line 4))
2026-10-08T18:41:01.6506289Z   Installing build dependencies: started
2026-10-08T18:41:03.2585899Z   Installing build dependencies: finished with status 'done'
2026-10-08T18:41:03.2599995Z   Checking if build backend supports build_editable: started
2026-10-08T18:41:03.7581017Z   Checking if build backend supports build_editable: finished with status 'done'
2026-10-08T18:41:03.7605912Z   Getting requirements to build editable: started
2026-10-08T18:41:04.2805447Z   Getting requirements to build editable: finished with status 'done'
2026-10-08T18:41:04.2831922Z   Preparing editable metadata (pyproject.toml): started
2026-10-08T18:41:04.6101866Z   Preparing editable metadata (pyproject.toml): finished with status 'done'
2026-10-08T18:41:04.6147375Z Obtaining file:///D:/a/CaptureSuite/CaptureSuite/libs/python/capture_analysis
2026-10-08T18:41:04.6173106Z   Installing build dependencies: started
2026-10-08T18:41:06.2345459Z   Installing build dependencies: finished with status 'done'
2026-10-08T18:41:06.2360444Z   Checking if build backend supports build_editable: started
2026-10-08T18:41:06.7065896Z   Checking if build backend supports build_editable: finished with status 'done'
2026-10-08T18:41:06.7089054Z   Getting requirements to build editable: started
2026-10-08T18:41:07.2309309Z   Getting requirements to build editable: finished with status 'done'
2026-10-08T18:41:07.2335587Z   Preparing editable metadata (pyproject.toml): started
2026-10-08T18:41:07.5945575Z   Preparing editable metadata (pyproject.toml): finished with status 'done'
2026-10-08T18:41:07.5996969Z Obtaining file:///D:/a/CaptureSuite/CaptureSuite/libs/python/capture_worker (from -r requirements-ci.txt (line 6))
2026-10-08T18:41:07.6023906Z   Installing build dependencies: started
2026-10-08T18:41:09.2036418Z   Installing build dependencies: finished with status 'done'
2026-10-08T18:41:09.2052440Z   Checking if build backend supports build_editable: started
2026-10-08T18:41:09.6664125Z   Checking if build backend supports build_editable: finished with status 'done'
2026-10-08T18:41:09.6685749Z   Getting requirements to build editable: started
2026-10-08T18:41:10.2011142Z   Getting requirements to build editable: finished with status 'done'
2026-10-08T18:41:10.2035469Z   Preparing editable metadata (pyproject.toml): started
2026-10-08T18:41:10.5620796Z   Preparing editable metadata (pyproject.toml): finished with status 'done'
2026-10-08T18:41:10.5665139Z Obtaining file:///D:/a/CaptureSuite/CaptureSuite/desktop
2026-10-08T18:41:10.5691401Z   Installing build dependencies: started
2026-10-08T18:41:12.2742931Z   Installing build dependencies: finished with status 'done'
2026-10-08T18:41:12.2758238Z   Checking if build backend supports build_editable: started
2026-10-08T18:41:12.7398446Z   Checking if build backend supports build_editable: finished with status 'done'
2026-10-08T18:41:12.7424841Z   Getting requirements to build editable: started
2026-10-08T18:41:13.5350306Z   Getting requirements to build editable: finished with status 'done'
2026-10-08T18:41:13.5378536Z   Preparing editable metadata (pyproject.toml): started
2026-10-08T18:41:13.8964497Z   Preparing editable metadata (pyproject.toml): finished with status 'done'
2026-10-08T18:41:14.7167674Z Collecting grpcio-tools<1.63,>=1.62 (from -r requirements-ci.txt (line 8))
2026-10-08T18:41:14.8987090Z   Downloading grpcio_tools-1.62.3-cp312-cp312-win_amd64.whl.metadata (6.4 kB)
2026-10-08T18:41:14.9518413Z Collecting mcap<2,>=1.1 (from -r requirements-ci.txt (line 9))
2026-10-08T18:41:14.9636160Z   Downloading mcap-1.5.0-py3-none-any.whl.metadata (380 bytes)
2026-10-08T18:41:15.0256311Z Collecting pytest>=8 (from -r requirements-ci.txt (line 10))
2026-10-08T18:41:15.0375671Z   Downloading pytest-9.1.1-py3-none-any.whl.metadata (7.6 kB)
2026-10-08T18:41:15.1061704Z Collecting pytest-cov>=5 (from -r requirements-ci.txt (line 11))
2026-10-08T18:41:15.1188119Z   Downloading pytest_cov-7.1.0-py3-none-any.whl.metadata (32 kB)
2026-10-08T18:41:15.5400825Z Collecting ruff<1,>=0.6 (from -r requirements-ci.txt (line 12))
2026-10-08T18:41:15.5527700Z   Downloading ruff-0.16.10-py3-none-win_amd64.whl.metadata (21 kB)
2026-10-08T18:41:15.7503008Z Collecting protobuf<5,>=4.25 (from capture-protocol==0.1.0->-r requirements-ci.txt (line 3))
2026-10-08T18:41:15.7635679Z   Downloading protobuf-4.25.9-cp310-abi3-win_amd64.whl.metadata (541 bytes)
2026-10-08T18:41:15.8228061Z Collecting jsonschema>=4.21 (from capture-session==0.1.0->-r requirements-ci.txt (line 4))
2026-10-08T18:41:15.8409076Z   Downloading jsonschema-4.26.0-py3-none-any.whl.metadata (7.6 kB)
2026-10-08T18:41:15.9466788Z Collecting pyyaml>=6.0 (from capture-analysis==0.1.0)
2026-10-08T18:41:15.9592614Z   Downloading pyyaml-6.0.3-cp312-cp312-win_amd64.whl.metadata (2.4 kB)
2026-10-08T18:41:16.0301482Z Collecting PySide6<7,>=6.6 (from capture-desktop==0.1.0)
2026-10-08T18:41:16.0465205Z   Downloading pyside6-6.12.0-cp310-abi3-win_amd64.whl.metadata (5.7 kB)
2026-10-08T18:41:16.3177313Z Collecting numpy>=1.26 (from capture-analysis==0.1.0)
2026-10-08T18:41:16.3338271Z   Downloading numpy-2.5.3-cp312-cp312-win_amd64.whl.metadata (6.6 kB)
2026-10-08T18:41:16.5271081Z Collecting scipy>=1.11 (from capture-analysis==0.1.0)
2026-10-08T18:41:16.5437609Z   Downloading scipy-1.18.1-cp312-cp312-win_amd64.whl.metadata (61 kB)
2026-10-08T18:41:16.7633887Z Collecting pandas>=2.1 (from capture-analysis==0.1.0)
2026-10-08T18:41:16.7774458Z   Downloading pandas-3.0.6-cp312-cp312-win_amd64.whl.metadata (19 kB)
2026-10-08T18:41:16.9172160Z Collecting pyarrow>=14.0 (from capture-analysis==0.1.0)
2026-10-08T18:41:16.9365664Z   Downloading pyarrow-25.0.1-cp312-cp312-win_amd64.whl.metadata (3.0 kB)
2026-10-08T18:41:17.1367714Z Collecting matplotlib>=3.8 (from capture-analysis==0.1.0)
2026-10-08T18:41:17.1527037Z   Downloading matplotlib-3.11.2-cp312-cp312-win_amd64.whl.metadata (80 kB)
2026-10-08T18:41:17.2405644Z Collecting pyqtgraph>=0.13 (from capture-desktop==0.1.0)
2026-10-08T18:41:17.2756058Z   Downloading pyqtgraph-0.14.0-py3-none-any.whl.metadata (1.5 kB)
2026-10-08T18:41:17.8959580Z Collecting grpcio>=1.62.3 (from grpcio-tools<1.63,>=1.62->-r requirements-ci.txt (line 8))
2026-10-08T18:41:17.9119999Z   Downloading grpcio-1.84.0-cp312-cp312-win_amd64.whl.metadata (3.9 kB)
2026-10-08T18:41:18.0234920Z Collecting setuptools (from grpcio-tools<1.63,>=1.62->-r requirements-ci.txt (line 8))
2026-10-08T18:41:18.0261493Z   Using cached setuptools-84.0.0-py3-none-any.whl.metadata (6.6 kB)
2026-10-08T18:41:18.1263817Z Collecting lz4 (from mcap<2,>=1.1->-r requirements-ci.txt (line 9))
2026-10-08T18:41:18.1399974Z   Downloading lz4-4.4.5-cp312-cp312-win_amd64.whl.metadata (3.9 kB)
2026-10-08T18:41:18.2610479Z Collecting zstandard (from mcap<2,>=1.1->-r requirements-ci.txt (line 9))
2026-10-08T18:41:18.2775420Z   Downloading zstandard-0.25.0-cp312-cp312-win_amd64.whl.metadata (3.3 kB)
2026-10-08T18:41:18.3353196Z Collecting PySide6_Essentials==6.12.0 (from PySide6<7,>=6.6->capture-desktop==0.1.0)
2026-10-08T18:41:18.3477845Z   Downloading pyside6_essentials-6.12.0-cp310-abi3-win_amd64.whl.metadata (3.9 kB)
2026-10-08T18:41:18.4066847Z Collecting PySide6_Addons==6.12.0 (from PySide6<7,>=6.6->capture-desktop==0.1.0)
2026-10-08T18:41:18.4199663Z   Downloading pyside6_addons-6.12.0-cp310-abi3-win_amd64.whl.metadata (4.4 kB)
2026-10-08T18:41:18.4748861Z Collecting PySide6_WebEngine==6.12.0.140 (from PySide6<7,>=6.6->capture-desktop==0.1.0)
2026-10-08T18:41:18.4867270Z   Downloading pyside6_webengine-6.12.0.140-cp310-abi3-win_amd64.whl.metadata (3.7 kB)
2026-10-08T18:41:18.5354195Z Collecting PySide6_Pdf==6.12.0.140 (from PySide6<7,>=6.6->capture-desktop==0.1.0)
2026-10-08T18:41:18.5477557Z   Downloading pyside6_pdf-6.12.0.140-cp310-abi3-win_amd64.whl.metadata (3.6 kB)
2026-10-08T18:41:18.6070730Z Collecting shiboken6==6.12.0 (from PySide6_Essentials==6.12.0->PySide6<7,>=6.6->capture-desktop==0.1.0)
2026-10-08T18:41:18.6195997Z   Downloading shiboken6-6.12.0-cp310-abi3-win_amd64.whl.metadata (2.6 kB)
2026-10-08T18:41:18.6727616Z Requirement already satisfied: colorama>=0.4 in C:\hostedtoolcache\windows\Python\3.12.10\x64\Lib\site-packages (from pytest>=8->-r requirements-ci.txt (line 10)) (0.4.6)
2026-10-08T18:41:18.7035085Z Collecting iniconfig>=1.0.1 (from pytest>=8->-r requirements-ci.txt (line 10))
2026-10-08T18:41:18.7156660Z   Downloading iniconfig-2.3.1-py3-none-any.whl.metadata (2.8 kB)
2026-10-08T18:41:18.7332134Z Requirement already satisfied: packaging>=22 in C:\hostedtoolcache\windows\Python\3.12.10\x64\Lib\site-packages (from pytest>=8->-r requirements-ci.txt (line 10)) (26.3)
2026-10-08T18:41:18.7668902Z Collecting pluggy<2,>=1.5 (from pytest>=8->-r requirements-ci.txt (line 10))
2026-10-08T18:41:18.7790363Z   Downloading pluggy-1.6.0-py3-none-any.whl.metadata (4.8 kB)
2026-10-08T18:41:18.8406979Z Collecting pygments>=2.7.2 (from pytest>=8->-r requirements-ci.txt (line 10))
2026-10-08T18:41:18.8527872Z   Downloading pygments-2.21.0-py3-none-any.whl.metadata (2.5 kB)
2026-10-08T18:41:19.3808711Z Collecting coverage>=7.10.6 (from coverage[toml]>=7.10.6->pytest-cov>=5->-r requirements-ci.txt (line 11))
2026-10-08T18:41:19.3931918Z   Downloading coverage-7.16.2-cp312-cp312-win_amd64.whl.metadata (8.4 kB)
2026-10-08T18:41:19.4542641Z Collecting typing-extensions~=4.12 (from grpcio>=1.62.3->grpcio-tools<1.63,>=1.62->-r requirements-ci.txt (line 8))
2026-10-08T18:41:19.4666239Z   Downloading typing_extensions-4.16.0-py3-none-any.whl.metadata (3.3 kB)
2026-10-08T18:41:19.5216272Z Collecting attrs>=22.2.0 (from jsonschema>=4.21->capture-session==0.1.0->-r requirements-ci.txt (line 4))
2026-10-08T18:41:19.5349099Z   Downloading attrs-26.1.0-py3-none-any.whl.metadata (8.8 kB)
2026-10-08T18:41:19.5927906Z Collecting jsonschema-specifications>=2023.03.6 (from jsonschema>=4.21->capture-session==0.1.0->-r requirements-ci.txt (line 4))
2026-10-08T18:41:19.6052104Z   Downloading jsonschema_specifications-2025.9.1-py3-none-any.whl.metadata (2.9 kB)
2026-10-08T18:41:19.6628479Z Collecting referencing>=0.28.4 (from jsonschema>=4.21->capture-session==0.1.0->-r requirements-ci.txt (line 4))
2026-10-08T18:41:19.6752975Z   Downloading referencing-0.37.0-py3-none-any.whl.metadata (2.8 kB)
2026-10-08T18:41:19.9948950Z Collecting rpds-py>=0.25.0 (from jsonschema>=4.21->capture-session==0.1.0->-r requirements-ci.txt (line 4))
2026-10-08T18:41:20.0067138Z   Downloading rpds_py-2026.9.1-cp312-cp312-win_amd64.whl.metadata (4.2 kB)
2026-10-08T18:41:20.1831104Z Collecting contourpy>=1.0.1 (from matplotlib>=3.8->capture-analysis==0.1.0)
2026-10-08T18:41:20.1953498Z   Downloading contourpy-1.4.0-cp312-cp312-win_amd64.whl.metadata (3.8 kB)
2026-10-08T18:41:20.2452934Z Collecting cycler>=0.10 (from matplotlib>=3.8->capture-analysis==0.1.0)
2026-10-08T18:41:20.2587726Z   Downloading cycler-0.12.1-py3-none-any.whl.metadata (3.8 kB)
2026-10-08T18:41:20.4582738Z Collecting fonttools>=4.28.2 (from matplotlib>=3.8->capture-analysis==0.1.0)
2026-10-08T18:41:20.4719067Z   Downloading fonttools-4.66.1-cp312-cp312-win_amd64.whl.metadata (132 kB)
2026-10-08T18:41:20.5966935Z Collecting kiwisolver>=1.3.1 (from matplotlib>=3.8->capture-analysis==0.1.0)
2026-10-08T18:41:20.6090476Z   Downloading kiwisolver-1.5.1-cp312-cp312-win_amd64.whl.metadata (5.2 kB)
2026-10-08T18:41:20.8656530Z Collecting pillow>=9 (from matplotlib>=3.8->capture-analysis==0.1.0)
2026-10-08T18:41:20.8776822Z   Downloading pillow-12.3.0-cp312-cp312-win_amd64.whl.metadata (9.3 kB)
2026-10-08T18:41:20.9400165Z Collecting pyparsing>=3 (from matplotlib>=3.8->capture-analysis==0.1.0)
2026-10-08T18:41:20.9531862Z   Downloading pyparsing-3.3.3-py3-none-any.whl.metadata (5.9 kB)
2026-10-08T18:41:21.0102813Z Collecting python-dateutil>=2.7 (from matplotlib>=3.8->capture-analysis==0.1.0)
2026-10-08T18:41:21.0220681Z   Downloading python_dateutil-2.9.0.post0-py2.py3-none-any.whl.metadata (8.4 kB)
2026-10-08T18:41:21.0802650Z Collecting tzdata (from pandas>=2.1->capture-analysis==0.1.0)
2026-10-08T18:41:21.0921538Z   Downloading tzdata-2026.5-py2.py3-none-any.whl.metadata (1.4 kB)
2026-10-08T18:41:21.1457125Z Collecting six>=1.5 (from python-dateutil>=2.7->matplotlib>=3.8->capture-analysis==0.1.0)
2026-10-08T18:41:21.1573016Z   Downloading six-1.17.0-py2.py3-none-any.whl.metadata (1.7 kB)
2026-10-08T18:41:21.1981067Z Downloading grpcio_tools-1.62.3-cp312-cp312-win_amd64.whl (1.1 MB)
2026-10-08T18:41:21.2389847Z    ---------------------------------------- 1.1/1.1 MB 25.5 MB/s  0:00:00
2026-10-08T18:41:21.2503688Z Downloading mcap-1.5.0-py3-none-any.whl (21 kB)
2026-10-08T18:41:21.2791947Z Downloading ruff-0.16.10-py3-none-win_amd64.whl (10.6 MB)
2026-10-08T18:41:21.3826807Z    ---------------------------------------- 10.6/10.6 MB 109.8 MB/s  0:00:00
2026-10-08T18:41:21.3953816Z Downloading protobuf-4.25.9-cp310-abi3-win_amd64.whl (413 kB)
2026-10-08T18:41:21.4468297Z Downloading pyside6-6.12.0-cp310-abi3-win_amd64.whl (578 kB)
2026-10-08T18:41:21.4648202Z    ---------------------------------------- 579.0/579.0 kB 19.8 MB/s  0:00:00
2026-10-08T18:41:21.4766575Z Downloading pyside6_addons-6.12.0-cp310-abi3-win_amd64.whl (40.5 MB)
2026-10-08T18:41:21.9336082Z    ---------------------------------------- 40.5/40.5 MB 88.7 MB/s  0:00:00
2026-10-08T18:41:21.9454527Z Downloading pyside6_essentials-6.12.0-cp310-abi3-win_amd64.whl (82.2 MB)
2026-10-08T18:41:23.0583014Z    ---------------------------------------- 82.2/82.2 MB 73.8 MB/s  0:00:01
2026-10-08T18:41:23.0694532Z Downloading pyside6_pdf-6.12.0.140-cp310-abi3-win_amd64.whl (3.0 MB)
2026-10-08T18:41:23.1092395Z    ---------------------------------------- 3.0/3.0 MB 87.8 MB/s  0:00:00
2026-10-08T18:41:23.1241673Z Downloading pyside6_webengine-6.12.0.140-cp310-abi3-win_amd64.whl (131.7 MB)
2026-10-08T18:41:25.0396200Z    ---------------------------------------- 131.7/131.7 MB 69.0 MB/s  0:00:01
2026-10-08T18:41:25.0513385Z Downloading shiboken6-6.12.0-cp310-abi3-win_amd64.whl (1.3 MB)
2026-10-08T18:41:25.0764285Z    ---------------------------------------- 1.3/1.3 MB 66.9 MB/s  0:00:00
2026-10-08T18:41:25.0879655Z Downloading pytest-9.1.1-py3-none-any.whl (386 kB)
2026-10-08T18:41:25.1168090Z Downloading pluggy-1.6.0-py3-none-any.whl (20 kB)
2026-10-08T18:41:25.1446275Z Downloading pytest_cov-7.1.0-py3-none-any.whl (22 kB)
2026-10-08T18:41:25.1717120Z Downloading coverage-7.16.2-cp312-cp312-win_amd64.whl (226 kB)
2026-10-08T18:41:25.1998346Z Downloading grpcio-1.84.0-cp312-cp312-win_amd64.whl (5.3 MB)
2026-10-08T18:41:25.2460102Z    ---------------------------------------- 5.3/5.3 MB 106.2 MB/s  0:00:00
2026-10-08T18:41:25.2572528Z Downloading typing_extensions-4.16.0-py3-none-any.whl (45 kB)
2026-10-08T18:41:25.2842156Z Downloading iniconfig-2.3.1-py3-none-any.whl (7.6 kB)
2026-10-08T18:41:25.3093727Z Downloading jsonschema-4.26.0-py3-none-any.whl (90 kB)
2026-10-08T18:41:25.3407369Z Downloading attrs-26.1.0-py3-none-any.whl (67 kB)
2026-10-08T18:41:25.3660356Z Downloading jsonschema_specifications-2025.9.1-py3-none-any.whl (18 kB)
2026-10-08T18:41:25.3919731Z Downloading matplotlib-3.11.2-cp312-cp312-win_amd64.whl (9.3 MB)
2026-10-08T18:41:25.4640057Z    ---------------------------------------- 9.3/9.3 MB 144.2 MB/s  0:00:00
2026-10-08T18:41:25.4757196Z Downloading contourpy-1.4.0-cp312-cp312-win_amd64.whl (234 kB)
2026-10-08T18:41:25.5141811Z Downloading cycler-0.12.1-py3-none-any.whl (8.3 kB)
2026-10-08T18:41:25.6018318Z Downloading fonttools-4.66.1-cp312-cp312-win_amd64.whl (2.5 MB)
2026-10-08T18:41:25.6540408Z    ---------------------------------------- 2.5/2.5 MB 35.3 MB/s  0:00:00
2026-10-08T18:41:25.6657973Z Downloading kiwisolver-1.5.1-cp312-cp312-win_amd64.whl (70 kB)
2026-10-08T18:41:25.7074505Z Downloading numpy-2.5.3-cp312-cp312-win_amd64.whl (12.6 MB)
2026-10-08T18:41:25.7978235Z    ---------------------------------------- 12.6/12.6 MB 130.9 MB/s  0:00:00
2026-10-08T18:41:25.8102561Z Downloading pandas-3.0.6-cp312-cp312-win_amd64.whl (9.7 MB)
2026-10-08T18:41:25.8900241Z    ---------------------------------------- 9.7/9.7 MB 120.5 MB/s  0:00:00
2026-10-08T18:41:25.9014863Z Downloading pillow-12.3.0-cp312-cp312-win_amd64.whl (7.2 MB)
2026-10-08T18:41:25.9649733Z    ---------------------------------------- 7.2/7.2 MB 148.2 MB/s  0:00:00
2026-10-08T18:41:25.9850009Z Downloading pyarrow-25.0.1-cp312-cp312-win_amd64.whl (28.0 MB)
2026-10-08T18:41:26.2872460Z    ---------------------------------------- 28.0/28.0 MB 93.2 MB/s  0:00:00
2026-10-08T18:41:26.2996494Z Downloading pygments-2.21.0-py3-none-any.whl (1.3 MB)
2026-10-08T18:41:26.3361670Z    ---------------------------------------- 1.3/1.3 MB 31.9 MB/s  0:00:00
2026-10-08T18:41:26.3478751Z Downloading pyparsing-3.3.3-py3-none-any.whl (126 kB)
2026-10-08T18:41:26.3889803Z Downloading pyqtgraph-0.14.0-py3-none-any.whl (1.9 MB)
2026-10-08T18:41:26.4242121Z    ---------------------------------------- 1.9/1.9 MB 52.0 MB/s  0:00:00
2026-10-08T18:41:26.4392354Z Downloading python_dateutil-2.9.0.post0-py2.py3-none-any.whl (229 kB)
2026-10-08T18:41:26.4762736Z Downloading pyyaml-6.0.3-cp312-cp312-win_amd64.whl (154 kB)
2026-10-08T18:41:26.5056038Z Downloading referencing-0.37.0-py3-none-any.whl (26 kB)
2026-10-08T18:41:26.5379101Z Downloading rpds_py-2026.9.1-cp312-cp312-win_amd64.whl (222 kB)
2026-10-08T18:41:26.5802614Z Downloading scipy-1.18.1-cp312-cp312-win_amd64.whl (36.7 MB)
2026-10-08T18:41:27.3019438Z    ---------------------------------------- 36.7/36.7 MB 50.6 MB/s  0:00:00
2026-10-08T18:41:27.3137858Z Downloading six-1.17.0-py2.py3-none-any.whl (11 kB)
2026-10-08T18:41:27.3568281Z Downloading lz4-4.4.5-cp312-cp312-win_amd64.whl (99 kB)
2026-10-08T18:41:27.3847170Z Using cached setuptools-84.0.0-py3-none-any.whl (818 kB)
2026-10-08T18:41:27.3979288Z Downloading tzdata-2026.5-py2.py3-none-any.whl (347 kB)
2026-10-08T18:41:27.4254492Z Downloading zstandard-0.25.0-cp312-cp312-win_amd64.whl (506 kB)
2026-10-08T18:41:28.0446557Z Building wheels for collected packages: capture-protocol, capture-session, capture-analysis, capture-worker, capture-desktop
2026-10-08T18:41:28.8523354Z   Building editable for capture-protocol (pyproject.toml): started
2026-10-08T18:41:29.2291562Z   Building editable for capture-protocol (pyproject.toml): finished with status 'done'
2026-10-08T18:41:29.2325428Z   Created wheel for capture-protocol: filename=capture_protocol-0.1.0-0.editable-py3-none-any.whl size=7398 sha256=74f5b123ef63870573d62852846385634c0781501bfa160498cc831e7e06118e
2026-10-08T18:41:29.2327704Z   Stored in directory: C:\Users\runneradmin\AppData\Local\Temp\pip-ephem-wheel-cache-iy411gcj\wheels\be\38\74\adf0f9a8f0ba8d26599b299cff33b892a58ed35959c9e09acd
2026-10-08T18:41:29.2373038Z   Building editable for capture-session (pyproject.toml): started
2026-10-08T18:41:29.5764249Z   Building editable for capture-session (pyproject.toml): finished with status 'done'
2026-10-08T18:41:29.5799512Z   Created wheel for capture-session: filename=capture_session-0.1.0-0.editable-py3-none-any.whl size=2863 sha256=ede2369ea7e581a7a326e3c2b5819c81737343f8fc6b0b2b17c0ac75c3e4f023
2026-10-08T18:41:29.5801662Z   Stored in directory: C:\Users\runneradmin\AppData\Local\Temp\pip-ephem-wheel-cache-iy411gcj\wheels\49\8f\6e\163bd066522d89fdd0906cf22a1687ebc628821c7980903be9
2026-10-08T18:41:29.5845189Z   Building editable for capture-analysis (pyproject.toml): started
2026-10-08T18:41:29.9604535Z   Building editable for capture-analysis (pyproject.toml): finished with status 'done'
2026-10-08T18:41:29.9635479Z   Created wheel for capture-analysis: filename=capture_analysis-0.1.0-0.editable-py3-none-any.whl size=3050 sha256=02382b2a15b5123617c2e39a3087a08c1a28ad8e86e893857425a83d46bb6259
2026-10-08T18:41:29.9637618Z   Stored in directory: C:\Users\runneradmin\AppData\Local\Temp\pip-ephem-wheel-cache-iy411gcj\wheels\f4\d1\58\14e4976a0c15c2c470fc12f9a2873cc8c4bc7bd989766b97b4
2026-10-08T18:41:29.9681668Z   Building editable for capture-worker (pyproject.toml): started
2026-10-08T18:41:30.3359203Z   Building editable for capture-worker (pyproject.toml): finished with status 'done'
2026-10-08T18:41:30.3394224Z   Created wheel for capture-worker: filename=capture_worker-0.1.0-0.editable-py3-none-any.whl size=7659 sha256=e32d1edd9be4ed3f4ea6b49fa5ea82c2eb27175ba76bcf2d5f853aa465060882
2026-10-08T18:41:30.3396093Z   Stored in directory: C:\Users\runneradmin\AppData\Local\Temp\pip-ephem-wheel-cache-iy411gcj\wheels\91\10\bd\b56fd1c22822b4cd753ca217f259119db33a4fa54b26c297ee
2026-10-08T18:41:30.3441100Z   Building editable for capture-desktop (pyproject.toml): started
2026-10-08T18:41:30.7048024Z   Building editable for capture-desktop (pyproject.toml): finished with status 'done'
2026-10-08T18:41:30.7083864Z   Created wheel for capture-desktop: filename=capture_desktop-0.1.0-0.editable-py3-none-any.whl size=3184 sha256=684a9220c5dfcbc09d69964340ab998956b37443c65d9d9e117389ccbfe6757a
2026-10-08T18:41:30.7085737Z   Stored in directory: C:\Users\runneradmin\AppData\Local\Temp\pip-ephem-wheel-cache-iy411gcj\wheels\04\f4\80\083223dba330947d948f2d768e3de9f1e54ae638d0a391d614
2026-10-08T18:41:30.7111020Z Successfully built capture-protocol capture-session capture-analysis capture-worker capture-desktop
2026-10-08T18:41:30.8854495Z Installing collected packages: zstandard, tzdata, typing-extensions, six, shiboken6, setuptools, ruff, rpds-py, pyyaml, pyparsing, pygments, pyarrow, protobuf, pluggy, pillow, numpy, lz4, kiwisolver, iniconfig, fonttools, cycler, coverage, attrs, scipy, referencing, python-dateutil, pytest, PySide6_Essentials, pyqtgraph, mcap, grpcio, contourpy, capture-protocol, pytest-cov, PySide6_Pdf, PySide6_Addons, pandas, matplotlib, jsonschema-specifications, grpcio-tools, capture-worker, PySide6_WebEngine, jsonschema, PySide6, capture-session, capture-desktop, capture-analysis
2026-10-08T18:42:22.6046310Z 
2026-10-08T18:42:22.6100190Z Successfully installed PySide6-6.12.0 PySide6_Addons-6.12.0 PySide6_Essentials-6.12.0 PySide6_Pdf-6.12.0.140 PySide6_WebEngine-6.12.0.140 attrs-26.1.0 capture-analysis-0.1.0 capture-desktop-0.1.0 capture-protocol-0.1.0 capture-session-0.1.0 capture-worker-0.1.0 contourpy-1.4.0 coverage-7.16.2 cycler-0.12.1 fonttools-4.66.1 grpcio-1.84.0 grpcio-tools-1.62.3 iniconfig-2.3.1 jsonschema-4.26.0 jsonschema-specifications-2025.9.1 kiwisolver-1.5.1 lz4-4.4.5 matplotlib-3.11.2 mcap-1.5.0 numpy-2.5.3 pandas-3.0.6 pillow-12.3.0 pluggy-1.6.0 protobuf-4.25.9 pyarrow-25.0.1 pygments-2.21.0 pyparsing-3.3.3 pyqtgraph-0.14.0 pytest-9.1.1 pytest-cov-7.1.0 python-dateutil-2.9.0.post0 pyyaml-6.0.3 referencing-0.37.0 rpds-py-2026.9.1 ruff-0.16.10 scipy-1.18.1 setuptools-84.0.0 shiboken6-6.12.0 six-1.17.0 typing-extensions-4.16.0 tzdata-2026.5 zstandard-0.25.0
2026-10-08T18:42:23.4091185Z ##[group]Run python -m pip check
2026-10-08T18:42:23.4091545Z [36;1mpython -m pip check[0m
2026-10-08T18:42:23.4135227Z shell: C:\Program Files\PowerShell\7\pwsh.EXE -command ". '{0}'"
2026-10-08T18:42:23.4135577Z env:
2026-10-08T18:42:23.4135862Z   pythonLocation: C:\hostedtoolcache\windows\Python\3.12.10\x64
2026-10-08T18:42:23.4136339Z   PKG_CONFIG_PATH: C:\hostedtoolcache\windows\Python\3.12.10\x64/lib/pkgconfig
2026-10-08T18:42:23.4136804Z   Python_ROOT_DIR: C:\hostedtoolcache\windows\Python\3.12.10\x64
2026-10-08T18:42:23.4137208Z   Python2_ROOT_DIR: C:\hostedtoolcache\windows\Python\3.12.10\x64
2026-10-08T18:42:23.4137601Z   Python3_ROOT_DIR: C:\hostedtoolcache\windows\Python\3.12.10\x64
2026-10-08T18:42:23.4137915Z ##[endgroup]
2026-10-08T18:42:24.1892770Z No broken requirements found.
2026-10-08T18:42:24.3593416Z ##[group]Run python tools/check_ci_contract.py --check-environment
2026-10-08T18:42:24.3593958Z [36;1mpython tools/check_ci_contract.py --check-environment[0m
2026-10-08T18:42:24.3634266Z shell: C:\Program Files\PowerShell\7\pwsh.EXE -command ". '{0}'"
2026-10-08T18:42:24.3634607Z env:
2026-10-08T18:42:24.3634872Z   pythonLocation: C:\hostedtoolcache\windows\Python\3.12.10\x64
2026-10-08T18:42:24.3635361Z   PKG_CONFIG_PATH: C:\hostedtoolcache\windows\Python\3.12.10\x64/lib/pkgconfig
2026-10-08T18:42:24.3635816Z   Python_ROOT_DIR: C:\hostedtoolcache\windows\Python\3.12.10\x64
2026-10-08T18:42:24.3636229Z   Python2_ROOT_DIR: C:\hostedtoolcache\windows\Python\3.12.10\x64
2026-10-08T18:42:24.3636614Z   Python3_ROOT_DIR: C:\hostedtoolcache\windows\Python\3.12.10\x64
2026-10-08T18:42:24.3636933Z ##[endgroup]
2026-10-08T18:42:30.7534155Z Matplotlib is building the font cache; this may take a moment.
2026-10-08T18:42:46.3844915Z {
2026-10-08T18:42:46.3846145Z   "accepted": true,
2026-10-08T18:42:46.3846491Z   "errors": []
2026-10-08T18:42:46.3846783Z }
2026-10-08T18:42:46.7136620Z ##[group]Run python tools/gen_protos.py
2026-10-08T18:42:46.7137001Z [36;1mpython tools/gen_protos.py[0m
2026-10-08T18:42:46.7177615Z shell: C:\Program Files\PowerShell\7\pwsh.EXE -command ". '{0}'"
2026-10-08T18:42:46.7177967Z env:
2026-10-08T18:42:46.7178241Z   pythonLocation: C:\hostedtoolcache\windows\Python\3.12.10\x64
2026-10-08T18:42:46.7178704Z   PKG_CONFIG_PATH: C:\hostedtoolcache\windows\Python\3.12.10\x64/lib/pkgconfig
2026-10-08T18:42:46.7179150Z   Python_ROOT_DIR: C:\hostedtoolcache\windows\Python\3.12.10\x64
2026-10-08T18:42:46.7180337Z   Python2_ROOT_DIR: C:\hostedtoolcache\windows\Python\3.12.10\x64
2026-10-08T18:42:46.7180731Z   Python3_ROOT_DIR: C:\hostedtoolcache\windows\Python\3.12.10\x64
2026-10-08T18:42:46.7181051Z ##[endgroup]
2026-10-08T18:42:47.1923842Z Running: C:\hostedtoolcache\windows\Python\3.12.10\x64\python.exe -m grpc_tools.protoc --proto_path=D:\a\CaptureSuite\CaptureSuite\schemas\proto --python_out=D:\a\CaptureSuite\CaptureSuite\libs\python\capture_protocol\capture_protocol\generated --descriptor_set_out=D:\a\CaptureSuite\CaptureSuite\build\generated\capture_v1.desc --include_imports --proto_path=C:\hostedtoolcache\windows\Python\3.12.10\x64\Lib\site-packages\grpc_tools\_proto capture/v1/arrays.proto capture/v1/common.proto capture/v1/control.proto capture/v1/data/emg_batch.proto capture/v1/data/imu_frame.proto capture/v1/data/numeric_batch.proto capture/v1/data/radar_doppler.proto capture/v1/data/radar_frame.proto capture/v1/data/video_timing.proto capture/v1/events.proto capture/v1/health.proto capture/v1/presets.proto capture/v1/preview.proto capture/v1/project.proto capture/v1/source.proto capture/v1/storage.proto capture/v1/worker.proto
2026-10-08T18:42:47.1929086Z Wrote Python bindings under D:\a\CaptureSuite\CaptureSuite\libs\python\capture_protocol\capture_protocol\generated
2026-10-08T18:42:47.1929900Z Wrote descriptor set D:\a\CaptureSuite\CaptureSuite\build\generated\capture_v1.desc
2026-10-08T18:42:47.3288881Z ##[group]Run git diff --exit-code -- libs/python/capture_protocol/capture_protocol/generated
2026-10-08T18:42:47.3289592Z [36;1mgit diff --exit-code -- libs/python/capture_protocol/capture_protocol/generated[0m
2026-10-08T18:42:47.3332148Z shell: C:\Program Files\PowerShell\7\pwsh.EXE -command ". '{0}'"
2026-10-08T18:42:47.3332753Z env:
2026-10-08T18:42:47.3333194Z   pythonLocation: C:\hostedtoolcache\windows\Python\3.12.10\x64
2026-10-08T18:42:47.3334019Z   PKG_CONFIG_PATH: C:\hostedtoolcache\windows\Python\3.12.10\x64/lib/pkgconfig
2026-10-08T18:42:47.3334851Z   Python_ROOT_DIR: C:\hostedtoolcache\windows\Python\3.12.10\x64
2026-10-08T18:42:47.3335577Z   Python2_ROOT_DIR: C:\hostedtoolcache\windows\Python\3.12.10\x64
2026-10-08T18:42:47.3336280Z   Python3_ROOT_DIR: C:\hostedtoolcache\windows\Python\3.12.10\x64
2026-10-08T18:42:47.3336851Z ##[endgroup]
2026-10-08T18:42:47.8426426Z ##[group]Run python tools/gen_session_schemas.py
2026-10-08T18:42:47.8426870Z [36;1mpython tools/gen_session_schemas.py[0m
2026-10-08T18:42:47.8474326Z shell: C:\Program Files\PowerShell\7\pwsh.EXE -command ". '{0}'"
2026-10-08T18:42:47.8474678Z env:
2026-10-08T18:42:47.8474939Z   pythonLocation: C:\hostedtoolcache\windows\Python\3.12.10\x64
2026-10-08T18:42:47.8475394Z   PKG_CONFIG_PATH: C:\hostedtoolcache\windows\Python\3.12.10\x64/lib/pkgconfig
2026-10-08T18:42:47.8476016Z   Python_ROOT_DIR: C:\hostedtoolcache\windows\Python\3.12.10\x64
2026-10-08T18:42:47.8476691Z   Python2_ROOT_DIR: C:\hostedtoolcache\windows\Python\3.12.10\x64
2026-10-08T18:42:47.8477394Z   Python3_ROOT_DIR: C:\hostedtoolcache\windows\Python\3.12.10\x64
2026-10-08T18:42:47.8477829Z ##[endgroup]
2026-10-08T18:42:48.1900550Z Wrote 19 schemas to D:\a\CaptureSuite\CaptureSuite\schemas\session\jsonschema
2026-10-08T18:42:48.3039387Z ##[group]Run git diff --exit-code -- schemas/session/jsonschema
2026-10-08T18:42:48.3039918Z [36;1mgit diff --exit-code -- schemas/session/jsonschema[0m
2026-10-08T18:42:48.3083537Z shell: C:\Program Files\PowerShell\7\pwsh.EXE -command ". '{0}'"
2026-10-08T18:42:48.3083893Z env:
2026-10-08T18:42:48.3084156Z   pythonLocation: C:\hostedtoolcache\windows\Python\3.12.10\x64
2026-10-08T18:42:48.3084615Z   PKG_CONFIG_PATH: C:\hostedtoolcache\windows\Python\3.12.10\x64/lib/pkgconfig
2026-10-08T18:42:48.3085050Z   Python_ROOT_DIR: C:\hostedtoolcache\windows\Python\3.12.10\x64
2026-10-08T18:42:48.3085443Z   Python2_ROOT_DIR: C:\hostedtoolcache\windows\Python\3.12.10\x64
2026-10-08T18:42:48.3085843Z   Python3_ROOT_DIR: C:\hostedtoolcache\windows\Python\3.12.10\x64
2026-10-08T18:42:48.3086454Z ##[endgroup]
2026-10-08T18:42:48.6966101Z ##[group]Run ruff check libs/python/capture_protocol libs/python/capture_session libs/python/capture_analysis libs/python/capture_worker workers/python_host desktop/capture_desktop tools tests plugins/example_sine_py plugins/lsl_bridge
2026-10-08T18:42:48.6967838Z [36;1mruff check libs/python/capture_protocol libs/python/capture_session libs/python/capture_analysis libs/python/capture_worker workers/python_host desktop/capture_desktop tools tests plugins/example_sine_py plugins/lsl_bridge[0m
2026-10-08T18:42:48.7008981Z shell: C:\Program Files\PowerShell\7\pwsh.EXE -command ". '{0}'"
2026-10-08T18:42:48.7009321Z env:
2026-10-08T18:42:48.7009592Z   pythonLocation: C:\hostedtoolcache\windows\Python\3.12.10\x64
2026-10-08T18:42:48.7010052Z   PKG_CONFIG_PATH: C:\hostedtoolcache\windows\Python\3.12.10\x64/lib/pkgconfig
2026-10-08T18:42:48.7010495Z   Python_ROOT_DIR: C:\hostedtoolcache\windows\Python\3.12.10\x64
2026-10-08T18:42:48.7010947Z   Python2_ROOT_DIR: C:\hostedtoolcache\windows\Python\3.12.10\x64
2026-10-08T18:42:48.7011333Z   Python3_ROOT_DIR: C:\hostedtoolcache\windows\Python\3.12.10\x64
2026-10-08T18:42:48.7011635Z ##[endgroup]
2026-10-08T18:42:49.1148936Z All checks passed!
2026-10-08T18:42:49.2212946Z ##[group]Run python tools/check_licenses.py --enforce-spdx
2026-10-08T18:42:49.2213450Z [36;1mpython tools/check_licenses.py --enforce-spdx[0m
2026-10-08T18:42:49.2253992Z shell: C:\Program Files\PowerShell\7\pwsh.EXE -command ". '{0}'"
2026-10-08T18:42:49.2254342Z env:
2026-10-08T18:42:49.2254605Z   pythonLocation: C:\hostedtoolcache\windows\Python\3.12.10\x64
2026-10-08T18:42:49.2255063Z   PKG_CONFIG_PATH: C:\hostedtoolcache\windows\Python\3.12.10\x64/lib/pkgconfig
2026-10-08T18:42:49.2255499Z   Python_ROOT_DIR: C:\hostedtoolcache\windows\Python\3.12.10\x64
2026-10-08T18:42:49.2255901Z   Python2_ROOT_DIR: C:\hostedtoolcache\windows\Python\3.12.10\x64
2026-10-08T18:42:49.2256640Z   Python3_ROOT_DIR: C:\hostedtoolcache\windows\Python\3.12.10\x64
2026-10-08T18:42:49.2257246Z ##[endgroup]
2026-10-08T18:42:50.0001912Z license check OK
2026-10-08T18:42:50.1121846Z ##[group]Run python tools/run_ci_tests.py
2026-10-08T18:42:50.1122244Z [36;1mpython tools/run_ci_tests.py[0m
2026-10-08T18:42:50.1163277Z shell: C:\Program Files\PowerShell\7\pwsh.EXE -command ". '{0}'"
2026-10-08T18:42:50.1163626Z env:
2026-10-08T18:42:50.1163884Z   pythonLocation: C:\hostedtoolcache\windows\Python\3.12.10\x64
2026-10-08T18:42:50.1164356Z   PKG_CONFIG_PATH: C:\hostedtoolcache\windows\Python\3.12.10\x64/lib/pkgconfig
2026-10-08T18:42:50.1164814Z   Python_ROOT_DIR: C:\hostedtoolcache\windows\Python\3.12.10\x64
2026-10-08T18:42:50.1165205Z   Python2_ROOT_DIR: C:\hostedtoolcache\windows\Python\3.12.10\x64
2026-10-08T18:42:50.1165867Z   Python3_ROOT_DIR: C:\hostedtoolcache\windows\Python\3.12.10\x64
2026-10-08T18:42:50.1166776Z   QT_QPA_PLATFORM: offscreen
2026-10-08T18:42:50.1166992Z ##[endgroup]
2026-10-08T18:47:48.4473444Z ........................................................................ [ 12%]
2026-10-08T18:47:48.4474596Z ........................................................................ [ 25%]
2026-10-08T18:47:48.4475251Z ........................................................................ [ 38%]
2026-10-08T18:47:48.4475872Z ........................................................................ [ 51%]
2026-10-08T18:47:48.4476490Z ..................................................................ssssss [ 64%]
2026-10-08T18:47:48.4477103Z ........................................................................ [ 77%]
2026-10-08T18:47:48.4477707Z ........................................................................ [ 89%]
2026-10-08T18:47:48.4478885Z ................[analysis-history:start] tests/ui/test_analysis_history.py::test_real_completed_and_failed_jobs_are_read_only
2026-10-08T18:47:48.4480212Z .[analysis-history:finish] tests/ui/test_analysis_history.py::test_real_completed_and_failed_jobs_are_read_only 0.093s
2026-10-08T18:47:48.4481912Z [analysis-history:start] tests/ui/test_analysis_history.py::test_copied_package_keeps_its_saved_result
2026-10-08T18:47:48.4483189Z .[analysis-history:finish] tests/ui/test_analysis_history.py::test_copied_package_keeps_its_saved_result 0.094s
2026-10-08T18:47:48.4484548Z [analysis-history:start] tests/ui/test_analysis_history.py::test_catalog_explains_unreadable_rows_without_hiding_good_jobs
2026-10-08T18:47:48.4485992Z .[analysis-history:finish] tests/ui/test_analysis_history.py::test_catalog_explains_unreadable_rows_without_hiding_good_jobs 0.085s
2026-10-08T18:47:48.4487349Z [analysis-history:start] tests/ui/test_analysis_history.py::test_missing_details_and_long_log_are_explicit
2026-10-08T18:47:48.4488629Z .[analysis-history:finish] tests/ui/test_analysis_history.py::test_missing_details_and_long_log_are_explicit 0.073s
2026-10-08T18:47:48.4489951Z [analysis-history:start] tests/ui/test_analysis_history.py::test_native_open_and_details_leave_the_package_unchanged
2026-10-08T18:47:48.4491354Z .[analysis-history:finish] tests/ui/test_analysis_history.py::test_native_open_and_details_leave_the_package_unchanged 0.116s
2026-10-08T18:47:48.4492748Z [analysis-history:start] tests/ui/test_analysis_history.py::test_refresh_preserves_the_view_and_offers_a_new_retained_job
2026-10-08T18:47:48.4494284Z .[analysis-history:finish] tests/ui/test_analysis_history.py::test_refresh_preserves_the_view_and_offers_a_new_retained_job 0.158s
2026-10-08T18:47:48.4495717Z [analysis-history:start] tests/ui/test_analysis_history.py::test_real_threaded_completion_populates_history
2026-10-08T18:47:48.4497047Z .[analysis-history:finish] tests/ui/test_analysis_history.py::test_real_threaded_completion_populates_history 0.114s
2026-10-08T18:47:48.4498434Z [analysis-history:start] tests/ui/test_analysis_history.py::test_real_threaded_failure_offers_its_retained_diagnostics
2026-10-08T18:47:48.4499947Z .[analysis-history:finish] tests/ui/test_analysis_history.py::test_real_threaded_failure_offers_its_retained_diagnostics 0.101s
2026-10-08T18:47:48.4503604Z .................................                [100%]
2026-10-08T18:47:48.4504312Z ============================== warnings summary ===============================
2026-10-08T18:47:48.4504937Z <frozen importlib._bootstrap>:488
2026-10-08T18:47:48.4506953Z   <frozen importlib._bootstrap>:488: DeprecationWarning: Type google._upb._message.MessageMapContainer uses PyType_Spec with a metaclass that has custom tp_new. This is deprecated and will no longer be allowed in Python 3.14.
2026-10-08T18:47:48.4508425Z 
2026-10-08T18:47:48.4508583Z <frozen importlib._bootstrap>:488
2026-10-08T18:47:48.4510134Z   <frozen importlib._bootstrap>:488: DeprecationWarning: Type google._upb._message.ScalarMapContainer uses PyType_Spec with a metaclass that has custom tp_new. This is deprecated and will no longer be allowed in Python 3.14.
2026-10-08T18:47:48.4511574Z 
2026-10-08T18:47:48.4512025Z -- Docs: https://docs.pytest.org/en/stable/how-to/capture-warnings.html
2026-10-08T18:47:48.4512835Z =========================== short test summary info ===========================
2026-10-08T18:47:48.4513828Z SKIPPED [1] tests\protocol\test_daemon_e2e.py:74: capture_daemon.exe not built (run cmake --build)
2026-10-08T18:47:48.4514967Z SKIPPED [1] tests\protocol\test_daemon_e2e.py:148: capture_daemon.exe not built (run cmake --build)
2026-10-08T18:47:48.4516315Z SKIPPED [1] tests\protocol\test_daemon_e2e.py:161: capture_daemon.exe not built (run cmake --build)
2026-10-08T18:47:48.4517545Z SKIPPED [1] tests\protocol\test_daemon_e2e.py:196: capture_daemon.exe not built (run cmake --build)
2026-10-08T18:47:48.4518679Z SKIPPED [1] tests\protocol\test_daemon_e2e.py:238: capture_daemon.exe not built (run cmake --build)
2026-10-08T18:47:48.4519805Z SKIPPED [1] tests\protocol\test_daemon_e2e.py:262: capture_daemon.exe not built (run cmake --build)
2026-10-08T18:47:48.4520684Z 555 passed, 6 skipped, 2 warnings in 295.60s (0:04:55)
2026-10-08T18:47:48.4521327Z 
2026-10-08T18:47:48.4521496Z {
2026-10-08T18:47:48.4521875Z   "schema": "capturesuite.test-receipt.v1",
2026-10-08T18:47:48.4522498Z   "accepted": true,
2026-10-08T18:47:48.4522917Z   "process_exit": 0,
2026-10-08T18:47:48.4523299Z   "counts": {
2026-10-08T18:47:48.4523626Z     "tests": 561,
2026-10-08T18:47:48.4523985Z     "passed": 555,
2026-10-08T18:47:48.4524330Z     "failures": 0,
2026-10-08T18:47:48.4524652Z     "errors": 0,
2026-10-08T18:47:48.4524974Z     "skipped": 6
2026-10-08T18:47:48.4525298Z   },
2026-10-08T18:47:48.4525865Z   "junit_sha256": "024d03bebc15c2640a86fc8309a8a1cc2ad411f87a000f404b0ef846f0f10764",
2026-10-08T18:47:48.4526608Z   "problems": [],
2026-10-08T18:47:48.4527197Z   "scope": "Process and test-evidence consistency, not clinical validation",
2026-10-08T18:47:48.4527961Z   "seconds": 296.77340969999995,
2026-10-08T18:47:48.4528479Z   "created_at": "2026-10-08T18:47:47.824177+00:00",
2026-10-08T18:47:48.4529202Z   "run_directory": "build/evidence/python-20261008T184250Z-e1bb4f7d",
2026-10-08T18:47:48.4530113Z   "log_sha256": "2a6e81ac2871463414d40e41de21c2e62b93497289601fe13ae3529aa9b6a935",
2026-10-08T18:47:48.4530968Z   "source_commit": "f17f811366bc9915e0f001b42d9df86afc353213",
2026-10-08T18:47:48.4531612Z   "source_worktree_dirty": false,
2026-10-08T18:47:48.4532363Z   "source_tree_sha256": "e265754e62a900bd080b409d4fa720d570003c24e6d06fb5136cf9275856a446",
2026-10-08T18:47:48.4533141Z   "source_file_count": 1142,
2026-10-08T18:47:48.4533565Z   "github": {
2026-10-08T18:47:48.4533947Z     "GITHUB_ACTIONS": "true",
2026-10-08T18:47:48.4534383Z     "GITHUB_EVENT_NAME": "pull_request",
2026-10-08T18:47:48.4534943Z     "GITHUB_SHA": "f17f811366bc9915e0f001b42d9df86afc353213",
2026-10-08T18:47:48.4535513Z     "GITHUB_REF": "refs/pull/71/merge",
2026-10-08T18:47:48.4536072Z     "GITHUB_HEAD_REF": "work/analysis-history-401c5d17da79",
2026-10-08T18:47:48.4536634Z     "GITHUB_BASE_REF": "main",
2026-10-08T18:47:48.4537044Z     "GITHUB_RUN_ID": "37826104818",
2026-10-08T18:47:48.4538690Z     "GITHUB_WORKFLOW_REF": "Jacob-Met/CaptureSuite/.github/workflows/ci.yml@refs/pull/71/merge"
2026-10-08T18:47:48.4539493Z   },
2026-10-08T18:47:48.4539845Z   "source_unchanged_during_test": true
2026-10-08T18:47:48.4540341Z }
2026-10-08T18:47:48.5684282Z ##[group]Run actions/upload-artifact@043fb46d1a93c77aae656e7c1c64a875d1fc6a0a
2026-10-08T18:47:48.5684836Z with:
2026-10-08T18:47:48.5685084Z   name: python-test-evidence
2026-10-08T18:47:48.5685366Z   path: build/evidence/
2026-10-08T18:47:48.5685622Z   if-no-files-found: warn
2026-10-08T18:47:48.5685876Z   retention-days: 7
2026-10-08T18:47:48.5712691Z   compression-level: 6
2026-10-08T18:47:48.5712956Z   overwrite: false
2026-10-08T18:47:48.5713177Z   include-hidden-files: false
2026-10-08T18:47:48.5713458Z   archive: true
2026-10-08T18:47:48.5713691Z env:
2026-10-08T18:47:48.5714029Z   pythonLocation: C:\hostedtoolcache\windows\Python\3.12.10\x64
2026-10-08T18:47:48.5714541Z   PKG_CONFIG_PATH: C:\hostedtoolcache\windows\Python\3.12.10\x64/lib/pkgconfig
2026-10-08T18:47:48.5715072Z   Python_ROOT_DIR: C:\hostedtoolcache\windows\Python\3.12.10\x64
2026-10-08T18:47:48.5715510Z   Python2_ROOT_DIR: C:\hostedtoolcache\windows\Python\3.12.10\x64
2026-10-08T18:47:48.5716018Z   Python3_ROOT_DIR: C:\hostedtoolcache\windows\Python\3.12.10\x64
2026-10-08T18:47:48.5716387Z ##[endgroup]
2026-10-08T18:47:48.8901358Z With the provided path, there will be 281 files uploaded
2026-10-08T18:47:48.8907472Z Artifact name is valid!
2026-10-08T18:47:48.8908969Z Root directory input is valid!
2026-10-08T18:47:49.2140420Z Uploading artifact: python-test-evidence.zip
2026-10-08T18:47:49.2189165Z Beginning upload of artifact content to blob storage
2026-10-08T18:47:49.9861524Z Uploaded bytes 1613155
2026-10-08T18:47:50.0252565Z Finished uploading artifact content to blob storage!
2026-10-08T18:47:50.0253439Z SHA256 digest of uploaded artifact is 3f26c00b6f7ba7ba472ac417109df28ceb52ca1df2cbc377b78c09cd8d0bacb6
2026-10-08T18:47:50.0255368Z Finalizing artifact upload
2026-10-08T18:47:50.3497324Z Artifact python-test-evidence successfully finalized. Artifact ID 11572321018
2026-10-08T18:47:50.3498792Z Artifact python-test-evidence has been successfully uploaded! Final size is 1613155 bytes. Artifact ID is 11572321018
2026-10-08T18:47:50.3504653Z Artifact download URL: https://github.com/Jacob-Met/CaptureSuite/actions/runs/37826104818/artifacts/11572321018
2026-10-08T18:47:50.3811264Z Post job cleanup.
2026-10-08T18:47:50.5223319Z (node:7576) [DEP0040] DeprecationWarning: The `punycode` module is deprecated. Please use a userland alternative instead.
2026-10-08T18:47:50.5224199Z (Use `node --trace-deprecation ...` to show where the warning was created)
2026-10-08T18:47:50.5488855Z Post job cleanup.
2026-10-08T18:47:50.7984728Z [command]"C:\Program Files\Git\bin\git.exe" version
2026-10-08T18:47:50.8277716Z git version 2.56.0.windows.1
2026-10-08T18:47:50.8350233Z Temporarily overriding HOME='D:\a\_temp\427e99bd-b099-4900-ba5b-18d86a931f30' before making global git config changes
2026-10-08T18:47:50.8352033Z Adding repository directory to the temporary git global config as a safe directory
2026-10-08T18:47:50.8363756Z [command]"C:\Program Files\Git\bin\git.exe" config --global --add safe.directory D:\a\CaptureSuite\CaptureSuite
2026-10-08T18:47:50.8733777Z [command]"C:\Program Files\Git\bin\git.exe" config --local --name-only --get-regexp core\.sshCommand
2026-10-08T18:47:50.9068324Z [command]"C:\Program Files\Git\bin\git.exe" submodule foreach --recursive "sh -c \"git config --local --name-only --get-regexp 'core\.sshCommand' && git config --local --unset-all 'core.sshCommand' || :\""
2026-10-08T18:47:51.4758667Z [command]"C:\Program Files\Git\bin\git.exe" config --local --name-only --get-regexp http\.https\:\/\/github\.com\/\.extraheader
2026-10-08T18:47:51.5059058Z http.https://github.com/.extraheader
2026-10-08T18:47:51.5102290Z [command]"C:\Program Files\Git\bin\git.exe" config --local --unset-all http.https://github.com/.extraheader
2026-10-08T18:47:51.5498392Z [command]"C:\Program Files\Git\bin\git.exe" submodule foreach --recursive "sh -c \"git config --local --name-only --get-regexp 'http\.https\:\/\/github\.com\/\.extraheader' && git config --local --unset-all 'http.https://github.com/.extraheader' || :\""
2026-10-08T18:47:52.0794220Z [command]"C:\Program Files\Git\bin\git.exe" config --local --name-only --get-regexp ^includeIf\.gitdir:
2026-10-08T18:47:52.1123607Z [command]"C:\Program Files\Git\bin\git.exe" submodule foreach --recursive "git config --local --show-origin --name-only --get-regexp remote.origin.url"
2026-10-08T18:47:52.6111731Z Cleaning up orphan processes
2026-10-08T18:47:52.6307945Z Terminate orphan process: pid (3788) (vctip)
2026-10-08T18:47:52.6362444Z Terminate orphan process: pid (5868) (MSBuild)
2026-10-08T18:47:52.6542418Z Terminate orphan process: pid (2880) (conhost)
2026-10-08T18:47:52.6820274Z ##[warning]Node.js 20 is deprecated. The following actions target Node.js 20 but are being forced to run on Node.js 24: actions/checkout@v4, actions/setup-python@v5. For more information see: https://github.blog/changelog/2025-09-19-deprecation-of-node-20-on-github-actions-runners/
