2026-10-08T16:50:40.1732602Z Current runner version: '2.337.0'
2026-10-08T16:50:40.1758241Z ##[group]Runner Image Provisioner
2026-10-08T16:50:40.1759051Z Hosted Compute Agent
2026-10-08T16:50:40.1759599Z Version: 20261002.596
2026-10-08T16:50:40.1760250Z Commit: c3d12f3313a95f25162a1503be624f3b0617f8c0
2026-10-08T16:50:40.1760933Z Build Date: 2026-10-02T22:28:27Z
2026-10-08T16:50:40.1761528Z Worker ID: {0e557afc-6416-42ff-a1a4-86af5f4cd416}
2026-10-08T16:50:40.1762207Z Region: eastus
2026-10-08T16:50:40.1762684Z Cloud: Azure
2026-10-08T16:50:40.1763142Z ##[endgroup]
2026-10-08T16:50:40.1764737Z ##[group]Operating System
2026-10-08T16:50:40.1765577Z Microsoft Windows Server 2022
2026-10-08T16:50:40.1766464Z 10.0.20348
2026-10-08T16:50:40.1766962Z Datacenter
2026-10-08T16:50:40.1767463Z ##[endgroup]
2026-10-08T16:50:40.1767982Z ##[group]Runner Image
2026-10-08T16:50:40.1768513Z Image: windows-2022
2026-10-08T16:50:40.1769020Z Version: 20261004.326.1
2026-10-08T16:50:40.1770684Z Included Software: https://github.com/actions/runner-images/blob/win22/20261004.326/images/windows/Windows2022-Readme.md
2026-10-08T16:50:40.1772353Z Image Release: https://github.com/actions/runner-images/releases/tag/win22%2F20261004.326
2026-10-08T16:50:40.1773255Z ##[endgroup]
2026-10-08T16:50:40.1774373Z ##[group]GITHUB_TOKEN Permissions
2026-10-08T16:50:40.1776177Z Contents: read
2026-10-08T16:50:40.1776738Z Metadata: read
2026-10-08T16:50:40.1777231Z Packages: read
2026-10-08T16:50:40.1777835Z ##[endgroup]
2026-10-08T16:50:40.1779907Z Secret source: Actions
2026-10-08T16:50:40.1780720Z Cache mode: write
2026-10-08T16:50:40.1781383Z Prepare workflow directory
2026-10-08T16:50:40.2122719Z Prepare all required actions
2026-10-08T16:50:40.2168998Z Getting action download info
2026-10-08T16:50:40.3727201Z Download action repository 'actions/checkout@v4' (SHA:11d5960a326750d5838078e36cf38b85af677262)
2026-10-08T16:50:40.5367456Z Download action repository 'actions/setup-python@v5' (SHA:a26af69be951a213d495a4c3e4e4022e16d87065)
2026-10-08T16:50:40.8006955Z Download action repository 'actions/upload-artifact@043fb46d1a93c77aae656e7c1c64a875d1fc6a0a' (SHA:043fb46d1a93c77aae656e7c1c64a875d1fc6a0a)
2026-10-08T16:50:41.1484909Z Complete job name: python
2026-10-08T16:50:41.3092154Z ##[group]Run actions/checkout@v4
2026-10-08T16:50:41.3093251Z with:
2026-10-08T16:50:41.3093724Z   repository: Jacob-Met/CaptureSuite
2026-10-08T16:50:41.3098233Z   token: ***
2026-10-08T16:50:41.3098682Z   ssh-strict: true
2026-10-08T16:50:41.3099125Z   ssh-user: git
2026-10-08T16:50:41.3099572Z   persist-credentials: true
2026-10-08T16:50:41.3100063Z   clean: true
2026-10-08T16:50:41.3100501Z   sparse-checkout-cone-mode: true
2026-10-08T16:50:41.3101022Z   fetch-depth: 1
2026-10-08T16:50:41.3101459Z   fetch-tags: false
2026-10-08T16:50:41.3101902Z   show-progress: true
2026-10-08T16:50:41.3102348Z   lfs: false
2026-10-08T16:50:41.3102761Z   submodules: false
2026-10-08T16:50:41.3103230Z   set-safe-directory: true
2026-10-08T16:50:41.3103757Z   allow-unsafe-pr-checkout: false
2026-10-08T16:50:41.3104555Z ##[endgroup]
2026-10-08T16:50:41.4471667Z Syncing repository: Jacob-Met/CaptureSuite
2026-10-08T16:50:41.4473592Z ##[group]Getting Git version info
2026-10-08T16:50:41.4474432Z Working directory is 'D:\a\CaptureSuite\CaptureSuite'
2026-10-08T16:50:41.5889109Z [command]"C:\Program Files\Git\bin\git.exe" version
2026-10-08T16:50:43.3854406Z git version 2.56.0.windows.1
2026-10-08T16:50:43.3899541Z ##[endgroup]
2026-10-08T16:50:43.3917906Z Temporarily overriding HOME='D:\a\_temp\bfe3167c-7825-46d1-8d5d-7a72fbb78fb6' before making global git config changes
2026-10-08T16:50:43.3919021Z Adding repository directory to the temporary git global config as a safe directory
2026-10-08T16:50:43.3929370Z [command]"C:\Program Files\Git\bin\git.exe" config --global --add safe.directory D:\a\CaptureSuite\CaptureSuite
2026-10-08T16:50:43.5775530Z Deleting the contents of 'D:\a\CaptureSuite\CaptureSuite'
2026-10-08T16:50:43.5780572Z ##[group]Initializing the repository
2026-10-08T16:50:43.5789821Z [command]"C:\Program Files\Git\bin\git.exe" init D:\a\CaptureSuite\CaptureSuite
2026-10-08T16:50:43.8783912Z Initialized empty Git repository in D:/a/CaptureSuite/CaptureSuite/.git/
2026-10-08T16:50:43.8825991Z [command]"C:\Program Files\Git\bin\git.exe" remote add origin https://github.com/Jacob-Met/CaptureSuite
2026-10-08T16:50:44.0614832Z ##[endgroup]
2026-10-08T16:50:44.0615371Z ##[group]Disabling automatic garbage collection
2026-10-08T16:50:44.0624256Z [command]"C:\Program Files\Git\bin\git.exe" config --local gc.auto 0
2026-10-08T16:50:44.0916303Z ##[endgroup]
2026-10-08T16:50:44.0917248Z ##[group]Setting up auth
2026-10-08T16:50:44.0929436Z [command]"C:\Program Files\Git\bin\git.exe" config --local --name-only --get-regexp core\.sshCommand
2026-10-08T16:50:44.1227324Z [command]"C:\Program Files\Git\bin\git.exe" submodule foreach --recursive "sh -c \"git config --local --name-only --get-regexp 'core\.sshCommand' && git config --local --unset-all 'core.sshCommand' || :\""
2026-10-08T16:50:49.7036543Z [command]"C:\Program Files\Git\bin\git.exe" config --local --name-only --get-regexp http\.https\:\/\/github\.com\/\.extraheader
2026-10-08T16:50:49.7350551Z [command]"C:\Program Files\Git\bin\git.exe" submodule foreach --recursive "sh -c \"git config --local --name-only --get-regexp 'http\.https\:\/\/github\.com\/\.extraheader' && git config --local --unset-all 'http.https://github.com/.extraheader' || :\""
2026-10-08T16:50:50.2267341Z [command]"C:\Program Files\Git\bin\git.exe" config --local --name-only --get-regexp ^includeIf\.gitdir:
2026-10-08T16:50:50.2561916Z [command]"C:\Program Files\Git\bin\git.exe" submodule foreach --recursive "git config --local --show-origin --name-only --get-regexp remote.origin.url"
2026-10-08T16:50:50.7278395Z [command]"C:\Program Files\Git\bin\git.exe" config --local http.https://github.com/.extraheader "AUTHORIZATION: basic ***"
2026-10-08T16:50:50.7584907Z ##[endgroup]
2026-10-08T16:50:50.7585607Z ##[group]Fetching the repository
2026-10-08T16:50:50.7601533Z [command]"C:\Program Files\Git\bin\git.exe" -c protocol.version=2 fetch --no-tags --prune --no-recurse-submodules --depth=1 origin +0de94b767061ec1fe5c05d11c6baa36ec9ddf16b:refs/remotes/pull/71/merge
2026-10-08T16:50:54.3618633Z From https://github.com/Jacob-Met/CaptureSuite
2026-10-08T16:50:54.3619855Z  * [new ref]         0de94b767061ec1fe5c05d11c6baa36ec9ddf16b -> pull/71/merge
2026-10-08T16:50:54.3652768Z ##[endgroup]
2026-10-08T16:50:54.3653501Z ##[group]Determining the checkout info
2026-10-08T16:50:54.3656535Z ##[endgroup]
2026-10-08T16:50:54.3665543Z [command]"C:\Program Files\Git\bin\git.exe" sparse-checkout disable
2026-10-08T16:50:54.4483696Z [command]"C:\Program Files\Git\bin\git.exe" config --local --unset-all extensions.worktreeConfig
2026-10-08T16:50:54.4841742Z ##[group]Checking out the ref
2026-10-08T16:50:54.4842688Z [command]"C:\Program Files\Git\bin\git.exe" checkout --progress --force refs/remotes/pull/71/merge
2026-10-08T16:50:54.8789346Z Note: switching to 'refs/remotes/pull/71/merge'.
2026-10-08T16:50:54.8789772Z 
2026-10-08T16:50:54.8790126Z You are in 'detached HEAD' state. You can look around, make experimental
2026-10-08T16:50:54.8791540Z changes and commit them, and you can discard any commits you make in this
2026-10-08T16:50:54.8792214Z state without impacting any branches by switching back to a branch.
2026-10-08T16:50:54.8792606Z 
2026-10-08T16:50:54.8792856Z If you want to create a new branch to retain commits you create, you may
2026-10-08T16:50:54.8793406Z do so (now or later) by using -c with the switch command. Example:
2026-10-08T16:50:54.8793659Z 
2026-10-08T16:50:54.8793765Z   git switch -c <new-branch-name>
2026-10-08T16:50:54.8793943Z 
2026-10-08T16:50:54.8794036Z Or undo this operation with:
2026-10-08T16:50:54.8794191Z 
2026-10-08T16:50:54.8794272Z   git switch -
2026-10-08T16:50:54.8794385Z 
2026-10-08T16:50:54.8794602Z Turn off this advice by setting config variable advice.detachedHead to false
2026-10-08T16:50:54.8795838Z 
2026-10-08T16:50:54.8808549Z HEAD is now at 0de94b7 Merge aefaffe03331f5c8e0cc41dfd75ce9c81f9d09fe into 3cbb5300bdc79c157370d1b3e599a6c82752d54a
2026-10-08T16:50:54.8879557Z ##[endgroup]
2026-10-08T16:50:54.9476126Z [command]"C:\Program Files\Git\bin\git.exe" log -1 --format=%H
2026-10-08T16:50:54.9740996Z 0de94b767061ec1fe5c05d11c6baa36ec9ddf16b
2026-10-08T16:50:55.0162922Z ##[group]Run actions/setup-python@v5
2026-10-08T16:50:55.0163300Z with:
2026-10-08T16:50:55.0163498Z   python-version: 3.12
2026-10-08T16:50:55.0163721Z   check-latest: false
2026-10-08T16:50:55.0166505Z   token: ***
2026-10-08T16:50:55.0166700Z   update-environment: true
2026-10-08T16:50:55.0166924Z   allow-prereleases: false
2026-10-08T16:50:55.0167130Z   freethreaded: false
2026-10-08T16:50:55.0167325Z ##[endgroup]
2026-10-08T16:50:55.1676667Z ##[group]Installed versions
2026-10-08T16:50:55.2030994Z (node:4948) [DEP0040] DeprecationWarning: The `punycode` module is deprecated. Please use a userland alternative instead.
2026-10-08T16:50:55.2032300Z (Use `node --trace-deprecation ...` to show where the warning was created)
2026-10-08T16:50:55.2033015Z Successfully set up CPython (3.12.10)
2026-10-08T16:50:55.2033755Z ##[endgroup]
2026-10-08T16:50:55.2274227Z ##[group]Run python -m pip install -r requirements-ci.txt
2026-10-08T16:50:55.2274748Z [36;1mpython -m pip install -r requirements-ci.txt[0m
2026-10-08T16:50:55.2388503Z shell: C:\Program Files\PowerShell\7\pwsh.EXE -command ". '{0}'"
2026-10-08T16:50:55.2388983Z env:
2026-10-08T16:50:55.2389379Z   pythonLocation: C:\hostedtoolcache\windows\Python\3.12.10\x64
2026-10-08T16:50:55.2390042Z   PKG_CONFIG_PATH: C:\hostedtoolcache\windows\Python\3.12.10\x64/lib/pkgconfig
2026-10-08T16:50:55.2390640Z   Python_ROOT_DIR: C:\hostedtoolcache\windows\Python\3.12.10\x64
2026-10-08T16:50:55.2391164Z   Python2_ROOT_DIR: C:\hostedtoolcache\windows\Python\3.12.10\x64
2026-10-08T16:50:55.2391687Z   Python3_ROOT_DIR: C:\hostedtoolcache\windows\Python\3.12.10\x64
2026-10-08T16:50:55.2392125Z ##[endgroup]
2026-10-08T16:51:13.5562825Z Obtaining file:///D:/a/CaptureSuite/CaptureSuite/libs/python/capture_protocol (from -r requirements-ci.txt (line 3))
2026-10-08T16:51:13.5590941Z   Installing build dependencies: started
2026-10-08T16:51:16.9073033Z   Installing build dependencies: finished with status 'done'
2026-10-08T16:51:16.9088450Z   Checking if build backend supports build_editable: started
2026-10-08T16:51:17.4898741Z   Checking if build backend supports build_editable: finished with status 'done'
2026-10-08T16:51:17.4922111Z   Getting requirements to build editable: started
2026-10-08T16:51:18.0287688Z   Getting requirements to build editable: finished with status 'done'
2026-10-08T16:51:18.0316377Z   Preparing editable metadata (pyproject.toml): started
2026-10-08T16:51:18.3490975Z   Preparing editable metadata (pyproject.toml): finished with status 'done'
2026-10-08T16:51:18.3536906Z Obtaining file:///D:/a/CaptureSuite/CaptureSuite/libs/python/capture_session (from -r requirements-ci.txt (line 4))
2026-10-08T16:51:18.3563001Z   Installing build dependencies: started
2026-10-08T16:51:19.9030065Z   Installing build dependencies: finished with status 'done'
2026-10-08T16:51:19.9045112Z   Checking if build backend supports build_editable: started
2026-10-08T16:51:20.5394434Z   Checking if build backend supports build_editable: finished with status 'done'
2026-10-08T16:51:20.5418588Z   Getting requirements to build editable: started
2026-10-08T16:51:21.0356063Z   Getting requirements to build editable: finished with status 'done'
2026-10-08T16:51:21.0382743Z   Preparing editable metadata (pyproject.toml): started
2026-10-08T16:51:21.3597787Z   Preparing editable metadata (pyproject.toml): finished with status 'done'
2026-10-08T16:51:21.3643789Z Obtaining file:///D:/a/CaptureSuite/CaptureSuite/libs/python/capture_analysis
2026-10-08T16:51:21.3670454Z   Installing build dependencies: started
2026-10-08T16:51:22.9890787Z   Installing build dependencies: finished with status 'done'
2026-10-08T16:51:22.9905940Z   Checking if build backend supports build_editable: started
2026-10-08T16:51:23.4751136Z   Checking if build backend supports build_editable: finished with status 'done'
2026-10-08T16:51:23.4783113Z   Getting requirements to build editable: started
2026-10-08T16:51:24.0174905Z   Getting requirements to build editable: finished with status 'done'
2026-10-08T16:51:24.0202966Z   Preparing editable metadata (pyproject.toml): started
2026-10-08T16:51:24.3431631Z   Preparing editable metadata (pyproject.toml): finished with status 'done'
2026-10-08T16:51:24.3487068Z Obtaining file:///D:/a/CaptureSuite/CaptureSuite/libs/python/capture_worker (from -r requirements-ci.txt (line 6))
2026-10-08T16:51:24.3514943Z   Installing build dependencies: started
2026-10-08T16:51:26.1672664Z   Installing build dependencies: finished with status 'done'
2026-10-08T16:51:26.1687153Z   Checking if build backend supports build_editable: started
2026-10-08T16:51:26.6197779Z   Checking if build backend supports build_editable: finished with status 'done'
2026-10-08T16:51:26.6220120Z   Getting requirements to build editable: started
2026-10-08T16:51:27.1743260Z   Getting requirements to build editable: finished with status 'done'
2026-10-08T16:51:27.1777729Z   Preparing editable metadata (pyproject.toml): started
2026-10-08T16:51:27.5016936Z   Preparing editable metadata (pyproject.toml): finished with status 'done'
2026-10-08T16:51:27.5062590Z Obtaining file:///D:/a/CaptureSuite/CaptureSuite/desktop
2026-10-08T16:51:27.5090179Z   Installing build dependencies: started
2026-10-08T16:51:30.3968898Z   Installing build dependencies: finished with status 'done'
2026-10-08T16:51:30.3983330Z   Checking if build backend supports build_editable: started
2026-10-08T16:51:30.8880960Z   Checking if build backend supports build_editable: finished with status 'done'
2026-10-08T16:51:30.8903623Z   Getting requirements to build editable: started
2026-10-08T16:51:31.4620925Z   Getting requirements to build editable: finished with status 'done'
2026-10-08T16:51:31.4647262Z   Preparing editable metadata (pyproject.toml): started
2026-10-08T16:51:31.8104116Z   Preparing editable metadata (pyproject.toml): finished with status 'done'
2026-10-08T16:51:32.6665181Z Collecting grpcio-tools<1.63,>=1.62 (from -r requirements-ci.txt (line 8))
2026-10-08T16:51:32.8479723Z   Downloading grpcio_tools-1.62.3-cp312-cp312-win_amd64.whl.metadata (6.4 kB)
2026-10-08T16:51:32.8875854Z Collecting mcap<2,>=1.1 (from -r requirements-ci.txt (line 9))
2026-10-08T16:51:32.9236282Z   Downloading mcap-1.5.0-py3-none-any.whl.metadata (380 bytes)
2026-10-08T16:51:32.9835664Z Collecting pytest>=8 (from -r requirements-ci.txt (line 10))
2026-10-08T16:51:33.0018085Z   Downloading pytest-9.1.1-py3-none-any.whl.metadata (7.6 kB)
2026-10-08T16:51:33.0725675Z Collecting pytest-cov>=5 (from -r requirements-ci.txt (line 11))
2026-10-08T16:51:33.0844784Z   Downloading pytest_cov-7.1.0-py3-none-any.whl.metadata (32 kB)
2026-10-08T16:51:33.4915789Z Collecting ruff<1,>=0.6 (from -r requirements-ci.txt (line 12))
2026-10-08T16:51:33.5046928Z   Downloading ruff-0.16.10-py3-none-win_amd64.whl.metadata (21 kB)
2026-10-08T16:51:33.6889359Z Collecting protobuf<5,>=4.25 (from capture-protocol==0.1.0->-r requirements-ci.txt (line 3))
2026-10-08T16:51:33.7014397Z   Downloading protobuf-4.25.9-cp310-abi3-win_amd64.whl.metadata (541 bytes)
2026-10-08T16:51:33.7463248Z Collecting jsonschema>=4.21 (from capture-session==0.1.0->-r requirements-ci.txt (line 4))
2026-10-08T16:51:33.7570141Z   Downloading jsonschema-4.26.0-py3-none-any.whl.metadata (7.6 kB)
2026-10-08T16:51:33.8471756Z Collecting pyyaml>=6.0 (from capture-analysis==0.1.0)
2026-10-08T16:51:33.8649268Z   Downloading pyyaml-6.0.3-cp312-cp312-win_amd64.whl.metadata (2.4 kB)
2026-10-08T16:51:34.0216512Z Collecting PySide6<7,>=6.6 (from capture-desktop==0.1.0)
2026-10-08T16:51:34.0370745Z   Downloading pyside6-6.12.0-cp310-abi3-win_amd64.whl.metadata (5.7 kB)
2026-10-08T16:51:34.3969610Z Collecting numpy>=1.26 (from capture-analysis==0.1.0)
2026-10-08T16:51:34.4336309Z   Downloading numpy-2.5.3-cp312-cp312-win_amd64.whl.metadata (6.6 kB)
2026-10-08T16:51:34.5910488Z Collecting scipy>=1.11 (from capture-analysis==0.1.0)
2026-10-08T16:51:34.6033611Z   Downloading scipy-1.18.1-cp312-cp312-win_amd64.whl.metadata (61 kB)
2026-10-08T16:51:34.7878801Z Collecting pandas>=2.1 (from capture-analysis==0.1.0)
2026-10-08T16:51:34.8051138Z   Downloading pandas-3.0.6-cp312-cp312-win_amd64.whl.metadata (19 kB)
2026-10-08T16:51:34.9584489Z Collecting pyarrow>=14.0 (from capture-analysis==0.1.0)
2026-10-08T16:51:34.9717279Z   Downloading pyarrow-25.0.1-cp312-cp312-win_amd64.whl.metadata (3.0 kB)
2026-10-08T16:51:35.1460811Z Collecting matplotlib>=3.8 (from capture-analysis==0.1.0)
2026-10-08T16:51:35.1567985Z   Downloading matplotlib-3.11.2-cp312-cp312-win_amd64.whl.metadata (80 kB)
2026-10-08T16:51:35.2172709Z Collecting pyqtgraph>=0.13 (from capture-desktop==0.1.0)
2026-10-08T16:51:35.2286880Z   Downloading pyqtgraph-0.14.0-py3-none-any.whl.metadata (1.5 kB)
2026-10-08T16:51:35.8214587Z Collecting grpcio>=1.62.3 (from grpcio-tools<1.63,>=1.62->-r requirements-ci.txt (line 8))
2026-10-08T16:51:35.8364492Z   Downloading grpcio-1.84.0-cp312-cp312-win_amd64.whl.metadata (3.9 kB)
2026-10-08T16:51:35.9428826Z Collecting setuptools (from grpcio-tools<1.63,>=1.62->-r requirements-ci.txt (line 8))
2026-10-08T16:51:35.9716851Z   Using cached setuptools-84.0.0-py3-none-any.whl.metadata (6.6 kB)
2026-10-08T16:51:36.0496957Z Collecting lz4 (from mcap<2,>=1.1->-r requirements-ci.txt (line 9))
2026-10-08T16:51:36.0614904Z   Downloading lz4-4.4.5-cp312-cp312-win_amd64.whl.metadata (3.9 kB)
2026-10-08T16:51:36.1520867Z Collecting zstandard (from mcap<2,>=1.1->-r requirements-ci.txt (line 9))
2026-10-08T16:51:36.1633446Z   Downloading zstandard-0.25.0-cp312-cp312-win_amd64.whl.metadata (3.3 kB)
2026-10-08T16:51:36.3551252Z Collecting PySide6_Essentials==6.12.0 (from PySide6<7,>=6.6->capture-desktop==0.1.0)
2026-10-08T16:51:36.3897367Z   Downloading pyside6_essentials-6.12.0-cp310-abi3-win_amd64.whl.metadata (3.9 kB)
2026-10-08T16:51:36.5877382Z Collecting PySide6_Addons==6.12.0 (from PySide6<7,>=6.6->capture-desktop==0.1.0)
2026-10-08T16:51:36.6260147Z   Downloading pyside6_addons-6.12.0-cp310-abi3-win_amd64.whl.metadata (4.4 kB)
2026-10-08T16:51:36.7838062Z Collecting PySide6_WebEngine==6.12.0.140 (from PySide6<7,>=6.6->capture-desktop==0.1.0)
2026-10-08T16:51:36.7956957Z   Downloading pyside6_webengine-6.12.0.140-cp310-abi3-win_amd64.whl.metadata (3.7 kB)
2026-10-08T16:51:36.8793260Z Collecting PySide6_Pdf==6.12.0.140 (from PySide6<7,>=6.6->capture-desktop==0.1.0)
2026-10-08T16:51:36.9148705Z   Downloading pyside6_pdf-6.12.0.140-cp310-abi3-win_amd64.whl.metadata (3.6 kB)
2026-10-08T16:51:37.0672128Z Collecting shiboken6==6.12.0 (from PySide6_Essentials==6.12.0->PySide6<7,>=6.6->capture-desktop==0.1.0)
2026-10-08T16:51:37.0932130Z   Downloading shiboken6-6.12.0-cp310-abi3-win_amd64.whl.metadata (2.6 kB)
2026-10-08T16:51:37.1601355Z Requirement already satisfied: colorama>=0.4 in C:\hostedtoolcache\windows\Python\3.12.10\x64\Lib\site-packages (from pytest>=8->-r requirements-ci.txt (line 10)) (0.4.6)
2026-10-08T16:51:37.2758472Z Collecting iniconfig>=1.0.1 (from pytest>=8->-r requirements-ci.txt (line 10))
2026-10-08T16:51:37.3133143Z   Downloading iniconfig-2.3.1-py3-none-any.whl.metadata (2.8 kB)
2026-10-08T16:51:37.3724899Z Requirement already satisfied: packaging>=22 in C:\hostedtoolcache\windows\Python\3.12.10\x64\Lib\site-packages (from pytest>=8->-r requirements-ci.txt (line 10)) (26.3)
2026-10-08T16:51:37.4228392Z Collecting pluggy<2,>=1.5 (from pytest>=8->-r requirements-ci.txt (line 10))
2026-10-08T16:51:37.4331131Z   Downloading pluggy-1.6.0-py3-none-any.whl.metadata (4.8 kB)
2026-10-08T16:51:37.6292817Z Collecting pygments>=2.7.2 (from pytest>=8->-r requirements-ci.txt (line 10))
2026-10-08T16:51:37.6400206Z   Downloading pygments-2.21.0-py3-none-any.whl.metadata (2.5 kB)
2026-10-08T16:51:38.1853638Z Collecting coverage>=7.10.6 (from coverage[toml]>=7.10.6->pytest-cov>=5->-r requirements-ci.txt (line 11))
2026-10-08T16:51:38.1967161Z   Downloading coverage-7.16.2-cp312-cp312-win_amd64.whl.metadata (8.4 kB)
2026-10-08T16:51:38.3299896Z Collecting typing-extensions~=4.12 (from grpcio>=1.62.3->grpcio-tools<1.63,>=1.62->-r requirements-ci.txt (line 8))
2026-10-08T16:51:38.3404511Z   Downloading typing_extensions-4.16.0-py3-none-any.whl.metadata (3.3 kB)
2026-10-08T16:51:38.3785942Z Collecting attrs>=22.2.0 (from jsonschema>=4.21->capture-session==0.1.0->-r requirements-ci.txt (line 4))
2026-10-08T16:51:38.3902889Z   Downloading attrs-26.1.0-py3-none-any.whl.metadata (8.8 kB)
2026-10-08T16:51:38.4536870Z Collecting jsonschema-specifications>=2023.03.6 (from jsonschema>=4.21->capture-session==0.1.0->-r requirements-ci.txt (line 4))
2026-10-08T16:51:38.4640671Z   Downloading jsonschema_specifications-2025.9.1-py3-none-any.whl.metadata (2.9 kB)
2026-10-08T16:51:38.5140596Z Collecting referencing>=0.28.4 (from jsonschema>=4.21->capture-session==0.1.0->-r requirements-ci.txt (line 4))
2026-10-08T16:51:38.5468151Z   Downloading referencing-0.37.0-py3-none-any.whl.metadata (2.8 kB)
2026-10-08T16:51:38.8536997Z Collecting rpds-py>=0.25.0 (from jsonschema>=4.21->capture-session==0.1.0->-r requirements-ci.txt (line 4))
2026-10-08T16:51:38.8641850Z   Downloading rpds_py-2026.9.1-cp312-cp312-win_amd64.whl.metadata (4.2 kB)
2026-10-08T16:51:38.9861672Z Collecting contourpy>=1.0.1 (from matplotlib>=3.8->capture-analysis==0.1.0)
2026-10-08T16:51:38.9989727Z   Downloading contourpy-1.4.0-cp312-cp312-win_amd64.whl.metadata (3.8 kB)
2026-10-08T16:51:39.0362010Z Collecting cycler>=0.10 (from matplotlib>=3.8->capture-analysis==0.1.0)
2026-10-08T16:51:39.0607948Z   Downloading cycler-0.12.1-py3-none-any.whl.metadata (3.8 kB)
2026-10-08T16:51:39.2518309Z Collecting fonttools>=4.28.2 (from matplotlib>=3.8->capture-analysis==0.1.0)
2026-10-08T16:51:39.2811582Z   Downloading fonttools-4.66.1-cp312-cp312-win_amd64.whl.metadata (132 kB)
2026-10-08T16:51:39.3938175Z Collecting kiwisolver>=1.3.1 (from matplotlib>=3.8->capture-analysis==0.1.0)
2026-10-08T16:51:39.4293485Z   Downloading kiwisolver-1.5.1-cp312-cp312-win_amd64.whl.metadata (5.2 kB)
2026-10-08T16:51:39.6636259Z Collecting pillow>=9 (from matplotlib>=3.8->capture-analysis==0.1.0)
2026-10-08T16:51:39.6747267Z   Downloading pillow-12.3.0-cp312-cp312-win_amd64.whl.metadata (9.3 kB)
2026-10-08T16:51:39.7563396Z Collecting pyparsing>=3 (from matplotlib>=3.8->capture-analysis==0.1.0)
2026-10-08T16:51:39.7679568Z   Downloading pyparsing-3.3.3-py3-none-any.whl.metadata (5.9 kB)
2026-10-08T16:51:39.8079353Z Collecting python-dateutil>=2.7 (from matplotlib>=3.8->capture-analysis==0.1.0)
2026-10-08T16:51:39.8448456Z   Downloading python_dateutil-2.9.0.post0-py2.py3-none-any.whl.metadata (8.4 kB)
2026-10-08T16:51:39.8903732Z Collecting tzdata (from pandas>=2.1->capture-analysis==0.1.0)
2026-10-08T16:51:39.9016037Z   Downloading tzdata-2026.5-py2.py3-none-any.whl.metadata (1.4 kB)
2026-10-08T16:51:39.9411270Z Collecting six>=1.5 (from python-dateutil>=2.7->matplotlib>=3.8->capture-analysis==0.1.0)
2026-10-08T16:51:39.9523806Z   Downloading six-1.17.0-py2.py3-none-any.whl.metadata (1.7 kB)
2026-10-08T16:51:40.0433696Z Downloading grpcio_tools-1.62.3-cp312-cp312-win_amd64.whl (1.1 MB)
2026-10-08T16:51:40.0895726Z    ---------------------------------------- 1.1/1.1 MB 25.5 MB/s  0:00:00
2026-10-08T16:51:40.1102531Z Downloading mcap-1.5.0-py3-none-any.whl (21 kB)
2026-10-08T16:51:40.1368500Z Downloading ruff-0.16.10-py3-none-win_amd64.whl (10.6 MB)
2026-10-08T16:51:40.3075799Z    ---------------------------------------- 10.6/10.6 MB 60.0 MB/s  0:00:00
2026-10-08T16:51:40.3240580Z Downloading protobuf-4.25.9-cp310-abi3-win_amd64.whl (413 kB)
2026-10-08T16:51:40.3543332Z Downloading pyside6-6.12.0-cp310-abi3-win_amd64.whl (578 kB)
2026-10-08T16:51:40.3750754Z    ---------------------------------------- 579.0/579.0 kB 10.2 MB/s  0:00:00
2026-10-08T16:51:40.3868574Z Downloading pyside6_addons-6.12.0-cp310-abi3-win_amd64.whl (40.5 MB)
2026-10-08T16:51:41.2050753Z    ---------------------------------------- 40.5/40.5 MB 48.6 MB/s  0:00:00
2026-10-08T16:51:41.2170127Z Downloading pyside6_essentials-6.12.0-cp310-abi3-win_amd64.whl (82.2 MB)
2026-10-08T16:51:42.9091584Z    ---------------------------------------- 82.2/82.2 MB 49.0 MB/s  0:00:01
2026-10-08T16:51:42.9212582Z Downloading pyside6_pdf-6.12.0.140-cp310-abi3-win_amd64.whl (3.0 MB)
2026-10-08T16:51:43.0358416Z    ---------------------------------------- 3.0/3.0 MB 29.3 MB/s  0:00:00
2026-10-08T16:51:43.0614204Z Downloading pyside6_webengine-6.12.0.140-cp310-abi3-win_amd64.whl (131.7 MB)
2026-10-08T16:51:46.2080232Z    ---------------------------------------- 131.7/131.7 MB 41.9 MB/s  0:00:03
2026-10-08T16:51:46.2224123Z Downloading shiboken6-6.12.0-cp310-abi3-win_amd64.whl (1.3 MB)
2026-10-08T16:51:46.2598974Z    ---------------------------------------- 1.3/1.3 MB 32.4 MB/s  0:00:00
2026-10-08T16:51:46.2702954Z Downloading pytest-9.1.1-py3-none-any.whl (386 kB)
2026-10-08T16:51:46.2968396Z Downloading pluggy-1.6.0-py3-none-any.whl (20 kB)
2026-10-08T16:51:46.3193605Z Downloading pytest_cov-7.1.0-py3-none-any.whl (22 kB)
2026-10-08T16:51:46.3450263Z Downloading coverage-7.16.2-cp312-cp312-win_amd64.whl (226 kB)
2026-10-08T16:51:46.3773061Z Downloading grpcio-1.84.0-cp312-cp312-win_amd64.whl (5.3 MB)
2026-10-08T16:51:46.4518703Z    ---------------------------------------- 5.3/5.3 MB 79.2 MB/s  0:00:00
2026-10-08T16:51:46.4621264Z Downloading typing_extensions-4.16.0-py3-none-any.whl (45 kB)
2026-10-08T16:51:46.4968460Z Downloading iniconfig-2.3.1-py3-none-any.whl (7.6 kB)
2026-10-08T16:51:46.5207024Z Downloading jsonschema-4.26.0-py3-none-any.whl (90 kB)
2026-10-08T16:51:46.5438660Z Downloading attrs-26.1.0-py3-none-any.whl (67 kB)
2026-10-08T16:51:46.5684012Z Downloading jsonschema_specifications-2025.9.1-py3-none-any.whl (18 kB)
2026-10-08T16:51:46.6167020Z Downloading matplotlib-3.11.2-cp312-cp312-win_amd64.whl (9.3 MB)
2026-10-08T16:51:46.9089907Z    ---------------------------------------- 9.3/9.3 MB 30.7 MB/s  0:00:00
2026-10-08T16:51:46.9243307Z Downloading contourpy-1.4.0-cp312-cp312-win_amd64.whl (234 kB)
2026-10-08T16:51:46.9512255Z Downloading cycler-0.12.1-py3-none-any.whl (8.3 kB)
2026-10-08T16:51:46.9795440Z Downloading fonttools-4.66.1-cp312-cp312-win_amd64.whl (2.5 MB)
2026-10-08T16:51:47.0168912Z    ---------------------------------------- 2.5/2.5 MB 71.8 MB/s  0:00:00
2026-10-08T16:51:47.0321105Z Downloading kiwisolver-1.5.1-cp312-cp312-win_amd64.whl (70 kB)
2026-10-08T16:51:47.0693402Z Downloading numpy-2.5.3-cp312-cp312-win_amd64.whl (12.6 MB)
2026-10-08T16:51:47.2093110Z    ---------------------------------------- 12.6/12.6 MB 87.3 MB/s  0:00:00
2026-10-08T16:51:47.2225921Z Downloading pandas-3.0.6-cp312-cp312-win_amd64.whl (9.7 MB)
2026-10-08T16:51:47.3407580Z    ---------------------------------------- 9.7/9.7 MB 86.2 MB/s  0:00:00
2026-10-08T16:51:47.3571737Z Downloading pillow-12.3.0-cp312-cp312-win_amd64.whl (7.2 MB)
2026-10-08T16:51:47.4228512Z    ---------------------------------------- 7.2/7.2 MB 112.3 MB/s  0:00:00
2026-10-08T16:51:47.4363287Z Downloading pyarrow-25.0.1-cp312-cp312-win_amd64.whl (28.0 MB)
2026-10-08T16:51:47.9542078Z    ---------------------------------------- 28.0/28.0 MB 53.8 MB/s  0:00:00
2026-10-08T16:51:47.9655214Z Downloading pygments-2.21.0-py3-none-any.whl (1.3 MB)
2026-10-08T16:51:47.9955546Z    ---------------------------------------- 1.3/1.3 MB 31.9 MB/s  0:00:00
2026-10-08T16:51:48.0055069Z Downloading pyparsing-3.3.3-py3-none-any.whl (126 kB)
2026-10-08T16:51:48.0400895Z Downloading pyqtgraph-0.14.0-py3-none-any.whl (1.9 MB)
2026-10-08T16:51:48.0956516Z    ---------------------------------------- 1.9/1.9 MB 35.4 MB/s  0:00:00
2026-10-08T16:51:48.2590989Z Downloading python_dateutil-2.9.0.post0-py2.py3-none-any.whl (229 kB)
2026-10-08T16:51:48.2878370Z Downloading pyyaml-6.0.3-cp312-cp312-win_amd64.whl (154 kB)
2026-10-08T16:51:48.3126164Z Downloading referencing-0.37.0-py3-none-any.whl (26 kB)
2026-10-08T16:51:48.3413706Z Downloading rpds_py-2026.9.1-cp312-cp312-win_amd64.whl (222 kB)
2026-10-08T16:51:48.3724232Z Downloading scipy-1.18.1-cp312-cp312-win_amd64.whl (36.7 MB)
2026-10-08T16:51:48.9477921Z    ---------------------------------------- 36.7/36.7 MB 63.0 MB/s  0:00:00
2026-10-08T16:51:48.9592956Z Downloading six-1.17.0-py2.py3-none-any.whl (11 kB)
2026-10-08T16:51:48.9994280Z Downloading lz4-4.4.5-cp312-cp312-win_amd64.whl (99 kB)
2026-10-08T16:51:49.0165711Z Using cached setuptools-84.0.0-py3-none-any.whl (818 kB)
2026-10-08T16:51:49.0289558Z Downloading tzdata-2026.5-py2.py3-none-any.whl (347 kB)
2026-10-08T16:51:49.0572328Z Downloading zstandard-0.25.0-cp312-cp312-win_amd64.whl (506 kB)
2026-10-08T16:51:49.6707981Z Building wheels for collected packages: capture-protocol, capture-session, capture-analysis, capture-worker, capture-desktop
2026-10-08T16:51:50.2220816Z   Building editable for capture-protocol (pyproject.toml): started
2026-10-08T16:51:50.6194992Z   Building editable for capture-protocol (pyproject.toml): finished with status 'done'
2026-10-08T16:51:50.6225793Z   Created wheel for capture-protocol: filename=capture_protocol-0.1.0-0.editable-py3-none-any.whl size=7398 sha256=e0b159196577c37bb5b58304d4293099c61bc1729aec54e852c28ac0ba0286c3
2026-10-08T16:51:50.6227573Z   Stored in directory: C:\Users\runneradmin\AppData\Local\Temp\pip-ephem-wheel-cache-z_40czgb\wheels\be\38\74\adf0f9a8f0ba8d26599b299cff33b892a58ed35959c9e09acd
2026-10-08T16:51:50.6271832Z   Building editable for capture-session (pyproject.toml): started
2026-10-08T16:51:50.9660583Z   Building editable for capture-session (pyproject.toml): finished with status 'done'
2026-10-08T16:51:50.9692518Z   Created wheel for capture-session: filename=capture_session-0.1.0-0.editable-py3-none-any.whl size=2863 sha256=410383a4f1e4e5ae6d0bef5e66a215409b7ef0fa0df33a81d9b06e652aa17398
2026-10-08T16:51:50.9695181Z   Stored in directory: C:\Users\runneradmin\AppData\Local\Temp\pip-ephem-wheel-cache-z_40czgb\wheels\49\8f\6e\163bd066522d89fdd0906cf22a1687ebc628821c7980903be9
2026-10-08T16:51:50.9739496Z   Building editable for capture-analysis (pyproject.toml): started
2026-10-08T16:51:51.3481274Z   Building editable for capture-analysis (pyproject.toml): finished with status 'done'
2026-10-08T16:51:51.3512631Z   Created wheel for capture-analysis: filename=capture_analysis-0.1.0-0.editable-py3-none-any.whl size=3050 sha256=6b42d188c746b1bb1592932b2c42a4ea19c82ff13151c094a51c3347c7cc9669
2026-10-08T16:51:51.3515358Z   Stored in directory: C:\Users\runneradmin\AppData\Local\Temp\pip-ephem-wheel-cache-z_40czgb\wheels\f4\d1\58\14e4976a0c15c2c470fc12f9a2873cc8c4bc7bd989766b97b4
2026-10-08T16:51:51.3561749Z   Building editable for capture-worker (pyproject.toml): started
2026-10-08T16:51:51.7272322Z   Building editable for capture-worker (pyproject.toml): finished with status 'done'
2026-10-08T16:51:51.7306396Z   Created wheel for capture-worker: filename=capture_worker-0.1.0-0.editable-py3-none-any.whl size=7659 sha256=f4262489391c85149b5426e67c319327b5c213437784f35ade3bc9880d5874f7
2026-10-08T16:51:51.7308698Z   Stored in directory: C:\Users\runneradmin\AppData\Local\Temp\pip-ephem-wheel-cache-z_40czgb\wheels\91\10\bd\b56fd1c22822b4cd753ca217f259119db33a4fa54b26c297ee
2026-10-08T16:51:51.7353359Z   Building editable for capture-desktop (pyproject.toml): started
2026-10-08T16:51:52.0805299Z   Building editable for capture-desktop (pyproject.toml): finished with status 'done'
2026-10-08T16:51:52.0838895Z   Created wheel for capture-desktop: filename=capture_desktop-0.1.0-0.editable-py3-none-any.whl size=3184 sha256=be0abcbb2767c25cc20e7c870237a5063cf2c9cd798191e9dddf531d1cdda113
2026-10-08T16:51:52.0841606Z   Stored in directory: C:\Users\runneradmin\AppData\Local\Temp\pip-ephem-wheel-cache-z_40czgb\wheels\04\f4\80\083223dba330947d948f2d768e3de9f1e54ae638d0a391d614
2026-10-08T16:51:52.0865240Z Successfully built capture-protocol capture-session capture-analysis capture-worker capture-desktop
2026-10-08T16:51:52.2517353Z Installing collected packages: zstandard, tzdata, typing-extensions, six, shiboken6, setuptools, ruff, rpds-py, pyyaml, pyparsing, pygments, pyarrow, protobuf, pluggy, pillow, numpy, lz4, kiwisolver, iniconfig, fonttools, cycler, coverage, attrs, scipy, referencing, python-dateutil, pytest, PySide6_Essentials, pyqtgraph, mcap, grpcio, contourpy, capture-protocol, pytest-cov, PySide6_Pdf, PySide6_Addons, pandas, matplotlib, jsonschema-specifications, grpcio-tools, capture-worker, PySide6_WebEngine, jsonschema, PySide6, capture-session, capture-desktop, capture-analysis
2026-10-08T16:52:38.8098372Z 
2026-10-08T16:52:38.8152100Z Successfully installed PySide6-6.12.0 PySide6_Addons-6.12.0 PySide6_Essentials-6.12.0 PySide6_Pdf-6.12.0.140 PySide6_WebEngine-6.12.0.140 attrs-26.1.0 capture-analysis-0.1.0 capture-desktop-0.1.0 capture-protocol-0.1.0 capture-session-0.1.0 capture-worker-0.1.0 contourpy-1.4.0 coverage-7.16.2 cycler-0.12.1 fonttools-4.66.1 grpcio-1.84.0 grpcio-tools-1.62.3 iniconfig-2.3.1 jsonschema-4.26.0 jsonschema-specifications-2025.9.1 kiwisolver-1.5.1 lz4-4.4.5 matplotlib-3.11.2 mcap-1.5.0 numpy-2.5.3 pandas-3.0.6 pillow-12.3.0 pluggy-1.6.0 protobuf-4.25.9 pyarrow-25.0.1 pygments-2.21.0 pyparsing-3.3.3 pyqtgraph-0.14.0 pytest-9.1.1 pytest-cov-7.1.0 python-dateutil-2.9.0.post0 pyyaml-6.0.3 referencing-0.37.0 rpds-py-2026.9.1 ruff-0.16.10 scipy-1.18.1 setuptools-84.0.0 shiboken6-6.12.0 six-1.17.0 typing-extensions-4.16.0 tzdata-2026.5 zstandard-0.25.0
2026-10-08T16:52:39.6732066Z ##[group]Run python -m pip check
2026-10-08T16:52:39.6732427Z [36;1mpython -m pip check[0m
2026-10-08T16:52:39.6775789Z shell: C:\Program Files\PowerShell\7\pwsh.EXE -command ". '{0}'"
2026-10-08T16:52:39.6776135Z env:
2026-10-08T16:52:39.6776409Z   pythonLocation: C:\hostedtoolcache\windows\Python\3.12.10\x64
2026-10-08T16:52:39.6776865Z   PKG_CONFIG_PATH: C:\hostedtoolcache\windows\Python\3.12.10\x64/lib/pkgconfig
2026-10-08T16:52:39.6777320Z   Python_ROOT_DIR: C:\hostedtoolcache\windows\Python\3.12.10\x64
2026-10-08T16:52:39.6777710Z   Python2_ROOT_DIR: C:\hostedtoolcache\windows\Python\3.12.10\x64
2026-10-08T16:52:39.6778108Z   Python3_ROOT_DIR: C:\hostedtoolcache\windows\Python\3.12.10\x64
2026-10-08T16:52:39.6778417Z ##[endgroup]
2026-10-08T16:52:40.4364840Z No broken requirements found.
2026-10-08T16:52:40.5905951Z ##[group]Run python tools/check_ci_contract.py --check-environment
2026-10-08T16:52:40.5906507Z [36;1mpython tools/check_ci_contract.py --check-environment[0m
2026-10-08T16:52:40.5950239Z shell: C:\Program Files\PowerShell\7\pwsh.EXE -command ". '{0}'"
2026-10-08T16:52:40.5950586Z env:
2026-10-08T16:52:40.5950859Z   pythonLocation: C:\hostedtoolcache\windows\Python\3.12.10\x64
2026-10-08T16:52:40.5951331Z   PKG_CONFIG_PATH: C:\hostedtoolcache\windows\Python\3.12.10\x64/lib/pkgconfig
2026-10-08T16:52:40.5951789Z   Python_ROOT_DIR: C:\hostedtoolcache\windows\Python\3.12.10\x64
2026-10-08T16:52:40.5952208Z   Python2_ROOT_DIR: C:\hostedtoolcache\windows\Python\3.12.10\x64
2026-10-08T16:52:40.5952618Z   Python3_ROOT_DIR: C:\hostedtoolcache\windows\Python\3.12.10\x64
2026-10-08T16:52:40.5952933Z ##[endgroup]
2026-10-08T16:52:47.3810056Z Matplotlib is building the font cache; this may take a moment.
2026-10-08T16:53:01.4329598Z {
2026-10-08T16:53:01.4330050Z   "accepted": true,
2026-10-08T16:53:01.4330321Z   "errors": []
2026-10-08T16:53:01.4330548Z }
2026-10-08T16:53:01.7223635Z ##[group]Run python tools/gen_protos.py
2026-10-08T16:53:01.7224048Z [36;1mpython tools/gen_protos.py[0m
2026-10-08T16:53:01.7263656Z shell: C:\Program Files\PowerShell\7\pwsh.EXE -command ". '{0}'"
2026-10-08T16:53:01.7263991Z env:
2026-10-08T16:53:01.7264249Z   pythonLocation: C:\hostedtoolcache\windows\Python\3.12.10\x64
2026-10-08T16:53:01.7264703Z   PKG_CONFIG_PATH: C:\hostedtoolcache\windows\Python\3.12.10\x64/lib/pkgconfig
2026-10-08T16:53:01.7265152Z   Python_ROOT_DIR: C:\hostedtoolcache\windows\Python\3.12.10\x64
2026-10-08T16:53:01.7266359Z   Python2_ROOT_DIR: C:\hostedtoolcache\windows\Python\3.12.10\x64
2026-10-08T16:53:01.7266758Z   Python3_ROOT_DIR: C:\hostedtoolcache\windows\Python\3.12.10\x64
2026-10-08T16:53:01.7267085Z ##[endgroup]
2026-10-08T16:53:02.1747213Z Running: C:\hostedtoolcache\windows\Python\3.12.10\x64\python.exe -m grpc_tools.protoc --proto_path=D:\a\CaptureSuite\CaptureSuite\schemas\proto --python_out=D:\a\CaptureSuite\CaptureSuite\libs\python\capture_protocol\capture_protocol\generated --descriptor_set_out=D:\a\CaptureSuite\CaptureSuite\build\generated\capture_v1.desc --include_imports --proto_path=C:\hostedtoolcache\windows\Python\3.12.10\x64\Lib\site-packages\grpc_tools\_proto capture/v1/arrays.proto capture/v1/common.proto capture/v1/control.proto capture/v1/data/emg_batch.proto capture/v1/data/imu_frame.proto capture/v1/data/numeric_batch.proto capture/v1/data/radar_doppler.proto capture/v1/data/radar_frame.proto capture/v1/data/video_timing.proto capture/v1/events.proto capture/v1/health.proto capture/v1/presets.proto capture/v1/preview.proto capture/v1/project.proto capture/v1/source.proto capture/v1/storage.proto capture/v1/worker.proto
2026-10-08T16:53:02.1752124Z Wrote Python bindings under D:\a\CaptureSuite\CaptureSuite\libs\python\capture_protocol\capture_protocol\generated
2026-10-08T16:53:02.1753025Z Wrote descriptor set D:\a\CaptureSuite\CaptureSuite\build\generated\capture_v1.desc
2026-10-08T16:53:02.3018159Z ##[group]Run git diff --exit-code -- libs/python/capture_protocol/capture_protocol/generated
2026-10-08T16:53:02.3018869Z [36;1mgit diff --exit-code -- libs/python/capture_protocol/capture_protocol/generated[0m
2026-10-08T16:53:02.3058436Z shell: C:\Program Files\PowerShell\7\pwsh.EXE -command ". '{0}'"
2026-10-08T16:53:02.3058768Z env:
2026-10-08T16:53:02.3059035Z   pythonLocation: C:\hostedtoolcache\windows\Python\3.12.10\x64
2026-10-08T16:53:02.3059503Z   PKG_CONFIG_PATH: C:\hostedtoolcache\windows\Python\3.12.10\x64/lib/pkgconfig
2026-10-08T16:53:02.3059985Z   Python_ROOT_DIR: C:\hostedtoolcache\windows\Python\3.12.10\x64
2026-10-08T16:53:02.3060376Z   Python2_ROOT_DIR: C:\hostedtoolcache\windows\Python\3.12.10\x64
2026-10-08T16:53:02.3060779Z   Python3_ROOT_DIR: C:\hostedtoolcache\windows\Python\3.12.10\x64
2026-10-08T16:53:02.3061098Z ##[endgroup]
2026-10-08T16:53:02.8470572Z ##[group]Run python tools/gen_session_schemas.py
2026-10-08T16:53:02.8471012Z [36;1mpython tools/gen_session_schemas.py[0m
2026-10-08T16:53:02.8510532Z shell: C:\Program Files\PowerShell\7\pwsh.EXE -command ". '{0}'"
2026-10-08T16:53:02.8510874Z env:
2026-10-08T16:53:02.8511141Z   pythonLocation: C:\hostedtoolcache\windows\Python\3.12.10\x64
2026-10-08T16:53:02.8511620Z   PKG_CONFIG_PATH: C:\hostedtoolcache\windows\Python\3.12.10\x64/lib/pkgconfig
2026-10-08T16:53:02.8512091Z   Python_ROOT_DIR: C:\hostedtoolcache\windows\Python\3.12.10\x64
2026-10-08T16:53:02.8512497Z   Python2_ROOT_DIR: C:\hostedtoolcache\windows\Python\3.12.10\x64
2026-10-08T16:53:02.8512935Z   Python3_ROOT_DIR: C:\hostedtoolcache\windows\Python\3.12.10\x64
2026-10-08T16:53:02.8513251Z ##[endgroup]
2026-10-08T16:53:03.1790445Z Wrote 19 schemas to D:\a\CaptureSuite\CaptureSuite\schemas\session\jsonschema
2026-10-08T16:53:03.2871205Z ##[group]Run git diff --exit-code -- schemas/session/jsonschema
2026-10-08T16:53:03.2871842Z [36;1mgit diff --exit-code -- schemas/session/jsonschema[0m
2026-10-08T16:53:03.2912272Z shell: C:\Program Files\PowerShell\7\pwsh.EXE -command ". '{0}'"
2026-10-08T16:53:03.2912678Z env:
2026-10-08T16:53:03.2969389Z   pythonLocation: C:\hostedtoolcache\windows\Python\3.12.10\x64
2026-10-08T16:53:03.2969931Z   PKG_CONFIG_PATH: C:\hostedtoolcache\windows\Python\3.12.10\x64/lib/pkgconfig
2026-10-08T16:53:03.2970406Z   Python_ROOT_DIR: C:\hostedtoolcache\windows\Python\3.12.10\x64
2026-10-08T16:53:03.2970816Z   Python2_ROOT_DIR: C:\hostedtoolcache\windows\Python\3.12.10\x64
2026-10-08T16:53:03.2971213Z   Python3_ROOT_DIR: C:\hostedtoolcache\windows\Python\3.12.10\x64
2026-10-08T16:53:03.2971763Z ##[endgroup]
2026-10-08T16:53:03.6547038Z ##[group]Run ruff check libs/python/capture_protocol libs/python/capture_session libs/python/capture_analysis libs/python/capture_worker workers/python_host desktop/capture_desktop tools tests plugins/example_sine_py plugins/lsl_bridge
2026-10-08T16:53:03.6548729Z [36;1mruff check libs/python/capture_protocol libs/python/capture_session libs/python/capture_analysis libs/python/capture_worker workers/python_host desktop/capture_desktop tools tests plugins/example_sine_py plugins/lsl_bridge[0m
2026-10-08T16:53:03.6589774Z shell: C:\Program Files\PowerShell\7\pwsh.EXE -command ". '{0}'"
2026-10-08T16:53:03.6590117Z env:
2026-10-08T16:53:03.6590382Z   pythonLocation: C:\hostedtoolcache\windows\Python\3.12.10\x64
2026-10-08T16:53:03.6590842Z   PKG_CONFIG_PATH: C:\hostedtoolcache\windows\Python\3.12.10\x64/lib/pkgconfig
2026-10-08T16:53:03.6591316Z   Python_ROOT_DIR: C:\hostedtoolcache\windows\Python\3.12.10\x64
2026-10-08T16:53:03.6591765Z   Python2_ROOT_DIR: C:\hostedtoolcache\windows\Python\3.12.10\x64
2026-10-08T16:53:03.6592167Z   Python3_ROOT_DIR: C:\hostedtoolcache\windows\Python\3.12.10\x64
2026-10-08T16:53:03.6592479Z ##[endgroup]
2026-10-08T16:53:04.0439418Z All checks passed!
2026-10-08T16:53:04.1471828Z ##[group]Run python tools/check_licenses.py --enforce-spdx
2026-10-08T16:53:04.1472315Z [36;1mpython tools/check_licenses.py --enforce-spdx[0m
2026-10-08T16:53:04.1518903Z shell: C:\Program Files\PowerShell\7\pwsh.EXE -command ". '{0}'"
2026-10-08T16:53:04.1519255Z env:
2026-10-08T16:53:04.1519541Z   pythonLocation: C:\hostedtoolcache\windows\Python\3.12.10\x64
2026-10-08T16:53:04.1520018Z   PKG_CONFIG_PATH: C:\hostedtoolcache\windows\Python\3.12.10\x64/lib/pkgconfig
2026-10-08T16:53:04.1520477Z   Python_ROOT_DIR: C:\hostedtoolcache\windows\Python\3.12.10\x64
2026-10-08T16:53:04.1520876Z   Python2_ROOT_DIR: C:\hostedtoolcache\windows\Python\3.12.10\x64
2026-10-08T16:53:04.1521275Z   Python3_ROOT_DIR: C:\hostedtoolcache\windows\Python\3.12.10\x64
2026-10-08T16:53:04.1521602Z ##[endgroup]
2026-10-08T16:53:04.9046500Z license check OK
2026-10-08T16:53:05.0105423Z ##[group]Run python tools/run_ci_tests.py
2026-10-08T16:53:05.0105801Z [36;1mpython tools/run_ci_tests.py[0m
2026-10-08T16:53:05.0144836Z shell: C:\Program Files\PowerShell\7\pwsh.EXE -command ". '{0}'"
2026-10-08T16:53:05.0145175Z env:
2026-10-08T16:53:05.0145433Z   pythonLocation: C:\hostedtoolcache\windows\Python\3.12.10\x64
2026-10-08T16:53:05.0145911Z   PKG_CONFIG_PATH: C:\hostedtoolcache\windows\Python\3.12.10\x64/lib/pkgconfig
2026-10-08T16:53:05.0146357Z   Python_ROOT_DIR: C:\hostedtoolcache\windows\Python\3.12.10\x64
2026-10-08T16:53:05.0146763Z   Python2_ROOT_DIR: C:\hostedtoolcache\windows\Python\3.12.10\x64
2026-10-08T16:53:05.0147163Z   Python3_ROOT_DIR: C:\hostedtoolcache\windows\Python\3.12.10\x64
2026-10-08T16:53:05.0147486Z   QT_QPA_PLATFORM: offscreen
2026-10-08T16:53:05.0147703Z ##[endgroup]
2026-10-08T16:58:06.6384166Z ........................................................................ [ 13%]
2026-10-08T16:58:06.6385761Z ........................................................................ [ 26%]
2026-10-08T16:58:06.6386475Z ........................................................................ [ 39%]
2026-10-08T16:58:06.6387110Z ........................................................................ [ 52%]
2026-10-08T16:58:06.6387788Z ..........................................................ssssss........ [ 65%]
2026-10-08T16:58:06.6388427Z ........................................................................ [ 78%]
2026-10-08T16:58:06.6389064Z ........................................................................ [ 91%]
2026-10-08T16:58:06.6389621Z ..................
2026-10-08T16:58:06.6389973Z {
2026-10-08T16:58:06.6390332Z   "schema": "capturesuite.test-receipt.v1",
2026-10-08T16:58:06.6390827Z   "accepted": false,
2026-10-08T16:58:06.6391190Z   "process_exit": null,
2026-10-08T16:58:06.6391865Z   "counts": null,
2026-10-08T16:58:06.6392211Z   "junit_sha256": null,
2026-10-08T16:58:06.6392573Z   "problems": [
2026-10-08T16:58:06.6392995Z     "Test process did not exit successfully",
2026-10-08T16:58:06.6393608Z     "JUnit unavailable or invalid: FileNotFoundError"
2026-10-08T16:58:06.6394155Z   ],
2026-10-08T16:58:06.6394737Z   "scope": "Process and test-evidence consistency, not clinical validation",
2026-10-08T16:58:06.6395486Z   "seconds": 300.02024009999997,
2026-10-08T16:58:06.6395981Z   "created_at": "2026-10-08T16:58:05.977591+00:00",
2026-10-08T16:58:06.6396905Z   "run_directory": "build/evidence/python-20261008T165305Z-8ba576a8",
2026-10-08T16:58:06.6397806Z   "log_sha256": "c2bf3d9313504aa13db59b07ce25b84c5cd3fcfc99331a60e3d0da7351784408",
2026-10-08T16:58:06.6398669Z   "source_commit": "0de94b767061ec1fe5c05d11c6baa36ec9ddf16b",
2026-10-08T16:58:06.6399214Z   "source_worktree_dirty": false,
2026-10-08T16:58:06.6399991Z   "source_tree_sha256": "54236876c74e30d97fb8ef1a930918dec17b2ca7d719fcdb47ca1af3bc6f1bed",
2026-10-08T16:58:06.6400869Z   "source_file_count": 1129,
2026-10-08T16:58:06.6401346Z   "github": {
2026-10-08T16:58:06.6401732Z     "GITHUB_ACTIONS": "true",
2026-10-08T16:58:06.6402215Z     "GITHUB_EVENT_NAME": "pull_request",
2026-10-08T16:58:06.6402861Z     "GITHUB_SHA": "0de94b767061ec1fe5c05d11c6baa36ec9ddf16b",
2026-10-08T16:58:06.6403516Z     "GITHUB_REF": "refs/pull/71/merge",
2026-10-08T16:58:06.6404167Z     "GITHUB_HEAD_REF": "work/analysis-history-401c5d17da79",
2026-10-08T16:58:06.6405106Z     "GITHUB_BASE_REF": "main",
2026-10-08T16:58:06.6405673Z     "GITHUB_RUN_ID": "37811934426",
2026-10-08T16:58:06.6406492Z     "GITHUB_WORKFLOW_REF": "Jacob-Met/CaptureSuite/.github/workflows/ci.yml@refs/pull/71/merge"
2026-10-08T16:58:06.6407237Z   },
2026-10-08T16:58:06.6407603Z   "source_unchanged_during_test": true
2026-10-08T16:58:06.6408101Z }
2026-10-08T16:58:06.7385198Z ##[error]Process completed with exit code 1.
2026-10-08T16:58:06.7589535Z ##[group]Run actions/upload-artifact@043fb46d1a93c77aae656e7c1c64a875d1fc6a0a
2026-10-08T16:58:06.7590073Z with:
2026-10-08T16:58:06.7590317Z   name: python-test-evidence
2026-10-08T16:58:06.7590610Z   path: build/evidence/
2026-10-08T16:58:06.7590879Z   if-no-files-found: warn
2026-10-08T16:58:06.7591515Z   retention-days: 7
2026-10-08T16:58:06.7591837Z   compression-level: 6
2026-10-08T16:58:06.7592109Z   overwrite: false
2026-10-08T16:58:06.7592390Z   include-hidden-files: false
2026-10-08T16:58:06.7592661Z   archive: true
2026-10-08T16:58:06.7592908Z env:
2026-10-08T16:58:06.7593211Z   pythonLocation: C:\hostedtoolcache\windows\Python\3.12.10\x64
2026-10-08T16:58:06.7593726Z   PKG_CONFIG_PATH: C:\hostedtoolcache\windows\Python\3.12.10\x64/lib/pkgconfig
2026-10-08T16:58:06.7594241Z   Python_ROOT_DIR: C:\hostedtoolcache\windows\Python\3.12.10\x64
2026-10-08T16:58:06.7594690Z   Python2_ROOT_DIR: C:\hostedtoolcache\windows\Python\3.12.10\x64
2026-10-08T16:58:06.7595203Z   Python3_ROOT_DIR: C:\hostedtoolcache\windows\Python\3.12.10\x64
2026-10-08T16:58:06.7595573Z ##[endgroup]
2026-10-08T16:58:07.1168016Z With the provided path, there will be 280 files uploaded
2026-10-08T16:58:07.1174341Z Artifact name is valid!
2026-10-08T16:58:07.1175964Z Root directory input is valid!
2026-10-08T16:58:07.3285502Z Uploading artifact: python-test-evidence.zip
2026-10-08T16:58:07.3332109Z Beginning upload of artifact content to blob storage
2026-10-08T16:58:07.8565612Z Uploaded bytes 1600563
2026-10-08T16:58:07.8696378Z Finished uploading artifact content to blob storage!
2026-10-08T16:58:07.8698090Z SHA256 digest of uploaded artifact is 5d0a77f1b24a3807d407e11e847e0354a3876c6ffbbe1d937a188dc0896c18f3
2026-10-08T16:58:07.8699101Z Finalizing artifact upload
2026-10-08T16:58:08.1441604Z Artifact python-test-evidence successfully finalized. Artifact ID 11566210891
2026-10-08T16:58:08.1443437Z Artifact python-test-evidence has been successfully uploaded! Final size is 1600563 bytes. Artifact ID is 11566210891
2026-10-08T16:58:08.1449751Z Artifact download URL: https://github.com/Jacob-Met/CaptureSuite/actions/runs/37811934426/artifacts/11566210891
2026-10-08T16:58:08.1794732Z Post job cleanup.
2026-10-08T16:58:08.4211801Z [command]"C:\Program Files\Git\bin\git.exe" version
2026-10-08T16:58:08.4510656Z git version 2.56.0.windows.1
2026-10-08T16:58:08.4585935Z Temporarily overriding HOME='D:\a\_temp\c5c09ce2-1082-4774-8541-c786d7428b36' before making global git config changes
2026-10-08T16:58:08.4587608Z Adding repository directory to the temporary git global config as a safe directory
2026-10-08T16:58:08.4600414Z [command]"C:\Program Files\Git\bin\git.exe" config --global --add safe.directory D:\a\CaptureSuite\CaptureSuite
2026-10-08T16:58:08.4932217Z [command]"C:\Program Files\Git\bin\git.exe" config --local --name-only --get-regexp core\.sshCommand
2026-10-08T16:58:08.5262548Z [command]"C:\Program Files\Git\bin\git.exe" submodule foreach --recursive "sh -c \"git config --local --name-only --get-regexp 'core\.sshCommand' && git config --local --unset-all 'core.sshCommand' || :\""
2026-10-08T16:58:09.0448059Z [command]"C:\Program Files\Git\bin\git.exe" config --local --name-only --get-regexp http\.https\:\/\/github\.com\/\.extraheader
2026-10-08T16:58:09.0731062Z http.https://github.com/.extraheader
2026-10-08T16:58:09.0768682Z [command]"C:\Program Files\Git\bin\git.exe" config --local --unset-all http.https://github.com/.extraheader
2026-10-08T16:58:09.1078354Z [command]"C:\Program Files\Git\bin\git.exe" submodule foreach --recursive "sh -c \"git config --local --name-only --get-regexp 'http\.https\:\/\/github\.com\/\.extraheader' && git config --local --unset-all 'http.https://github.com/.extraheader' || :\""
2026-10-08T16:58:09.6026739Z [command]"C:\Program Files\Git\bin\git.exe" config --local --name-only --get-regexp ^includeIf\.gitdir:
2026-10-08T16:58:09.6356072Z [command]"C:\Program Files\Git\bin\git.exe" submodule foreach --recursive "git config --local --show-origin --name-only --get-regexp remote.origin.url"
2026-10-08T16:58:10.1268790Z Cleaning up orphan processes
2026-10-08T16:58:10.1510083Z Terminate orphan process: pid (6732) (vctip)
2026-10-08T16:58:10.1569860Z Terminate orphan process: pid (5600) (MSBuild)
2026-10-08T16:58:10.1717959Z Terminate orphan process: pid (2176) (conhost)
2026-10-08T16:58:10.1726130Z ##[warning]Node.js 20 is deprecated. The following actions target Node.js 20 but are being forced to run on Node.js 24: actions/checkout@v4, actions/setup-python@v5. For more information see: https://github.blog/changelog/2025-09-19-deprecation-of-node-20-on-github-actions-runners/
