2026-10-08T17:56:47.7326226Z Current runner version: '2.337.0'
2026-10-08T17:56:47.7346244Z ##[group]Runner Image Provisioner
2026-10-08T17:56:47.7346904Z Hosted Compute Agent
2026-10-08T17:56:47.7347356Z Version: 20261002.596
2026-10-08T17:56:47.7347798Z Commit: c3d12f3313a95f25162a1503be624f3b0617f8c0
2026-10-08T17:56:47.7348319Z Build Date: 2026-10-02T22:28:27Z
2026-10-08T17:56:47.7348824Z Worker ID: {6648adac-1715-40e8-a42f-f6295f46e7d0}
2026-10-08T17:56:47.7349311Z Region: westus3
2026-10-08T17:56:47.7349696Z Cloud: Azure
2026-10-08T17:56:47.7350068Z ##[endgroup]
2026-10-08T17:56:47.7351049Z ##[group]Operating System
2026-10-08T17:56:47.7351517Z Microsoft Windows Server 2022
2026-10-08T17:56:47.7351967Z 10.0.20348
2026-10-08T17:56:47.7352342Z Datacenter
2026-10-08T17:56:47.7352706Z ##[endgroup]
2026-10-08T17:56:47.7353083Z ##[group]Runner Image
2026-10-08T17:56:47.7353498Z Image: windows-2022
2026-10-08T17:56:47.7353891Z Version: 20261004.326.1
2026-10-08T17:56:47.7354963Z Included Software: https://github.com/actions/runner-images/blob/win22/20261004.326/images/windows/Windows2022-Readme.md
2026-10-08T17:56:47.7356097Z Image Release: https://github.com/actions/runner-images/releases/tag/win22%2F20261004.326
2026-10-08T17:56:47.7356811Z ##[endgroup]
2026-10-08T17:56:47.7357715Z ##[group]GITHUB_TOKEN Permissions
2026-10-08T17:56:47.7359089Z Contents: read
2026-10-08T17:56:47.7359513Z Metadata: read
2026-10-08T17:56:47.7359973Z Packages: read
2026-10-08T17:56:47.7360405Z ##[endgroup]
2026-10-08T17:56:47.7361993Z Secret source: Actions
2026-10-08T17:56:47.7362658Z Cache mode: write
2026-10-08T17:56:47.7363119Z Prepare workflow directory
2026-10-08T17:56:47.7632414Z Prepare all required actions
2026-10-08T17:56:47.7685714Z Getting action download info
2026-10-08T17:56:48.0967089Z Download action repository 'actions/checkout@v4' (SHA:11d5960a326750d5838078e36cf38b85af677262)
2026-10-08T17:56:48.2383804Z Download action repository 'actions/setup-python@v5' (SHA:a26af69be951a213d495a4c3e4e4022e16d87065)
2026-10-08T17:56:48.5032702Z Download action repository 'actions/upload-artifact@043fb46d1a93c77aae656e7c1c64a875d1fc6a0a' (SHA:043fb46d1a93c77aae656e7c1c64a875d1fc6a0a)
2026-10-08T17:56:48.8673977Z Complete job name: python
2026-10-08T17:56:49.1352281Z ##[group]Run actions/checkout@v4
2026-10-08T17:56:49.1353324Z with:
2026-10-08T17:56:49.1353651Z   repository: Jacob-Met/CaptureSuite
2026-10-08T17:56:49.1357143Z   token: ***
2026-10-08T17:56:49.1357461Z   ssh-strict: true
2026-10-08T17:56:49.1357787Z   ssh-user: git
2026-10-08T17:56:49.1358111Z   persist-credentials: true
2026-10-08T17:56:49.1358463Z   clean: true
2026-10-08T17:56:49.1358787Z   sparse-checkout-cone-mode: true
2026-10-08T17:56:49.1359164Z   fetch-depth: 1
2026-10-08T17:56:49.1359474Z   fetch-tags: false
2026-10-08T17:56:49.1359786Z   show-progress: true
2026-10-08T17:56:49.1360109Z   lfs: false
2026-10-08T17:56:49.1360416Z   submodules: false
2026-10-08T17:56:49.1360738Z   set-safe-directory: true
2026-10-08T17:56:49.1361099Z   allow-unsafe-pr-checkout: false
2026-10-08T17:56:49.1361734Z ##[endgroup]
2026-10-08T17:56:49.2523169Z Syncing repository: Jacob-Met/CaptureSuite
2026-10-08T17:56:49.2524574Z ##[group]Getting Git version info
2026-10-08T17:56:49.2525171Z Working directory is 'D:\a\CaptureSuite\CaptureSuite'
2026-10-08T17:56:49.3362137Z [command]"C:\Program Files\Git\bin\git.exe" version
2026-10-08T17:56:50.7414136Z git version 2.56.0.windows.1
2026-10-08T17:56:50.7445182Z ##[endgroup]
2026-10-08T17:56:50.7459491Z Temporarily overriding HOME='D:\a\_temp\f1d6413d-486e-499a-89e9-ed09f2312c5c' before making global git config changes
2026-10-08T17:56:50.7460400Z Adding repository directory to the temporary git global config as a safe directory
2026-10-08T17:56:50.7468373Z [command]"C:\Program Files\Git\bin\git.exe" config --global --add safe.directory D:\a\CaptureSuite\CaptureSuite
2026-10-08T17:56:50.8460419Z Deleting the contents of 'D:\a\CaptureSuite\CaptureSuite'
2026-10-08T17:56:50.8464528Z ##[group]Initializing the repository
2026-10-08T17:56:50.8472143Z [command]"C:\Program Files\Git\bin\git.exe" init D:\a\CaptureSuite\CaptureSuite
2026-10-08T17:56:50.9891136Z Initialized empty Git repository in D:/a/CaptureSuite/CaptureSuite/.git/
2026-10-08T17:56:50.9927986Z [command]"C:\Program Files\Git\bin\git.exe" remote add origin https://github.com/Jacob-Met/CaptureSuite
2026-10-08T17:56:51.0933044Z ##[endgroup]
2026-10-08T17:56:51.0933519Z ##[group]Disabling automatic garbage collection
2026-10-08T17:56:51.0940936Z [command]"C:\Program Files\Git\bin\git.exe" config --local gc.auto 0
2026-10-08T17:56:51.1164314Z ##[endgroup]
2026-10-08T17:56:51.1164673Z ##[group]Setting up auth
2026-10-08T17:56:51.1173553Z [command]"C:\Program Files\Git\bin\git.exe" config --local --name-only --get-regexp core\.sshCommand
2026-10-08T17:56:51.1410006Z [command]"C:\Program Files\Git\bin\git.exe" submodule foreach --recursive "sh -c \"git config --local --name-only --get-regexp 'core\.sshCommand' && git config --local --unset-all 'core.sshCommand' || :\""
2026-10-08T17:56:54.5328680Z [command]"C:\Program Files\Git\bin\git.exe" config --local --name-only --get-regexp http\.https\:\/\/github\.com\/\.extraheader
2026-10-08T17:56:54.5565190Z [command]"C:\Program Files\Git\bin\git.exe" submodule foreach --recursive "sh -c \"git config --local --name-only --get-regexp 'http\.https\:\/\/github\.com\/\.extraheader' && git config --local --unset-all 'http.https://github.com/.extraheader' || :\""
2026-10-08T17:56:55.4711341Z [command]"C:\Program Files\Git\bin\git.exe" config --local --name-only --get-regexp ^includeIf\.gitdir:
2026-10-08T17:56:55.4979962Z [command]"C:\Program Files\Git\bin\git.exe" submodule foreach --recursive "git config --local --show-origin --name-only --get-regexp remote.origin.url"
2026-10-08T17:56:55.8909181Z [command]"C:\Program Files\Git\bin\git.exe" config --local http.https://github.com/.extraheader "AUTHORIZATION: basic ***"
2026-10-08T17:56:55.9144963Z ##[endgroup]
2026-10-08T17:56:55.9154900Z ##[group]Fetching the repository
2026-10-08T17:56:55.9157750Z [command]"C:\Program Files\Git\bin\git.exe" -c protocol.version=2 fetch --no-tags --prune --no-recurse-submodules --depth=1 origin +0de94b767061ec1fe5c05d11c6baa36ec9ddf16b:refs/remotes/pull/71/merge
2026-10-08T17:56:59.6644767Z From https://github.com/Jacob-Met/CaptureSuite
2026-10-08T17:56:59.6645515Z  * [new ref]         0de94b767061ec1fe5c05d11c6baa36ec9ddf16b -> pull/71/merge
2026-10-08T17:56:59.6672909Z ##[endgroup]
2026-10-08T17:56:59.6673552Z ##[group]Determining the checkout info
2026-10-08T17:56:59.6675313Z ##[endgroup]
2026-10-08T17:56:59.6684343Z [command]"C:\Program Files\Git\bin\git.exe" sparse-checkout disable
2026-10-08T17:56:59.7190073Z [command]"C:\Program Files\Git\bin\git.exe" config --local --unset-all extensions.worktreeConfig
2026-10-08T17:56:59.7446670Z ##[group]Checking out the ref
2026-10-08T17:56:59.7447158Z [command]"C:\Program Files\Git\bin\git.exe" checkout --progress --force refs/remotes/pull/71/merge
2026-10-08T17:57:00.0432897Z Note: switching to 'refs/remotes/pull/71/merge'.
2026-10-08T17:57:00.0433269Z 
2026-10-08T17:57:00.0433517Z You are in 'detached HEAD' state. You can look around, make experimental
2026-10-08T17:57:00.0434209Z changes and commit them, and you can discard any commits you make in this
2026-10-08T17:57:00.0434683Z state without impacting any branches by switching back to a branch.
2026-10-08T17:57:00.0434922Z 
2026-10-08T17:57:00.0435068Z If you want to create a new branch to retain commits you create, you may
2026-10-08T17:57:00.0435470Z do so (now or later) by using -c with the switch command. Example:
2026-10-08T17:57:00.0435668Z 
2026-10-08T17:57:00.0435777Z   git switch -c <new-branch-name>
2026-10-08T17:57:00.0435922Z 
2026-10-08T17:57:00.0436007Z Or undo this operation with:
2026-10-08T17:57:00.0436126Z 
2026-10-08T17:57:00.0436195Z   git switch -
2026-10-08T17:57:00.0436284Z 
2026-10-08T17:57:00.0436451Z Turn off this advice by setting config variable advice.detachedHead to false
2026-10-08T17:57:00.0437560Z 
2026-10-08T17:57:00.0564135Z HEAD is now at 0de94b7 Merge aefaffe03331f5c8e0cc41dfd75ce9c81f9d09fe into 3cbb5300bdc79c157370d1b3e599a6c82752d54a
2026-10-08T17:57:00.0618418Z ##[endgroup]
2026-10-08T17:57:00.0989617Z [command]"C:\Program Files\Git\bin\git.exe" log -1 --format=%H
2026-10-08T17:57:00.2602209Z 0de94b767061ec1fe5c05d11c6baa36ec9ddf16b
2026-10-08T17:57:00.2940222Z ##[group]Run actions/setup-python@v5
2026-10-08T17:57:00.2940499Z with:
2026-10-08T17:57:00.2940656Z   python-version: 3.12
2026-10-08T17:57:00.2940844Z   check-latest: false
2026-10-08T17:57:00.2942749Z   token: ***
2026-10-08T17:57:00.2942921Z   update-environment: true
2026-10-08T17:57:00.2943102Z   allow-prereleases: false
2026-10-08T17:57:00.2943271Z   freethreaded: false
2026-10-08T17:57:00.2943428Z ##[endgroup]
2026-10-08T17:57:00.4119855Z ##[group]Installed versions
2026-10-08T17:57:00.5101298Z (node:1592) [DEP0040] DeprecationWarning: The `punycode` module is deprecated. Please use a userland alternative instead.
2026-10-08T17:57:00.5102205Z (Use `node --trace-deprecation ...` to show where the warning was created)
2026-10-08T17:57:00.5102685Z Successfully set up CPython (3.12.10)
2026-10-08T17:57:00.5116627Z ##[endgroup]
2026-10-08T17:57:00.5310264Z ##[group]Run python -m pip install -r requirements-ci.txt
2026-10-08T17:57:00.5310724Z [36;1mpython -m pip install -r requirements-ci.txt[0m
2026-10-08T17:57:00.5422103Z shell: C:\Program Files\PowerShell\7\pwsh.EXE -command ". '{0}'"
2026-10-08T17:57:00.5422370Z env:
2026-10-08T17:57:00.5422579Z   pythonLocation: C:\hostedtoolcache\windows\Python\3.12.10\x64
2026-10-08T17:57:00.5422956Z   PKG_CONFIG_PATH: C:\hostedtoolcache\windows\Python\3.12.10\x64/lib/pkgconfig
2026-10-08T17:57:00.5423302Z   Python_ROOT_DIR: C:\hostedtoolcache\windows\Python\3.12.10\x64
2026-10-08T17:57:00.5423603Z   Python2_ROOT_DIR: C:\hostedtoolcache\windows\Python\3.12.10\x64
2026-10-08T17:57:00.5423898Z   Python3_ROOT_DIR: C:\hostedtoolcache\windows\Python\3.12.10\x64
2026-10-08T17:57:00.5424155Z ##[endgroup]
2026-10-08T17:57:13.8364101Z Obtaining file:///D:/a/CaptureSuite/CaptureSuite/libs/python/capture_protocol (from -r requirements-ci.txt (line 3))
2026-10-08T17:57:13.8387001Z   Installing build dependencies: started
2026-10-08T17:57:16.9915103Z   Installing build dependencies: finished with status 'done'
2026-10-08T17:57:16.9927473Z   Checking if build backend supports build_editable: started
2026-10-08T17:57:17.6027485Z   Checking if build backend supports build_editable: finished with status 'done'
2026-10-08T17:57:17.6045800Z   Getting requirements to build editable: started
2026-10-08T17:57:18.1678876Z   Getting requirements to build editable: finished with status 'done'
2026-10-08T17:57:18.1700620Z   Preparing editable metadata (pyproject.toml): started
2026-10-08T17:57:18.4172009Z   Preparing editable metadata (pyproject.toml): finished with status 'done'
2026-10-08T17:57:18.4209664Z Obtaining file:///D:/a/CaptureSuite/CaptureSuite/libs/python/capture_session (from -r requirements-ci.txt (line 4))
2026-10-08T17:57:18.4232429Z   Installing build dependencies: started
2026-10-08T17:57:19.8623999Z   Installing build dependencies: finished with status 'done'
2026-10-08T17:57:19.8636404Z   Checking if build backend supports build_editable: started
2026-10-08T17:57:20.2740652Z   Checking if build backend supports build_editable: finished with status 'done'
2026-10-08T17:57:20.2757960Z   Getting requirements to build editable: started
2026-10-08T17:57:20.7574938Z   Getting requirements to build editable: finished with status 'done'
2026-10-08T17:57:20.7596486Z   Preparing editable metadata (pyproject.toml): started
2026-10-08T17:57:21.0189141Z   Preparing editable metadata (pyproject.toml): finished with status 'done'
2026-10-08T17:57:21.0224232Z Obtaining file:///D:/a/CaptureSuite/CaptureSuite/libs/python/capture_analysis
2026-10-08T17:57:21.0244717Z   Installing build dependencies: started
2026-10-08T17:57:23.8436096Z   Installing build dependencies: finished with status 'done'
2026-10-08T17:57:23.8447741Z   Checking if build backend supports build_editable: started
2026-10-08T17:57:24.4631077Z   Checking if build backend supports build_editable: finished with status 'done'
2026-10-08T17:57:24.4647255Z   Getting requirements to build editable: started
2026-10-08T17:57:25.2352957Z   Getting requirements to build editable: finished with status 'done'
2026-10-08T17:57:25.2376307Z   Preparing editable metadata (pyproject.toml): started
2026-10-08T17:57:25.5709018Z   Preparing editable metadata (pyproject.toml): finished with status 'done'
2026-10-08T17:57:25.5746651Z Obtaining file:///D:/a/CaptureSuite/CaptureSuite/libs/python/capture_worker (from -r requirements-ci.txt (line 6))
2026-10-08T17:57:25.5766510Z   Installing build dependencies: started
2026-10-08T17:57:27.7691170Z   Installing build dependencies: finished with status 'done'
2026-10-08T17:57:27.7704662Z   Checking if build backend supports build_editable: started
2026-10-08T17:57:28.4184415Z   Checking if build backend supports build_editable: finished with status 'done'
2026-10-08T17:57:28.4201298Z   Getting requirements to build editable: started
2026-10-08T17:57:30.0800787Z   Getting requirements to build editable: finished with status 'done'
2026-10-08T17:57:30.0820319Z   Preparing editable metadata (pyproject.toml): started
2026-10-08T17:57:30.3877760Z   Preparing editable metadata (pyproject.toml): finished with status 'done'
2026-10-08T17:57:30.3911213Z Obtaining file:///D:/a/CaptureSuite/CaptureSuite/desktop
2026-10-08T17:57:30.3932556Z   Installing build dependencies: started
2026-10-08T17:57:32.7957072Z   Installing build dependencies: finished with status 'done'
2026-10-08T17:57:32.7968781Z   Checking if build backend supports build_editable: started
2026-10-08T17:57:33.2265032Z   Checking if build backend supports build_editable: finished with status 'done'
2026-10-08T17:57:33.2281837Z   Getting requirements to build editable: started
2026-10-08T17:57:33.6587068Z   Getting requirements to build editable: finished with status 'done'
2026-10-08T17:57:33.6607347Z   Preparing editable metadata (pyproject.toml): started
2026-10-08T17:57:33.9067811Z   Preparing editable metadata (pyproject.toml): finished with status 'done'
2026-10-08T17:57:34.5565953Z Collecting grpcio-tools<1.63,>=1.62 (from -r requirements-ci.txt (line 8))
2026-10-08T17:57:34.6811557Z   Downloading grpcio_tools-1.62.3-cp312-cp312-win_amd64.whl.metadata (6.4 kB)
2026-10-08T17:57:34.9110048Z Collecting mcap<2,>=1.1 (from -r requirements-ci.txt (line 9))
2026-10-08T17:57:34.9169092Z   Downloading mcap-1.5.0-py3-none-any.whl.metadata (380 bytes)
2026-10-08T17:57:35.0593349Z Collecting pytest>=8 (from -r requirements-ci.txt (line 10))
2026-10-08T17:57:35.0673129Z   Downloading pytest-9.1.1-py3-none-any.whl.metadata (7.6 kB)
2026-10-08T17:57:35.1618220Z Collecting pytest-cov>=5 (from -r requirements-ci.txt (line 11))
2026-10-08T17:57:35.1657087Z   Downloading pytest_cov-7.1.0-py3-none-any.whl.metadata (32 kB)
2026-10-08T17:57:35.5579775Z Collecting ruff<1,>=0.6 (from -r requirements-ci.txt (line 12))
2026-10-08T17:57:35.5727113Z   Downloading ruff-0.16.10-py3-none-win_amd64.whl.metadata (21 kB)
2026-10-08T17:57:35.9518688Z Collecting protobuf<5,>=4.25 (from capture-protocol==0.1.0->-r requirements-ci.txt (line 3))
2026-10-08T17:57:35.9591566Z   Downloading protobuf-4.25.9-cp310-abi3-win_amd64.whl.metadata (541 bytes)
2026-10-08T17:57:36.1657639Z Collecting jsonschema>=4.21 (from capture-session==0.1.0->-r requirements-ci.txt (line 4))
2026-10-08T17:57:36.1701651Z   Downloading jsonschema-4.26.0-py3-none-any.whl.metadata (7.6 kB)
2026-10-08T17:57:36.3344934Z Collecting pyyaml>=6.0 (from capture-analysis==0.1.0)
2026-10-08T17:57:36.3387571Z   Downloading pyyaml-6.0.3-cp312-cp312-win_amd64.whl.metadata (2.4 kB)
2026-10-08T17:57:36.4501523Z Collecting PySide6<7,>=6.6 (from capture-desktop==0.1.0)
2026-10-08T17:57:36.4543193Z   Downloading pyside6-6.12.0-cp310-abi3-win_amd64.whl.metadata (5.7 kB)
2026-10-08T17:57:36.6845401Z Collecting numpy>=1.26 (from capture-analysis==0.1.0)
2026-10-08T17:57:36.6892856Z   Downloading numpy-2.5.3-cp312-cp312-win_amd64.whl.metadata (6.6 kB)
2026-10-08T17:57:36.8787036Z Collecting scipy>=1.11 (from capture-analysis==0.1.0)
2026-10-08T17:57:36.8845686Z   Downloading scipy-1.18.1-cp312-cp312-win_amd64.whl.metadata (61 kB)
2026-10-08T17:57:37.0844933Z Collecting pandas>=2.1 (from capture-analysis==0.1.0)
2026-10-08T17:57:37.0942953Z   Downloading pandas-3.0.6-cp312-cp312-win_amd64.whl.metadata (19 kB)
2026-10-08T17:57:37.7307361Z Collecting pyarrow>=14.0 (from capture-analysis==0.1.0)
2026-10-08T17:57:37.7386891Z   Downloading pyarrow-25.0.1-cp312-cp312-win_amd64.whl.metadata (3.0 kB)
2026-10-08T17:57:37.9172942Z Collecting matplotlib>=3.8 (from capture-analysis==0.1.0)
2026-10-08T17:57:37.9225658Z   Downloading matplotlib-3.11.2-cp312-cp312-win_amd64.whl.metadata (80 kB)
2026-10-08T17:57:38.0875701Z Collecting pyqtgraph>=0.13 (from capture-desktop==0.1.0)
2026-10-08T17:57:38.0930842Z   Downloading pyqtgraph-0.14.0-py3-none-any.whl.metadata (1.5 kB)
2026-10-08T17:57:38.6176555Z Collecting grpcio>=1.62.3 (from grpcio-tools<1.63,>=1.62->-r requirements-ci.txt (line 8))
2026-10-08T17:57:38.6350630Z   Downloading grpcio-1.84.0-cp312-cp312-win_amd64.whl.metadata (3.9 kB)
2026-10-08T17:57:38.8024247Z Collecting setuptools (from grpcio-tools<1.63,>=1.62->-r requirements-ci.txt (line 8))
2026-10-08T17:57:38.8176033Z   Using cached setuptools-84.0.0-py3-none-any.whl.metadata (6.6 kB)
2026-10-08T17:57:39.1502545Z Collecting lz4 (from mcap<2,>=1.1->-r requirements-ci.txt (line 9))
2026-10-08T17:57:39.1711702Z   Downloading lz4-4.4.5-cp312-cp312-win_amd64.whl.metadata (3.9 kB)
2026-10-08T17:57:39.4763531Z Collecting zstandard (from mcap<2,>=1.1->-r requirements-ci.txt (line 9))
2026-10-08T17:57:39.4929874Z   Downloading zstandard-0.25.0-cp312-cp312-win_amd64.whl.metadata (3.3 kB)
2026-10-08T17:57:39.6890568Z Collecting PySide6_Essentials==6.12.0 (from PySide6<7,>=6.6->capture-desktop==0.1.0)
2026-10-08T17:57:39.6965552Z   Downloading pyside6_essentials-6.12.0-cp310-abi3-win_amd64.whl.metadata (3.9 kB)
2026-10-08T17:57:39.8621920Z Collecting PySide6_Addons==6.12.0 (from PySide6<7,>=6.6->capture-desktop==0.1.0)
2026-10-08T17:57:39.9265169Z   Downloading pyside6_addons-6.12.0-cp310-abi3-win_amd64.whl.metadata (4.4 kB)
2026-10-08T17:57:40.1534040Z Collecting PySide6_WebEngine==6.12.0.140 (from PySide6<7,>=6.6->capture-desktop==0.1.0)
2026-10-08T17:57:40.1598143Z   Downloading pyside6_webengine-6.12.0.140-cp310-abi3-win_amd64.whl.metadata (3.7 kB)
2026-10-08T17:57:40.4024023Z Collecting PySide6_Pdf==6.12.0.140 (from PySide6<7,>=6.6->capture-desktop==0.1.0)
2026-10-08T17:57:40.4209875Z   Downloading pyside6_pdf-6.12.0.140-cp310-abi3-win_amd64.whl.metadata (3.6 kB)
2026-10-08T17:57:40.5825837Z Collecting shiboken6==6.12.0 (from PySide6_Essentials==6.12.0->PySide6<7,>=6.6->capture-desktop==0.1.0)
2026-10-08T17:57:40.6176037Z   Downloading shiboken6-6.12.0-cp310-abi3-win_amd64.whl.metadata (2.6 kB)
2026-10-08T17:57:40.6891062Z Requirement already satisfied: colorama>=0.4 in C:\hostedtoolcache\windows\Python\3.12.10\x64\Lib\site-packages (from pytest>=8->-r requirements-ci.txt (line 10)) (0.4.6)
2026-10-08T17:57:40.7921965Z Collecting iniconfig>=1.0.1 (from pytest>=8->-r requirements-ci.txt (line 10))
2026-10-08T17:57:40.7962808Z   Downloading iniconfig-2.3.1-py3-none-any.whl.metadata (2.8 kB)
2026-10-08T17:57:40.9377792Z Requirement already satisfied: packaging>=22 in C:\hostedtoolcache\windows\Python\3.12.10\x64\Lib\site-packages (from pytest>=8->-r requirements-ci.txt (line 10)) (26.3)
2026-10-08T17:57:40.9990693Z Collecting pluggy<2,>=1.5 (from pytest>=8->-r requirements-ci.txt (line 10))
2026-10-08T17:57:41.0094846Z   Downloading pluggy-1.6.0-py3-none-any.whl.metadata (4.8 kB)
2026-10-08T17:57:41.1571054Z Collecting pygments>=2.7.2 (from pytest>=8->-r requirements-ci.txt (line 10))
2026-10-08T17:57:41.1650762Z   Downloading pygments-2.21.0-py3-none-any.whl.metadata (2.5 kB)
2026-10-08T17:57:41.5966550Z Collecting coverage>=7.10.6 (from coverage[toml]>=7.10.6->pytest-cov>=5->-r requirements-ci.txt (line 11))
2026-10-08T17:57:41.6009924Z   Downloading coverage-7.16.2-cp312-cp312-win_amd64.whl.metadata (8.4 kB)
2026-10-08T17:57:41.7848303Z Collecting typing-extensions~=4.12 (from grpcio>=1.62.3->grpcio-tools<1.63,>=1.62->-r requirements-ci.txt (line 8))
2026-10-08T17:57:41.7887694Z   Downloading typing_extensions-4.16.0-py3-none-any.whl.metadata (3.3 kB)
2026-10-08T17:57:41.8752378Z Collecting attrs>=22.2.0 (from jsonschema>=4.21->capture-session==0.1.0->-r requirements-ci.txt (line 4))
2026-10-08T17:57:42.0100452Z   Downloading attrs-26.1.0-py3-none-any.whl.metadata (8.8 kB)
2026-10-08T17:57:42.0938467Z Collecting jsonschema-specifications>=2023.03.6 (from jsonschema>=4.21->capture-session==0.1.0->-r requirements-ci.txt (line 4))
2026-10-08T17:57:42.0976801Z   Downloading jsonschema_specifications-2025.9.1-py3-none-any.whl.metadata (2.9 kB)
2026-10-08T17:57:42.5209828Z Collecting referencing>=0.28.4 (from jsonschema>=4.21->capture-session==0.1.0->-r requirements-ci.txt (line 4))
2026-10-08T17:57:42.5249719Z   Downloading referencing-0.37.0-py3-none-any.whl.metadata (2.8 kB)
2026-10-08T17:57:42.9112500Z Collecting rpds-py>=0.25.0 (from jsonschema>=4.21->capture-session==0.1.0->-r requirements-ci.txt (line 4))
2026-10-08T17:57:42.9802780Z   Downloading rpds_py-2026.9.1-cp312-cp312-win_amd64.whl.metadata (4.2 kB)
2026-10-08T17:57:43.1143975Z Collecting contourpy>=1.0.1 (from matplotlib>=3.8->capture-analysis==0.1.0)
2026-10-08T17:57:43.1201884Z   Downloading contourpy-1.4.0-cp312-cp312-win_amd64.whl.metadata (3.8 kB)
2026-10-08T17:57:43.3583815Z Collecting cycler>=0.10 (from matplotlib>=3.8->capture-analysis==0.1.0)
2026-10-08T17:57:43.3625932Z   Downloading cycler-0.12.1-py3-none-any.whl.metadata (3.8 kB)
2026-10-08T17:57:43.5677686Z Collecting fonttools>=4.28.2 (from matplotlib>=3.8->capture-analysis==0.1.0)
2026-10-08T17:57:43.5843514Z   Downloading fonttools-4.66.1-cp312-cp312-win_amd64.whl.metadata (132 kB)
2026-10-08T17:57:43.7475543Z Collecting kiwisolver>=1.3.1 (from matplotlib>=3.8->capture-analysis==0.1.0)
2026-10-08T17:57:43.8181272Z   Downloading kiwisolver-1.5.1-cp312-cp312-win_amd64.whl.metadata (5.2 kB)
2026-10-08T17:57:44.0452060Z Collecting pillow>=9 (from matplotlib>=3.8->capture-analysis==0.1.0)
2026-10-08T17:57:44.1538680Z   Downloading pillow-12.3.0-cp312-cp312-win_amd64.whl.metadata (9.3 kB)
2026-10-08T17:57:44.2928714Z Collecting pyparsing>=3 (from matplotlib>=3.8->capture-analysis==0.1.0)
2026-10-08T17:57:44.2989679Z   Downloading pyparsing-3.3.3-py3-none-any.whl.metadata (5.9 kB)
2026-10-08T17:57:44.3946238Z Collecting python-dateutil>=2.7 (from matplotlib>=3.8->capture-analysis==0.1.0)
2026-10-08T17:57:44.3994854Z   Downloading python_dateutil-2.9.0.post0-py2.py3-none-any.whl.metadata (8.4 kB)
2026-10-08T17:57:44.5048514Z Collecting tzdata (from pandas>=2.1->capture-analysis==0.1.0)
2026-10-08T17:57:44.5089100Z   Downloading tzdata-2026.5-py2.py3-none-any.whl.metadata (1.4 kB)
2026-10-08T17:57:44.6285074Z Collecting six>=1.5 (from python-dateutil>=2.7->matplotlib>=3.8->capture-analysis==0.1.0)
2026-10-08T17:57:44.6321879Z   Downloading six-1.17.0-py2.py3-none-any.whl.metadata (1.7 kB)
2026-10-08T17:57:44.7305405Z Downloading grpcio_tools-1.62.3-cp312-cp312-win_amd64.whl (1.1 MB)
2026-10-08T17:57:44.7963909Z    ---------------------------------------- 1.1/1.1 MB 12.6 MB/s  0:00:00
2026-10-08T17:57:44.8086067Z Downloading mcap-1.5.0-py3-none-any.whl (21 kB)
2026-10-08T17:57:44.9467807Z Downloading ruff-0.16.10-py3-none-win_amd64.whl (10.6 MB)
2026-10-08T17:57:45.0999689Z    ---------------------------------------- 10.6/10.6 MB 73.2 MB/s  0:00:00
2026-10-08T17:57:45.1040040Z Downloading protobuf-4.25.9-cp310-abi3-win_amd64.whl (413 kB)
2026-10-08T17:57:45.1582575Z Downloading pyside6-6.12.0-cp310-abi3-win_amd64.whl (578 kB)
2026-10-08T17:57:45.2071187Z    ---------------------------------------- 579.0/579.0 kB 6.7 MB/s  0:00:00
2026-10-08T17:57:45.2198348Z Downloading pyside6_addons-6.12.0-cp310-abi3-win_amd64.whl (40.5 MB)
2026-10-08T17:57:47.2939682Z    ---------------------------------------- 40.5/40.5 MB 19.4 MB/s  0:00:02
2026-10-08T17:57:47.3020006Z Downloading pyside6_essentials-6.12.0-cp310-abi3-win_amd64.whl (82.2 MB)
2026-10-08T17:57:49.4867142Z    ---------------------------------------- 82.2/82.2 MB 37.4 MB/s  0:00:02
2026-10-08T17:57:49.4924167Z Downloading pyside6_pdf-6.12.0.140-cp310-abi3-win_amd64.whl (3.0 MB)
2026-10-08T17:57:49.5356746Z    ---------------------------------------- 3.0/3.0 MB 57.9 MB/s  0:00:00
2026-10-08T17:57:49.5419306Z Downloading pyside6_webengine-6.12.0.140-cp310-abi3-win_amd64.whl (131.7 MB)
2026-10-08T17:57:53.2829632Z    ---------------------------------------- 131.7/131.7 MB 35.2 MB/s  0:00:03
2026-10-08T17:57:53.2882494Z Downloading shiboken6-6.12.0-cp310-abi3-win_amd64.whl (1.3 MB)
2026-10-08T17:57:53.3184971Z    ---------------------------------------- 1.3/1.3 MB 32.4 MB/s  0:00:00
2026-10-08T17:57:53.3221768Z Downloading pytest-9.1.1-py3-none-any.whl (386 kB)
2026-10-08T17:57:53.3598283Z Downloading pluggy-1.6.0-py3-none-any.whl (20 kB)
2026-10-08T17:57:53.3866792Z Downloading pytest_cov-7.1.0-py3-none-any.whl (22 kB)
2026-10-08T17:57:53.4081921Z Downloading coverage-7.16.2-cp312-cp312-win_amd64.whl (226 kB)
2026-10-08T17:57:53.4358884Z Downloading grpcio-1.84.0-cp312-cp312-win_amd64.whl (5.3 MB)
2026-10-08T17:57:53.5071378Z    ---------------------------------------- 5.3/5.3 MB 64.0 MB/s  0:00:00
2026-10-08T17:57:53.5110474Z Downloading typing_extensions-4.16.0-py3-none-any.whl (45 kB)
2026-10-08T17:57:53.5318028Z Downloading iniconfig-2.3.1-py3-none-any.whl (7.6 kB)
2026-10-08T17:57:53.5574286Z Downloading jsonschema-4.26.0-py3-none-any.whl (90 kB)
2026-10-08T17:57:53.5817631Z Downloading attrs-26.1.0-py3-none-any.whl (67 kB)
2026-10-08T17:57:53.6154151Z Downloading jsonschema_specifications-2025.9.1-py3-none-any.whl (18 kB)
2026-10-08T17:57:53.6449941Z Downloading matplotlib-3.11.2-cp312-cp312-win_amd64.whl (9.3 MB)
2026-10-08T17:57:53.7813182Z    ---------------------------------------- 9.3/9.3 MB 72.7 MB/s  0:00:00
2026-10-08T17:57:53.7868230Z Downloading contourpy-1.4.0-cp312-cp312-win_amd64.whl (234 kB)
2026-10-08T17:57:53.8214482Z Downloading cycler-0.12.1-py3-none-any.whl (8.3 kB)
2026-10-08T17:57:53.8454690Z Downloading fonttools-4.66.1-cp312-cp312-win_amd64.whl (2.5 MB)
2026-10-08T17:57:53.8822107Z    ---------------------------------------- 2.5/2.5 MB 71.8 MB/s  0:00:00
2026-10-08T17:57:53.8862482Z Downloading kiwisolver-1.5.1-cp312-cp312-win_amd64.whl (70 kB)
2026-10-08T17:57:53.9106105Z Downloading numpy-2.5.3-cp312-cp312-win_amd64.whl (12.6 MB)
2026-10-08T17:57:54.2465174Z    ---------------------------------------- 12.6/12.6 MB 37.5 MB/s  0:00:00
2026-10-08T17:57:54.2523571Z Downloading pandas-3.0.6-cp312-cp312-win_amd64.whl (9.7 MB)
2026-10-08T17:57:54.3714314Z    ---------------------------------------- 9.7/9.7 MB 86.2 MB/s  0:00:00
2026-10-08T17:57:54.3756524Z Downloading pillow-12.3.0-cp312-cp312-win_amd64.whl (7.2 MB)
2026-10-08T17:57:54.4471987Z    ---------------------------------------- 7.2/7.2 MB 112.3 MB/s  0:00:00
2026-10-08T17:57:54.4520863Z Downloading pyarrow-25.0.1-cp312-cp312-win_amd64.whl (28.0 MB)
2026-10-08T17:57:55.2799863Z    ---------------------------------------- 28.0/28.0 MB 33.4 MB/s  0:00:00
2026-10-08T17:57:55.2837898Z Downloading pygments-2.21.0-py3-none-any.whl (1.3 MB)
2026-10-08T17:57:55.4341371Z    ---------------------------------------- 1.3/1.3 MB 7.0 MB/s  0:00:00
2026-10-08T17:57:55.4382688Z Downloading pyparsing-3.3.3-py3-none-any.whl (126 kB)
2026-10-08T17:57:55.5311098Z Downloading pyqtgraph-0.14.0-py3-none-any.whl (1.9 MB)
2026-10-08T17:57:55.5906121Z    ---------------------------------------- 1.9/1.9 MB 26.8 MB/s  0:00:00
2026-10-08T17:57:55.5944826Z Downloading python_dateutil-2.9.0.post0-py2.py3-none-any.whl (229 kB)
2026-10-08T17:57:55.6220928Z Downloading pyyaml-6.0.3-cp312-cp312-win_amd64.whl (154 kB)
2026-10-08T17:57:57.7504386Z Downloading referencing-0.37.0-py3-none-any.whl (26 kB)
2026-10-08T17:57:57.7775378Z Downloading rpds_py-2026.9.1-cp312-cp312-win_amd64.whl (222 kB)
2026-10-08T17:57:57.8089219Z Downloading scipy-1.18.1-cp312-cp312-win_amd64.whl (36.7 MB)
2026-10-08T17:57:58.6055140Z    ---------------------------------------- 36.7/36.7 MB 45.7 MB/s  0:00:00
2026-10-08T17:57:58.6096320Z Downloading six-1.17.0-py2.py3-none-any.whl (11 kB)
2026-10-08T17:57:58.6427259Z Downloading lz4-4.4.5-cp312-cp312-win_amd64.whl (99 kB)
2026-10-08T17:57:58.6858457Z Using cached setuptools-84.0.0-py3-none-any.whl (818 kB)
2026-10-08T17:57:58.7141620Z Downloading tzdata-2026.5-py2.py3-none-any.whl (347 kB)
2026-10-08T17:57:58.9202454Z Downloading zstandard-0.25.0-cp312-cp312-win_amd64.whl (506 kB)
2026-10-08T17:57:59.6239624Z Building wheels for collected packages: capture-protocol, capture-session, capture-analysis, capture-worker, capture-desktop
2026-10-08T17:57:59.6592591Z   Building editable for capture-protocol (pyproject.toml): started
2026-10-08T17:58:00.0588911Z   Building editable for capture-protocol (pyproject.toml): finished with status 'done'
2026-10-08T17:58:00.0632902Z   Created wheel for capture-protocol: filename=capture_protocol-0.1.0-0.editable-py3-none-any.whl size=7398 sha256=eb40d3ca4a00381327e4d350b7c834440a0d54265d0ab4ef2b545057d4102d8f
2026-10-08T17:58:00.0634210Z   Stored in directory: C:\Users\runneradmin\AppData\Local\Temp\pip-ephem-wheel-cache-vmtpu9vq\wheels\be\38\74\adf0f9a8f0ba8d26599b299cff33b892a58ed35959c9e09acd
2026-10-08T17:58:00.0669125Z   Building editable for capture-session (pyproject.toml): started
2026-10-08T17:58:00.3160185Z   Building editable for capture-session (pyproject.toml): finished with status 'done'
2026-10-08T17:58:00.3197494Z   Created wheel for capture-session: filename=capture_session-0.1.0-0.editable-py3-none-any.whl size=2863 sha256=3d34023bf758619ba50ab2c6d37637c4c3af6bd9cc44ea1865bb9fccbdeda5f8
2026-10-08T17:58:00.3198741Z   Stored in directory: C:\Users\runneradmin\AppData\Local\Temp\pip-ephem-wheel-cache-vmtpu9vq\wheels\49\8f\6e\163bd066522d89fdd0906cf22a1687ebc628821c7980903be9
2026-10-08T17:58:00.3232415Z   Building editable for capture-analysis (pyproject.toml): started
2026-10-08T17:58:00.6151638Z   Building editable for capture-analysis (pyproject.toml): finished with status 'done'
2026-10-08T17:58:00.6191864Z   Created wheel for capture-analysis: filename=capture_analysis-0.1.0-0.editable-py3-none-any.whl size=3050 sha256=aa2fae1e9f99d272c68fcf399ca8b08c300a5766d1c77e67b8823c7205a5d3cf
2026-10-08T17:58:00.6193084Z   Stored in directory: C:\Users\runneradmin\AppData\Local\Temp\pip-ephem-wheel-cache-vmtpu9vq\wheels\f4\d1\58\14e4976a0c15c2c470fc12f9a2873cc8c4bc7bd989766b97b4
2026-10-08T17:58:00.6226773Z   Building editable for capture-worker (pyproject.toml): started
2026-10-08T17:58:01.0262835Z   Building editable for capture-worker (pyproject.toml): finished with status 'done'
2026-10-08T17:58:01.0302721Z   Created wheel for capture-worker: filename=capture_worker-0.1.0-0.editable-py3-none-any.whl size=7659 sha256=193ead0af35a65f5cd3a3e7c2a00da5e2a28427d4914417c9dc4b2528a8927c9
2026-10-08T17:58:01.0304193Z   Stored in directory: C:\Users\runneradmin\AppData\Local\Temp\pip-ephem-wheel-cache-vmtpu9vq\wheels\91\10\bd\b56fd1c22822b4cd753ca217f259119db33a4fa54b26c297ee
2026-10-08T17:58:01.0339512Z   Building editable for capture-desktop (pyproject.toml): started
2026-10-08T17:58:01.3007674Z   Building editable for capture-desktop (pyproject.toml): finished with status 'done'
2026-10-08T17:58:01.3047642Z   Created wheel for capture-desktop: filename=capture_desktop-0.1.0-0.editable-py3-none-any.whl size=3184 sha256=024001dd870ccbb005c848909fa84485440910e35751b764dce0ddb002d7e098
2026-10-08T17:58:01.3048860Z   Stored in directory: C:\Users\runneradmin\AppData\Local\Temp\pip-ephem-wheel-cache-vmtpu9vq\wheels\04\f4\80\083223dba330947d948f2d768e3de9f1e54ae638d0a391d614
2026-10-08T17:58:01.3067824Z Successfully built capture-protocol capture-session capture-analysis capture-worker capture-desktop
2026-10-08T17:58:01.4356223Z Installing collected packages: zstandard, tzdata, typing-extensions, six, shiboken6, setuptools, ruff, rpds-py, pyyaml, pyparsing, pygments, pyarrow, protobuf, pluggy, pillow, numpy, lz4, kiwisolver, iniconfig, fonttools, cycler, coverage, attrs, scipy, referencing, python-dateutil, pytest, PySide6_Essentials, pyqtgraph, mcap, grpcio, contourpy, capture-protocol, pytest-cov, PySide6_Pdf, PySide6_Addons, pandas, matplotlib, jsonschema-specifications, grpcio-tools, capture-worker, PySide6_WebEngine, jsonschema, PySide6, capture-session, capture-desktop, capture-analysis
2026-10-08T17:59:18.7341538Z 
2026-10-08T17:59:18.7379713Z Successfully installed PySide6-6.12.0 PySide6_Addons-6.12.0 PySide6_Essentials-6.12.0 PySide6_Pdf-6.12.0.140 PySide6_WebEngine-6.12.0.140 attrs-26.1.0 capture-analysis-0.1.0 capture-desktop-0.1.0 capture-protocol-0.1.0 capture-session-0.1.0 capture-worker-0.1.0 contourpy-1.4.0 coverage-7.16.2 cycler-0.12.1 fonttools-4.66.1 grpcio-1.84.0 grpcio-tools-1.62.3 iniconfig-2.3.1 jsonschema-4.26.0 jsonschema-specifications-2025.9.1 kiwisolver-1.5.1 lz4-4.4.5 matplotlib-3.11.2 mcap-1.5.0 numpy-2.5.3 pandas-3.0.6 pillow-12.3.0 pluggy-1.6.0 protobuf-4.25.9 pyarrow-25.0.1 pygments-2.21.0 pyparsing-3.3.3 pyqtgraph-0.14.0 pytest-9.1.1 pytest-cov-7.1.0 python-dateutil-2.9.0.post0 pyyaml-6.0.3 referencing-0.37.0 rpds-py-2026.9.1 ruff-0.16.10 scipy-1.18.1 setuptools-84.0.0 shiboken6-6.12.0 six-1.17.0 typing-extensions-4.16.0 tzdata-2026.5 zstandard-0.25.0
2026-10-08T17:59:19.3512940Z ##[group]Run python -m pip check
2026-10-08T17:59:19.3513238Z [36;1mpython -m pip check[0m
2026-10-08T17:59:19.3544085Z shell: C:\Program Files\PowerShell\7\pwsh.EXE -command ". '{0}'"
2026-10-08T17:59:19.3544365Z env:
2026-10-08T17:59:19.3544613Z   pythonLocation: C:\hostedtoolcache\windows\Python\3.12.10\x64
2026-10-08T17:59:19.3544977Z   PKG_CONFIG_PATH: C:\hostedtoolcache\windows\Python\3.12.10\x64/lib/pkgconfig
2026-10-08T17:59:19.3545337Z   Python_ROOT_DIR: C:\hostedtoolcache\windows\Python\3.12.10\x64
2026-10-08T17:59:19.3545651Z   Python2_ROOT_DIR: C:\hostedtoolcache\windows\Python\3.12.10\x64
2026-10-08T17:59:19.3545956Z   Python3_ROOT_DIR: C:\hostedtoolcache\windows\Python\3.12.10\x64
2026-10-08T17:59:19.3546199Z ##[endgroup]
2026-10-08T17:59:21.1848341Z No broken requirements found.
2026-10-08T17:59:21.3133403Z ##[group]Run python tools/check_ci_contract.py --check-environment
2026-10-08T17:59:21.3133848Z [36;1mpython tools/check_ci_contract.py --check-environment[0m
2026-10-08T17:59:21.3166122Z shell: C:\Program Files\PowerShell\7\pwsh.EXE -command ". '{0}'"
2026-10-08T17:59:21.3166391Z env:
2026-10-08T17:59:21.3166613Z   pythonLocation: C:\hostedtoolcache\windows\Python\3.12.10\x64
2026-10-08T17:59:21.3166981Z   PKG_CONFIG_PATH: C:\hostedtoolcache\windows\Python\3.12.10\x64/lib/pkgconfig
2026-10-08T17:59:21.3167337Z   Python_ROOT_DIR: C:\hostedtoolcache\windows\Python\3.12.10\x64
2026-10-08T17:59:21.3167678Z   Python2_ROOT_DIR: C:\hostedtoolcache\windows\Python\3.12.10\x64
2026-10-08T17:59:21.3167978Z   Python3_ROOT_DIR: C:\hostedtoolcache\windows\Python\3.12.10\x64
2026-10-08T17:59:21.3168222Z ##[endgroup]
2026-10-08T17:59:28.3006375Z Matplotlib is building the font cache; this may take a moment.
2026-10-08T17:59:38.9629598Z {
2026-10-08T17:59:38.9629930Z   "accepted": true,
2026-10-08T17:59:38.9630118Z   "errors": []
2026-10-08T17:59:38.9630264Z }
2026-10-08T17:59:39.2354882Z ##[group]Run python tools/gen_protos.py
2026-10-08T17:59:39.2355319Z [36;1mpython tools/gen_protos.py[0m
2026-10-08T17:59:39.2400276Z shell: C:\Program Files\PowerShell\7\pwsh.EXE -command ". '{0}'"
2026-10-08T17:59:39.2400690Z env:
2026-10-08T17:59:39.2401016Z   pythonLocation: C:\hostedtoolcache\windows\Python\3.12.10\x64
2026-10-08T17:59:39.2401609Z   PKG_CONFIG_PATH: C:\hostedtoolcache\windows\Python\3.12.10\x64/lib/pkgconfig
2026-10-08T17:59:39.2402174Z   Python_ROOT_DIR: C:\hostedtoolcache\windows\Python\3.12.10\x64
2026-10-08T17:59:39.2403500Z   Python2_ROOT_DIR: C:\hostedtoolcache\windows\Python\3.12.10\x64
2026-10-08T17:59:39.2403985Z   Python3_ROOT_DIR: C:\hostedtoolcache\windows\Python\3.12.10\x64
2026-10-08T17:59:39.2404381Z ##[endgroup]
2026-10-08T17:59:39.5683320Z Running: C:\hostedtoolcache\windows\Python\3.12.10\x64\python.exe -m grpc_tools.protoc --proto_path=D:\a\CaptureSuite\CaptureSuite\schemas\proto --python_out=D:\a\CaptureSuite\CaptureSuite\libs\python\capture_protocol\capture_protocol\generated --descriptor_set_out=D:\a\CaptureSuite\CaptureSuite\build\generated\capture_v1.desc --include_imports --proto_path=C:\hostedtoolcache\windows\Python\3.12.10\x64\Lib\site-packages\grpc_tools\_proto capture/v1/arrays.proto capture/v1/common.proto capture/v1/control.proto capture/v1/data/emg_batch.proto capture/v1/data/imu_frame.proto capture/v1/data/numeric_batch.proto capture/v1/data/radar_doppler.proto capture/v1/data/radar_frame.proto capture/v1/data/video_timing.proto capture/v1/events.proto capture/v1/health.proto capture/v1/presets.proto capture/v1/preview.proto capture/v1/project.proto capture/v1/source.proto capture/v1/storage.proto capture/v1/worker.proto
2026-10-08T17:59:39.5686125Z Wrote Python bindings under D:\a\CaptureSuite\CaptureSuite\libs\python\capture_protocol\capture_protocol\generated
2026-10-08T17:59:39.5686644Z Wrote descriptor set D:\a\CaptureSuite\CaptureSuite\build\generated\capture_v1.desc
2026-10-08T17:59:39.6711529Z ##[group]Run git diff --exit-code -- libs/python/capture_protocol/capture_protocol/generated
2026-10-08T17:59:39.6712091Z [36;1mgit diff --exit-code -- libs/python/capture_protocol/capture_protocol/generated[0m
2026-10-08T17:59:39.6743656Z shell: C:\Program Files\PowerShell\7\pwsh.EXE -command ". '{0}'"
2026-10-08T17:59:39.6743923Z env:
2026-10-08T17:59:39.6744134Z   pythonLocation: C:\hostedtoolcache\windows\Python\3.12.10\x64
2026-10-08T17:59:39.6744500Z   PKG_CONFIG_PATH: C:\hostedtoolcache\windows\Python\3.12.10\x64/lib/pkgconfig
2026-10-08T17:59:39.6744864Z   Python_ROOT_DIR: C:\hostedtoolcache\windows\Python\3.12.10\x64
2026-10-08T17:59:39.6745170Z   Python2_ROOT_DIR: C:\hostedtoolcache\windows\Python\3.12.10\x64
2026-10-08T17:59:39.6745471Z   Python3_ROOT_DIR: C:\hostedtoolcache\windows\Python\3.12.10\x64
2026-10-08T17:59:39.6745709Z ##[endgroup]
2026-10-08T17:59:39.9949878Z ##[group]Run python tools/gen_session_schemas.py
2026-10-08T17:59:39.9950237Z [36;1mpython tools/gen_session_schemas.py[0m
2026-10-08T17:59:39.9980327Z shell: C:\Program Files\PowerShell\7\pwsh.EXE -command ". '{0}'"
2026-10-08T17:59:39.9980593Z env:
2026-10-08T17:59:39.9980816Z   pythonLocation: C:\hostedtoolcache\windows\Python\3.12.10\x64
2026-10-08T17:59:39.9981183Z   PKG_CONFIG_PATH: C:\hostedtoolcache\windows\Python\3.12.10\x64/lib/pkgconfig
2026-10-08T17:59:39.9981529Z   Python_ROOT_DIR: C:\hostedtoolcache\windows\Python\3.12.10\x64
2026-10-08T17:59:39.9981841Z   Python2_ROOT_DIR: C:\hostedtoolcache\windows\Python\3.12.10\x64
2026-10-08T17:59:39.9982164Z   Python3_ROOT_DIR: C:\hostedtoolcache\windows\Python\3.12.10\x64
2026-10-08T17:59:39.9982409Z ##[endgroup]
2026-10-08T17:59:40.2630390Z Wrote 19 schemas to D:\a\CaptureSuite\CaptureSuite\schemas\session\jsonschema
2026-10-08T17:59:40.3523757Z ##[group]Run git diff --exit-code -- schemas/session/jsonschema
2026-10-08T17:59:40.3524242Z [36;1mgit diff --exit-code -- schemas/session/jsonschema[0m
2026-10-08T17:59:40.3554576Z shell: C:\Program Files\PowerShell\7\pwsh.EXE -command ". '{0}'"
2026-10-08T17:59:40.3554912Z env:
2026-10-08T17:59:40.3611749Z   pythonLocation: C:\hostedtoolcache\windows\Python\3.12.10\x64
2026-10-08T17:59:40.3612170Z   PKG_CONFIG_PATH: C:\hostedtoolcache\windows\Python\3.12.10\x64/lib/pkgconfig
2026-10-08T17:59:40.3612516Z   Python_ROOT_DIR: C:\hostedtoolcache\windows\Python\3.12.10\x64
2026-10-08T17:59:40.3612824Z   Python2_ROOT_DIR: C:\hostedtoolcache\windows\Python\3.12.10\x64
2026-10-08T17:59:40.3613122Z   Python3_ROOT_DIR: C:\hostedtoolcache\windows\Python\3.12.10\x64
2026-10-08T17:59:40.3613540Z ##[endgroup]
2026-10-08T17:59:40.6615896Z ##[group]Run ruff check libs/python/capture_protocol libs/python/capture_session libs/python/capture_analysis libs/python/capture_worker workers/python_host desktop/capture_desktop tools tests plugins/example_sine_py plugins/lsl_bridge
2026-10-08T17:59:40.6617187Z [36;1mruff check libs/python/capture_protocol libs/python/capture_session libs/python/capture_analysis libs/python/capture_worker workers/python_host desktop/capture_desktop tools tests plugins/example_sine_py plugins/lsl_bridge[0m
2026-10-08T17:59:40.6647660Z shell: C:\Program Files\PowerShell\7\pwsh.EXE -command ". '{0}'"
2026-10-08T17:59:40.6647924Z env:
2026-10-08T17:59:40.6648130Z   pythonLocation: C:\hostedtoolcache\windows\Python\3.12.10\x64
2026-10-08T17:59:40.6648486Z   PKG_CONFIG_PATH: C:\hostedtoolcache\windows\Python\3.12.10\x64/lib/pkgconfig
2026-10-08T17:59:40.6648821Z   Python_ROOT_DIR: C:\hostedtoolcache\windows\Python\3.12.10\x64
2026-10-08T17:59:40.6649177Z   Python2_ROOT_DIR: C:\hostedtoolcache\windows\Python\3.12.10\x64
2026-10-08T17:59:40.6649483Z   Python3_ROOT_DIR: C:\hostedtoolcache\windows\Python\3.12.10\x64
2026-10-08T17:59:40.6649724Z ##[endgroup]
2026-10-08T17:59:40.9390900Z All checks passed!
2026-10-08T17:59:41.0231900Z ##[group]Run python tools/check_licenses.py --enforce-spdx
2026-10-08T17:59:41.0232295Z [36;1mpython tools/check_licenses.py --enforce-spdx[0m
2026-10-08T17:59:41.0262968Z shell: C:\Program Files\PowerShell\7\pwsh.EXE -command ". '{0}'"
2026-10-08T17:59:41.0263241Z env:
2026-10-08T17:59:41.0263451Z   pythonLocation: C:\hostedtoolcache\windows\Python\3.12.10\x64
2026-10-08T17:59:41.0263808Z   PKG_CONFIG_PATH: C:\hostedtoolcache\windows\Python\3.12.10\x64/lib/pkgconfig
2026-10-08T17:59:41.0264145Z   Python_ROOT_DIR: C:\hostedtoolcache\windows\Python\3.12.10\x64
2026-10-08T17:59:41.0264445Z   Python2_ROOT_DIR: C:\hostedtoolcache\windows\Python\3.12.10\x64
2026-10-08T17:59:41.0264742Z   Python3_ROOT_DIR: C:\hostedtoolcache\windows\Python\3.12.10\x64
2026-10-08T17:59:41.0264995Z ##[endgroup]
2026-10-08T17:59:41.5224292Z license check OK
2026-10-08T17:59:41.6114314Z ##[group]Run python tools/run_ci_tests.py
2026-10-08T17:59:41.6114717Z [36;1mpython tools/run_ci_tests.py[0m
2026-10-08T17:59:41.6144552Z shell: C:\Program Files\PowerShell\7\pwsh.EXE -command ". '{0}'"
2026-10-08T17:59:41.6144822Z env:
2026-10-08T17:59:41.6145029Z   pythonLocation: C:\hostedtoolcache\windows\Python\3.12.10\x64
2026-10-08T17:59:41.6145393Z   PKG_CONFIG_PATH: C:\hostedtoolcache\windows\Python\3.12.10\x64/lib/pkgconfig
2026-10-08T17:59:41.6145744Z   Python_ROOT_DIR: C:\hostedtoolcache\windows\Python\3.12.10\x64
2026-10-08T17:59:41.6146056Z   Python2_ROOT_DIR: C:\hostedtoolcache\windows\Python\3.12.10\x64
2026-10-08T17:59:41.6146357Z   Python3_ROOT_DIR: C:\hostedtoolcache\windows\Python\3.12.10\x64
2026-10-08T17:59:41.6146607Z   QT_QPA_PLATFORM: offscreen
2026-10-08T17:59:41.6146783Z ##[endgroup]
2026-10-08T18:04:42.7442288Z ........................................................................ [ 13%]
2026-10-08T18:04:42.7443645Z ........................................................................ [ 26%]
2026-10-08T18:04:42.7444095Z ........................................................................ [ 39%]
2026-10-08T18:04:42.7444516Z ........................................................................ [ 52%]
2026-10-08T18:04:42.7444934Z ..........................................................ssssss........ [ 65%]
2026-10-08T18:04:42.7445336Z ........................................................................ [ 78%]
2026-10-08T18:04:42.7445722Z ........................................................................ [ 91%]
2026-10-08T18:04:42.7446056Z .................
2026-10-08T18:04:42.7446274Z {
2026-10-08T18:04:42.7446505Z   "schema": "capturesuite.test-receipt.v1",
2026-10-08T18:04:42.7446791Z   "accepted": false,
2026-10-08T18:04:42.7447006Z   "process_exit": null,
2026-10-08T18:04:42.7447477Z   "counts": null,
2026-10-08T18:04:42.7447671Z   "junit_sha256": null,
2026-10-08T18:04:42.7447884Z   "problems": [
2026-10-08T18:04:42.7448108Z     "Test process did not exit successfully",
2026-10-08T18:04:42.7448459Z     "JUnit unavailable or invalid: FileNotFoundError"
2026-10-08T18:04:42.7448761Z   ],
2026-10-08T18:04:42.7449075Z   "scope": "Process and test-evidence consistency, not clinical validation",
2026-10-08T18:04:42.7449488Z   "seconds": 300.0128827,
2026-10-08T18:04:42.7449734Z   "created_at": "2026-10-08T18:04:42.298278+00:00",
2026-10-08T18:04:42.7450355Z   "run_directory": "build/evidence/python-20261008T175941Z-568e4dcc",
2026-10-08T18:04:42.7450902Z   "log_sha256": "6ae57baacfa0eb399a6cbab6afb4baa9ba28c9bb333f2af5b90074d3faf02b87",
2026-10-08T18:04:42.7451449Z   "source_commit": "0de94b767061ec1fe5c05d11c6baa36ec9ddf16b",
2026-10-08T18:04:42.7451862Z   "source_worktree_dirty": false,
2026-10-08T18:04:42.7452368Z   "source_tree_sha256": "54236876c74e30d97fb8ef1a930918dec17b2ca7d719fcdb47ca1af3bc6f1bed",
2026-10-08T18:04:42.7452926Z   "source_file_count": 1129,
2026-10-08T18:04:42.7453213Z   "github": {
2026-10-08T18:04:42.7453443Z     "GITHUB_ACTIONS": "true",
2026-10-08T18:04:42.7453742Z     "GITHUB_EVENT_NAME": "pull_request",
2026-10-08T18:04:42.7454133Z     "GITHUB_SHA": "0de94b767061ec1fe5c05d11c6baa36ec9ddf16b",
2026-10-08T18:04:42.7454567Z     "GITHUB_REF": "refs/pull/71/merge",
2026-10-08T18:04:42.7454927Z     "GITHUB_HEAD_REF": "work/analysis-history-401c5d17da79",
2026-10-08T18:04:42.7455414Z     "GITHUB_BASE_REF": "main",
2026-10-08T18:04:42.7455807Z     "GITHUB_RUN_ID": "37811934426",
2026-10-08T18:04:42.7456284Z     "GITHUB_WORKFLOW_REF": "Jacob-Met/CaptureSuite/.github/workflows/ci.yml@refs/pull/71/merge"
2026-10-08T18:04:42.7456730Z   },
2026-10-08T18:04:42.7456952Z   "source_unchanged_during_test": true
2026-10-08T18:04:42.7457258Z }
2026-10-08T18:04:42.8248893Z ##[error]Process completed with exit code 1.
2026-10-08T18:04:42.8402516Z ##[group]Run actions/upload-artifact@043fb46d1a93c77aae656e7c1c64a875d1fc6a0a
2026-10-08T18:04:42.8402956Z with:
2026-10-08T18:04:42.8403187Z   name: python-test-evidence
2026-10-08T18:04:42.8403428Z   path: build/evidence/
2026-10-08T18:04:42.8403645Z   if-no-files-found: warn
2026-10-08T18:04:42.8403863Z   retention-days: 7
2026-10-08T18:04:42.8404063Z   compression-level: 6
2026-10-08T18:04:42.8404262Z   overwrite: false
2026-10-08T18:04:42.8404471Z   include-hidden-files: false
2026-10-08T18:04:42.8404692Z   archive: true
2026-10-08T18:04:42.8404901Z env:
2026-10-08T18:04:42.8405156Z   pythonLocation: C:\hostedtoolcache\windows\Python\3.12.10\x64
2026-10-08T18:04:42.8405576Z   PKG_CONFIG_PATH: C:\hostedtoolcache\windows\Python\3.12.10\x64/lib/pkgconfig
2026-10-08T18:04:42.8405969Z   Python_ROOT_DIR: C:\hostedtoolcache\windows\Python\3.12.10\x64
2026-10-08T18:04:42.8406329Z   Python2_ROOT_DIR: C:\hostedtoolcache\windows\Python\3.12.10\x64
2026-10-08T18:04:42.8406743Z   Python3_ROOT_DIR: C:\hostedtoolcache\windows\Python\3.12.10\x64
2026-10-08T18:04:42.8407038Z ##[endgroup]
2026-10-08T18:04:43.0800408Z With the provided path, there will be 280 files uploaded
2026-10-08T18:04:43.0804884Z Artifact name is valid!
2026-10-08T18:04:43.0805923Z Root directory input is valid!
2026-10-08T18:04:43.4294150Z Uploading artifact: python-test-evidence.zip
2026-10-08T18:04:43.4326749Z Beginning upload of artifact content to blob storage
2026-10-08T18:04:44.4411734Z Uploaded bytes 1600361
2026-10-08T18:04:44.5032176Z Finished uploading artifact content to blob storage!
2026-10-08T18:04:44.5032966Z SHA256 digest of uploaded artifact is c20b94bba34343842a0948579327285a9694f87a63520a3eab139db43cee7636
2026-10-08T18:04:44.5033632Z Finalizing artifact upload
2026-10-08T18:04:44.8705904Z Artifact python-test-evidence successfully finalized. Artifact ID 11570120050
2026-10-08T18:04:44.8706746Z Artifact python-test-evidence has been successfully uploaded! Final size is 1600361 bytes. Artifact ID is 11570120050
2026-10-08T18:04:44.8713880Z Artifact download URL: https://github.com/Jacob-Met/CaptureSuite/actions/runs/37811934426/artifacts/11570120050
2026-10-08T18:04:44.8990557Z Post job cleanup.
2026-10-08T18:04:45.0307404Z [command]"C:\Program Files\Git\bin\git.exe" version
2026-10-08T18:04:45.0528684Z git version 2.56.0.windows.1
2026-10-08T18:04:45.0571349Z Temporarily overriding HOME='D:\a\_temp\3738bbf6-cf81-467d-808f-9d097bb790b2' before making global git config changes
2026-10-08T18:04:45.0571996Z Adding repository directory to the temporary git global config as a safe directory
2026-10-08T18:04:45.0580047Z [command]"C:\Program Files\Git\bin\git.exe" config --global --add safe.directory D:\a\CaptureSuite\CaptureSuite
2026-10-08T18:04:45.0813086Z [command]"C:\Program Files\Git\bin\git.exe" config --local --name-only --get-regexp core\.sshCommand
2026-10-08T18:04:45.1043443Z [command]"C:\Program Files\Git\bin\git.exe" submodule foreach --recursive "sh -c \"git config --local --name-only --get-regexp 'core\.sshCommand' && git config --local --unset-all 'core.sshCommand' || :\""
2026-10-08T18:04:45.5388330Z [command]"C:\Program Files\Git\bin\git.exe" config --local --name-only --get-regexp http\.https\:\/\/github\.com\/\.extraheader
2026-10-08T18:04:45.5592511Z http.https://github.com/.extraheader
2026-10-08T18:04:45.5619040Z [command]"C:\Program Files\Git\bin\git.exe" config --local --unset-all http.https://github.com/.extraheader
2026-10-08T18:04:45.5844475Z [command]"C:\Program Files\Git\bin\git.exe" submodule foreach --recursive "sh -c \"git config --local --name-only --get-regexp 'http\.https\:\/\/github\.com\/\.extraheader' && git config --local --unset-all 'http.https://github.com/.extraheader' || :\""
2026-10-08T18:04:45.9485421Z [command]"C:\Program Files\Git\bin\git.exe" config --local --name-only --get-regexp ^includeIf\.gitdir:
2026-10-08T18:04:45.9730943Z [command]"C:\Program Files\Git\bin\git.exe" submodule foreach --recursive "git config --local --show-origin --name-only --get-regexp remote.origin.url"
2026-10-08T18:04:46.3650177Z Cleaning up orphan processes
2026-10-08T18:04:46.3948806Z Terminate orphan process: pid (4748) (vctip)
2026-10-08T18:04:46.4003616Z Terminate orphan process: pid (5164) (MSBuild)
2026-10-08T18:04:46.4115286Z Terminate orphan process: pid (564) (conhost)
2026-10-08T18:04:46.4188897Z ##[warning]Node.js 20 is deprecated. The following actions target Node.js 20 but are being forced to run on Node.js 24: actions/checkout@v4, actions/setup-python@v5. For more information see: https://github.blog/changelog/2025-09-19-deprecation-of-node-20-on-github-actions-runners/
