-- The CXX compiler identification is AppleClang 21.0.0.21000101
-- Detecting CXX compiler ABI info
-- Detecting CXX compiler ABI info - done
-- Check for working CXX compiler: /usr/bin/clang++ - skipped
-- Detecting CXX compile features
-- Detecting CXX compile features - done
-- Found ZLIB: /Applications/Xcode.app/Contents/Developer/Platforms/MacOSX.platform/Developer/SDKs/MacOSX.sdk/usr/lib/libz.tbd (found version "1.2.12")
-- Performing Test CMAKE_HAVE_LIBC_PTHREAD
-- Performing Test CMAKE_HAVE_LIBC_PTHREAD - Success
-- Found Threads: TRUE
-- Protobuf 36.2.0 found — C++ codegen enabled
-- Found nlohmann_json: /opt/homebrew/share/cmake/nlohmann_json/nlohmann_jsonConfig.cmake (found version "3.12.0")
-- Found PkgConfig: /opt/homebrew/bin/pkg-config (found version "3.0.7")
-- Checking for module 'libzstd'
--   Found libzstd, version 1.5.7
-- Checking for module 'liblz4'
--   Found liblz4, version 1.10.0
-- Found SQLite3: /Applications/Xcode.app/Contents/Developer/Platforms/MacOSX.platform/Developer/SDKs/MacOSX.sdk/usr/lib/libsqlite3.tbd (found version "3.51.0")
-- Configuring done (1.8s)
-- Generating done (0.0s)
-- Build files have been written to: /Users/me/capturesuite-macos-session-doctor-20261008-5f566b5ec8ef/build
