[1/62] Generating C++ from capture/v1/common.proto
[2/62] Generating C++ from capture/v1/source.proto
[3/62] Generating C++ from capture/v1/project.proto
[4/62] Generating C++ from capture/v1/events.proto
[5/62] Generating C++ from capture/v1/presets.proto
[6/62] Generating C++ from capture/v1/control.proto
[7/62] Generating C++ from capture/v1/health.proto
[8/62] Generating C++ from capture/v1/preview.proto
[9/62] Generating C++ from capture/v1/worker.proto
[10/62] Generating C++ from capture/v1/storage.proto
[11/62] Generating C++ from capture/v1/arrays.proto
[12/62] Generating C++ from capture/v1/data/emg_batch.proto
[13/62] Generating C++ from capture/v1/data/imu_frame.proto
[14/62] Generating C++ from capture/v1/data/numeric_batch.proto
[15/62] Generating C++ from capture/v1/data/radar_frame.proto
[16/62] Generating C++ from capture/v1/data/radar_doppler.proto
[17/62] Generating C++ from capture/v1/data/video_timing.proto
[18/62] Building CXX object libs/cpp/capture_core/CMakeFiles/capture_core.dir/src/version.cpp.o
[19/62] Building CXX object libs/cpp/capture_core/CMakeFiles/capture_core.dir/src/framing.cpp.o
[20/62] Building CXX object libs/cpp/capture_core/CMakeFiles/capture_core.dir/src/clock.cpp.o
[21/62] Building CXX object libs/cpp/capture_core/CMakeFiles/capture_core.dir/src/session_fsm.cpp.o
[22/62] Building CXX object libs/cpp/capture_core/CMakeFiles/capture_core.dir/src/source_fsm.cpp.o
[23/62] Building CXX object libs/cpp/capture_core/CMakeFiles/capture_core.dir/src/recording_buffer.cpp.o
[24/62] Building CXX object libs/cpp/capture_core/CMakeFiles/capture_core.dir/src/logging.cpp.o
[25/62] Building CXX object libs/cpp/capture_proto/CMakeFiles/capture_proto.dir/generated/capture/v1/common.pb.cc.o
[26/62] Building CXX object libs/cpp/capture_proto/CMakeFiles/capture_proto.dir/generated/capture/v1/source.pb.cc.o
[27/62] Building CXX object libs/cpp/capture_proto/CMakeFiles/capture_proto.dir/generated/capture/v1/events.pb.cc.o
[28/62] Building CXX object libs/cpp/capture_proto/CMakeFiles/capture_proto.dir/generated/capture/v1/project.pb.cc.o
[29/62] Building CXX object libs/cpp/capture_proto/CMakeFiles/capture_proto.dir/generated/capture/v1/presets.pb.cc.o
[30/62] Building CXX object libs/cpp/capture_proto/CMakeFiles/capture_proto.dir/generated/capture/v1/health.pb.cc.o
[31/62] Building CXX object libs/cpp/capture_proto/CMakeFiles/capture_proto.dir/generated/capture/v1/control.pb.cc.o
[32/62] Building CXX object libs/cpp/capture_proto/CMakeFiles/capture_proto.dir/generated/capture/v1/preview.pb.cc.o
[33/62] Building CXX object libs/cpp/capture_proto/CMakeFiles/capture_proto.dir/generated/capture/v1/worker.pb.cc.o
[34/62] Building CXX object libs/cpp/capture_proto/CMakeFiles/capture_proto.dir/generated/capture/v1/storage.pb.cc.o
[35/62] Building CXX object libs/cpp/capture_proto/CMakeFiles/capture_proto.dir/generated/capture/v1/arrays.pb.cc.o
[36/62] Building CXX object libs/cpp/capture_proto/CMakeFiles/capture_proto.dir/generated/capture/v1/data/emg_batch.pb.cc.o
[37/62] Building CXX object libs/cpp/capture_proto/CMakeFiles/capture_proto.dir/generated/capture/v1/data/imu_frame.pb.cc.o
[38/62] Building CXX object libs/cpp/capture_proto/CMakeFiles/capture_proto.dir/generated/capture/v1/data/numeric_batch.pb.cc.o
[39/62] Building CXX object libs/cpp/capture_proto/CMakeFiles/capture_proto.dir/generated/capture/v1/data/radar_frame.pb.cc.o
[40/62] Building CXX object libs/cpp/capture_proto/CMakeFiles/capture_proto.dir/generated/capture/v1/data/radar_doppler.pb.cc.o
[41/62] Linking CXX static library libs/cpp/capture_core/libcapture_core.a
[42/62] Building CXX object libs/cpp/capture_storage/CMakeFiles/capture_storage.dir/src/atomic_file.cpp.o
[43/62] Building CXX object libs/cpp/capture_proto/CMakeFiles/capture_proto.dir/generated/capture/v1/data/video_timing.pb.cc.o
[44/62] Linking CXX static library libs/cpp/capture_proto/libcapture_proto.a
[45/62] Building CXX object libs/cpp/capture_storage/CMakeFiles/capture_storage.dir/src/hash.cpp.o
[46/62] Building CXX object libs/cpp/capture_storage/CMakeFiles/capture_storage.dir/src/journal.cpp.o
[47/62] Building CXX object libs/cpp/capture_storage/CMakeFiles/capture_storage.dir/src/disk_watchdog.cpp.o
[48/62] Building CXX object libs/cpp/capture_storage/CMakeFiles/capture_storage.dir/src/mcap_stream_writer.cpp.o
[49/62] Building CXX object libs/cpp/capture_storage/CMakeFiles/capture_storage.dir/src/mcap_impl.cpp.o
[50/62] Building CXX object libs/cpp/capture_storage/CMakeFiles/capture_storage.dir/src/session_package.cpp.o
[51/62] Building CXX object tools/session_doctor/CMakeFiles/session_doctor.dir/main.cpp.o
[52/62] Building CXX object libs/cpp/capture_storage/CMakeFiles/capture_storage.dir/src/recovery.cpp.o
[53/62] Linking CXX static library libs/cpp/capture_storage/libcapture_storage.a
[54/62] Building CXX object tests/cpp/CMakeFiles/capture_core_tests.dir/test_clock.cpp.o
[55/62] Building CXX object tests/cpp/CMakeFiles/capture_core_tests.dir/test_env.cpp.o
[56/62] Building CXX object tests/cpp/CMakeFiles/capture_core_tests.dir/test_framing.cpp.o
[57/62] Building CXX object tests/cpp/CMakeFiles/capture_core_tests.dir/test_session_fsm.cpp.o
[58/62] Building CXX object tests/cpp/CMakeFiles/capture_core_tests.dir/test_source_fsm.cpp.o
[59/62] Building CXX object tests/cpp/CMakeFiles/capture_core_tests.dir/test_storage_posix.cpp.o
[60/62] Linking CXX executable tools/session_doctor/session_doctor
[61/62] Building CXX object tests/cpp/CMakeFiles/capture_core_tests.dir/test_logging.cpp.o
[62/62] Linking CXX executable tests/cpp/capture_core_tests
ld: warning: ignoring duplicate libraries: 'libs/cpp/capture_core/libcapture_core.a', 'libs/cpp/capture_proto/libcapture_proto.a'
