FFatal Python error: Aborted

Thread 0x00007fed030eb6c0 (most recent call first):
  File "<frozen importlib._bootstrap_external>", line 1191 in get_data
  File "<frozen importlib._bootstrap_external>", line 1091 in get_code
  File "<frozen importlib._bootstrap_external>", line 995 in exec_module
  File "<frozen importlib._bootstrap>", line 935 in _load_unlocked
  File "<frozen importlib._bootstrap>", line 1331 in _find_and_load_unlocked
  File "<frozen importlib._bootstrap>", line 1360 in _find_and_load
  File "/workspace/scratch/234cae4aee53/capturesuite-venv/lib/python3.12/site-packages/pandas/core/groupby/generic.py", line 64 in <module>
  File "<frozen importlib._bootstrap>", line 488 in _call_with_frames_removed
  File "<frozen importlib._bootstrap_external>", line 999 in exec_module
  File "<frozen importlib._bootstrap>", line 935 in _load_unlocked
  File "<frozen importlib._bootstrap>", line 1331 in _find_and_load_unlocked
  File "<frozen importlib._bootstrap>", line 1360 in _find_and_load
  File "/workspace/scratch/234cae4aee53/capturesuite-venv/lib/python3.12/site-packages/pandas/core/groupby/__init__.py", line 1 in <module>
  File "<frozen importlib._bootstrap>", line 488 in _call_with_frames_removed
  File "<frozen importlib._bootstrap_external>", line 999 in exec_module
  File "<frozen importlib._bootstrap>", line 935 in _load_unlocked
  File "<frozen importlib._bootstrap>", line 1331 in _find_and_load_unlocked
  File "<frozen importlib._bootstrap>", line 1360 in _find_and_load
  File "/workspace/scratch/234cae4aee53/capturesuite-venv/lib/python3.12/site-packages/pandas/core/api.py", line 46 in <module>
  File "<frozen importlib._bootstrap>", line 488 in _call_with_frames_removed
  File "<frozen importlib._bootstrap_external>", line 999 in exec_module
  File "<frozen importlib._bootstrap>", line 935 in _load_unlocked
  File "<frozen importlib._bootstrap>", line 1331 in _find_and_load_unlocked
  File "<frozen importlib._bootstrap>", line 1360 in _find_and_load
  File "/workspace/scratch/234cae4aee53/capturesuite-venv/lib/python3.12/site-packages/pandas/__init__.py", line 46 in <module>
  File "<frozen importlib._bootstrap>", line 488 in _call_with_frames_removed
  File "<frozen importlib._bootstrap_external>", line 999 in exec_module
  File "<frozen importlib._bootstrap>", line 935 in _load_unlocked
  File "<frozen importlib._bootstrap>", line 1331 in _find_and_load_unlocked
  File "<frozen importlib._bootstrap>", line 1360 in _find_and_load
  File "/dev/shm/capturesuite-history-401c5d17da79/source/libs/python/capture_analysis/capture_analysis/features/emg.py", line 7 in <module>
  File "<frozen importlib._bootstrap>", line 488 in _call_with_frames_removed
  File "<frozen importlib._bootstrap_external>", line 999 in exec_module
  File "<frozen importlib._bootstrap>", line 935 in _load_unlocked
  File "<frozen importlib._bootstrap>", line 1331 in _find_and_load_unlocked
  File "<frozen importlib._bootstrap>", line 1360 in _find_and_load
  File "/dev/shm/capturesuite-history-401c5d17da79/source/libs/python/capture_analysis/capture_analysis/plugins/handlers.py", line 14 in <module>
  File "<frozen importlib._bootstrap>", line 488 in _call_with_frames_removed
  File "<frozen importlib._bootstrap_external>", line 999 in exec_module
  File "<frozen importlib._bootstrap>", line 935 in _load_unlocked
  File "<frozen importlib._bootstrap>", line 1331 in _find_and_load_unlocked
  File "<frozen importlib._bootstrap>", line 1360 in _find_and_load
  File "/dev/shm/capturesuite-history-401c5d17da79/source/libs/python/capture_analysis/capture_analysis/pipeline.py", line 16 in <module>
  File "<frozen importlib._bootstrap>", line 488 in _call_with_frames_removed
  File "<frozen importlib._bootstrap_external>", line 999 in exec_module
  File "<frozen importlib._bootstrap>", line 935 in _load_unlocked
  File "<frozen importlib._bootstrap>", line 1331 in _find_and_load_unlocked
  File "<frozen importlib._bootstrap>", line 1360 in _find_and_load
  File "/dev/shm/capturesuite-history-401c5d17da79/source/libs/python/capture_analysis/capture_analysis/jobs.py", line 22 in <module>
  File "<frozen importlib._bootstrap>", line 488 in _call_with_frames_removed
  File "<frozen importlib._bootstrap_external>", line 999 in exec_module
  File "<frozen importlib._bootstrap>", line 935 in _load_unlocked
  File "<frozen importlib._bootstrap>", line 1331 in _find_and_load_unlocked
  File "<frozen importlib._bootstrap>", line 1360 in _find_and_load
  File "/dev/shm/capturesuite-history-401c5d17da79/source/libs/python/capture_analysis/capture_analysis/__init__.py", line 5 in <module>
  File "<frozen importlib._bootstrap>", line 488 in _call_with_frames_removed
  File "<frozen importlib._bootstrap_external>", line 999 in exec_module
  File "<frozen importlib._bootstrap>", line 935 in _load_unlocked
  File "<frozen importlib._bootstrap>", line 1331 in _find_and_load_unlocked
  File "<frozen importlib._bootstrap>", line 1360 in _find_and_load
  File "/dev/shm/capturesuite-history-401c5d17da79/source/desktop/capture_desktop/screen_analysis.py", line 61 in run

Current thread 0x00007fed24ed9740 (most recent call first):
  File "/dev/shm/capturesuite-history-401c5d17da79/source/tests/conftest.py", line 54 in qapp
  File "/workspace/scratch/234cae4aee53/capturesuite-venv/lib/python3.12/site-packages/_pytest/fixtures.py", line 1014 in _teardown_yield_fixture
  File "/workspace/scratch/234cae4aee53/capturesuite-venv/lib/python3.12/site-packages/_pytest/fixtures.py", line 1156 in finish
  File "/workspace/scratch/234cae4aee53/capturesuite-venv/lib/python3.12/site-packages/_pytest/runner.py", line 568 in teardown_exact
  File "/workspace/scratch/234cae4aee53/capturesuite-venv/lib/python3.12/site-packages/_pytest/runner.py", line 199 in pytest_runtest_teardown
  File "/workspace/scratch/234cae4aee53/capturesuite-venv/lib/python3.12/site-packages/pluggy/_callers.py", line 121 in _multicall
  File "/workspace/scratch/234cae4aee53/capturesuite-venv/lib/python3.12/site-packages/pluggy/_manager.py", line 120 in _hookexec
  File "/workspace/scratch/234cae4aee53/capturesuite-venv/lib/python3.12/site-packages/pluggy/_hooks.py", line 512 in __call__
  File "/workspace/scratch/234cae4aee53/capturesuite-venv/lib/python3.12/site-packages/_pytest/runner.py", line 250 in <lambda>
  File "/workspace/scratch/234cae4aee53/capturesuite-venv/lib/python3.12/site-packages/_pytest/runner.py", line 361 in from_call
  File "/workspace/scratch/234cae4aee53/capturesuite-venv/lib/python3.12/site-packages/_pytest/runner.py", line 249 in call_and_report
  File "/workspace/scratch/234cae4aee53/capturesuite-venv/lib/python3.12/site-packages/_pytest/runner.py", line 144 in runtestprotocol
  File "/workspace/scratch/234cae4aee53/capturesuite-venv/lib/python3.12/site-packages/_pytest/runner.py", line 118 in pytest_runtest_protocol
  File "/workspace/scratch/234cae4aee53/capturesuite-venv/lib/python3.12/site-packages/pluggy/_callers.py", line 121 in _multicall
  File "/workspace/scratch/234cae4aee53/capturesuite-venv/lib/python3.12/site-packages/pluggy/_manager.py", line 120 in _hookexec
  File "/workspace/scratch/234cae4aee53/capturesuite-venv/lib/python3.12/site-packages/pluggy/_hooks.py", line 512 in __call__
  File "/workspace/scratch/234cae4aee53/capturesuite-venv/lib/python3.12/site-packages/_pytest/main.py", line 408 in pytest_runtestloop
  File "/workspace/scratch/234cae4aee53/capturesuite-venv/lib/python3.12/site-packages/pluggy/_callers.py", line 121 in _multicall
  File "/workspace/scratch/234cae4aee53/capturesuite-venv/lib/python3.12/site-packages/pluggy/_manager.py", line 120 in _hookexec
  File "/workspace/scratch/234cae4aee53/capturesuite-venv/lib/python3.12/site-packages/pluggy/_hooks.py", line 512 in __call__
  File "/workspace/scratch/234cae4aee53/capturesuite-venv/lib/python3.12/site-packages/_pytest/main.py", line 384 in _main
  File "/workspace/scratch/234cae4aee53/capturesuite-venv/lib/python3.12/site-packages/_pytest/main.py", line 330 in wrap_session
  File "/workspace/scratch/234cae4aee53/capturesuite-venv/lib/python3.12/site-packages/_pytest/main.py", line 377 in pytest_cmdline_main
  File "/workspace/scratch/234cae4aee53/capturesuite-venv/lib/python3.12/site-packages/pluggy/_callers.py", line 121 in _multicall
  File "/workspace/scratch/234cae4aee53/capturesuite-venv/lib/python3.12/site-packages/pluggy/_manager.py", line 120 in _hookexec
  File "/workspace/scratch/234cae4aee53/capturesuite-venv/lib/python3.12/site-packages/pluggy/_hooks.py", line 512 in __call__
  File "/workspace/scratch/234cae4aee53/capturesuite-venv/lib/python3.12/site-packages/_pytest/config/__init__.py", line 229 in _main
  File "/workspace/scratch/234cae4aee53/capturesuite-venv/lib/python3.12/site-packages/_pytest/config/__init__.py", line 253 in _console_main
  File "/workspace/scratch/234cae4aee53/capturesuite-venv/lib/python3.12/site-packages/pytest/__main__.py", line 9 in <module>
  File "<frozen runpy>", line 88 in _run_code
  File "<frozen runpy>", line 198 in _run_module_as_main

Extension modules: shiboken6.Shiboken, PySide6.QtCore, PySide6.QtGui, PySide6.QtWidgets, google._upb._message, numpy._core._multiarray_umath, numpy.linalg._umath_linalg, PySide6.QtSvg, PySide6.QtOpenGLWidgets, PySide6.QtTest, PySide6.QtOpenGL, PIL._imaging, kiwisolver._cext, pyarrow.lib, numpy.random._common, numpy.random.bit_generator, numpy.random._bounded_integers, numpy.random._pcg64, numpy.random._generator, numpy.random._mt19937, numpy.random._philox, numpy.random._sfc64, numpy.random.mtrand, _cyutility, pandas._libs._cyutility, pandas._libs.tslibs.ccalendar, pandas._libs.tslibs.np_datetime, pandas._libs.tslibs.dtypes, pandas._libs.tslibs.base, pandas._libs.tslibs.nattype, pandas._libs.tslibs.timezones, pandas._libs.properties, pandas._libs.tslibs.fields, pandas._libs.tslibs.timedeltas, pandas._libs.tslibs.tzconversion, pandas._libs.tslibs.timestamps, pandas._libs.tslibs.offsets, pandas._libs.tslibs.strptime, pandas._libs.tslibs.parsing, pandas._libs.tslibs.conversion, pandas._libs.tslibs.period, pandas._libs.tslibs.vectorized, pandas._libs.ops_dispatch, pandas._libs.missing, pandas._libs.hashtable, pandas._libs.algos, pandas._libs.interval, pandas._libs.lib, pyarrow._compute, pandas._libs.ops, pandas._libs.hashing, pandas._libs.arrays, pandas._libs.tslib, pandas._libs.sparse, pandas._libs.internals (total: 55)
