....FFF.                                                                 [100%]
=================================== FAILURES ===================================
____ test_future_registry_preserves_files_and_public_data[registry.sqlite] _____

tmp_path = PosixPath('/tmp/pytest-of-root/pytest-219/test_future_registry_preserves0')
filename = 'registry.sqlite'

    @pytest.mark.parametrize("filename", ["registry.sqlite", "registry #future% 雪.sqlite"])
    def test_future_registry_preserves_files_and_public_data(tmp_path: Path, filename: str) -> None:
        path = tmp_path / filename
        _seed(path)
        with sqlite3.connect(path) as connection:
            connection.execute("PRAGMA journal_mode=DELETE")
            _advance(connection)
        before = {p.name: p.read_bytes() for p in tmp_path.iterdir() if p.is_file()}
        with AppRegistry(path) as registry:
            assert registry.read_only
            assert registry.schema_version == REGISTRY_SCHEMA_VERSION + 7
            assert registry.recent_sessions()[0]["session_id"] == "session-17"
            assert registry.get_preset("future-preset")["content_json"] == '{"key":"F8"}'
            registry.touch_session(package_path="ignored", session_id="ignored", state="idle")
            registry.upsert_device(stable_device_key="ignored", plugin_id="sim.imu")
            with pytest.raises(RuntimeError, match="read-only"):
                registry.delete_preset("future-preset")
            with pytest.raises(RuntimeError, match="read-only"):
                registry.put_preset(
                    preset_id="ignored", preset_type="hotkey", name="Ignored",
                    schema_version="1.0.0", content_json="{}",
                )
>           with pytest.raises(sqlite3.OperationalError, match="readonly"):
                 ^^^^^^^^^^^^^^^^^^^^^^^^^^^^^^^^^^^^^^^^^^^^^^^^^^^^^^^^^
E           Failed: DID NOT RAISE OperationalError

tests/protocol/test_registry_readonly_receiving.py:52: Failed
_ test_future_registry_preserves_files_and_public_data[registry #future% \u96ea.sqlite] _

tmp_path = PosixPath('/tmp/pytest-of-root/pytest-219/test_future_registry_preserves1')
filename = 'registry #future% 雪.sqlite'

    @pytest.mark.parametrize("filename", ["registry.sqlite", "registry #future% 雪.sqlite"])
    def test_future_registry_preserves_files_and_public_data(tmp_path: Path, filename: str) -> None:
        path = tmp_path / filename
        _seed(path)
        with sqlite3.connect(path) as connection:
            connection.execute("PRAGMA journal_mode=DELETE")
            _advance(connection)
        before = {p.name: p.read_bytes() for p in tmp_path.iterdir() if p.is_file()}
        with AppRegistry(path) as registry:
            assert registry.read_only
            assert registry.schema_version == REGISTRY_SCHEMA_VERSION + 7
            assert registry.recent_sessions()[0]["session_id"] == "session-17"
            assert registry.get_preset("future-preset")["content_json"] == '{"key":"F8"}'
            registry.touch_session(package_path="ignored", session_id="ignored", state="idle")
            registry.upsert_device(stable_device_key="ignored", plugin_id="sim.imu")
            with pytest.raises(RuntimeError, match="read-only"):
                registry.delete_preset("future-preset")
            with pytest.raises(RuntimeError, match="read-only"):
                registry.put_preset(
                    preset_id="ignored", preset_type="hotkey", name="Ignored",
                    schema_version="1.0.0", content_json="{}",
                )
>           with pytest.raises(sqlite3.OperationalError, match="readonly"):
                 ^^^^^^^^^^^^^^^^^^^^^^^^^^^^^^^^^^^^^^^^^^^^^^^^^^^^^^^^^
E           Failed: DID NOT RAISE OperationalError

tests/protocol/test_registry_readonly_receiving.py:52: Failed
________ test_future_wal_registry_reads_committed_tail_without_writing _________

tmp_path = PosixPath('/tmp/pytest-of-root/pytest-219/test_future_wal_registry_reads0')

    def test_future_wal_registry_reads_committed_tail_without_writing(tmp_path: Path) -> None:
        path = tmp_path / "wal registry #17.sqlite"
        _seed(path)
        writer = sqlite3.connect(path)
        try:
            writer.execute("PRAGMA journal_mode=WAL")
            writer.execute("PRAGMA wal_autocheckpoint=0")
            writer.execute("UPDATE presets SET name='Newer committed preset'")
            _advance(writer)
            wal = Path(str(path) + "-wal")
            assert wal.is_file()
            before = (path.read_bytes(), wal.read_bytes())
            with AppRegistry(path) as registry:
                assert registry.read_only
                assert registry.schema_version == REGISTRY_SCHEMA_VERSION + 7
                assert registry.get_preset("future-preset")["name"] == "Newer committed preset"
>               with pytest.raises(sqlite3.OperationalError, match="readonly"):
                     ^^^^^^^^^^^^^^^^^^^^^^^^^^^^^^^^^^^^^^^^^^^^^^^^^^^^^^^^^
E               Failed: DID NOT RAISE OperationalError

tests/protocol/test_registry_readonly_receiving.py:73: Failed
=========================== short test summary info ============================
FAILED tests/protocol/test_registry_readonly_receiving.py::test_future_registry_preserves_files_and_public_data[registry.sqlite]
FAILED tests/protocol/test_registry_readonly_receiving.py::test_future_registry_preserves_files_and_public_data[registry #future% \u96ea.sqlite]
FAILED tests/protocol/test_registry_readonly_receiving.py::test_future_wal_registry_reads_committed_tail_without_writing
3 failed, 5 passed in 0.07s
