FFFFFFFFFFFs                                                             [100%]Traceback (most recent call last):
  File "/workspace/scratch/234cae4aee53/capturesuite-venv/lib/python3.12/site-packages/_pytest/junitxml.py", line 683, in pytest_sessionfinish
    logfile.write(ET.tostring(testsuites, encoding="unicode"))
OSError: [Errno 28] No space left on device

During handling of the above exception, another exception occurred:

OSError: [Errno 28] No space left on device

During handling of the above exception, another exception occurred:

Traceback (most recent call last):
  File "<frozen runpy>", line 198, in _run_module_as_main
  File "<frozen runpy>", line 88, in _run_code
  File "/workspace/scratch/234cae4aee53/capturesuite-venv/lib/python3.12/site-packages/pytest/__main__.py", line 9, in <module>
    raise SystemExit(_console_main())
                     ^^^^^^^^^^^^^^^
  File "/workspace/scratch/234cae4aee53/capturesuite-venv/lib/python3.12/site-packages/_pytest/config/__init__.py", line 253, in _console_main
    code = _main(prog=_get_prog_name(sys.argv))
           ^^^^^^^^^^^^^^^^^^^^^^^^^^^^^^^^^^^^
  File "/workspace/scratch/234cae4aee53/capturesuite-venv/lib/python3.12/site-packages/_pytest/config/__init__.py", line 229, in _main
    ret: ExitCode | int = config.hook.pytest_cmdline_main(config=config)
                          ^^^^^^^^^^^^^^^^^^^^^^^^^^^^^^^^^^^^^^^^^^^^^^
  File "/workspace/scratch/234cae4aee53/capturesuite-venv/lib/python3.12/site-packages/pluggy/_hooks.py", line 512, in __call__
    return self._hookexec(self.name, self._hookimpls.copy(), kwargs, firstresult)
           ^^^^^^^^^^^^^^^^^^^^^^^^^^^^^^^^^^^^^^^^^^^^^^^^^^^^^^^^^^^^^^^^^^^^^^
  File "/workspace/scratch/234cae4aee53/capturesuite-venv/lib/python3.12/site-packages/pluggy/_manager.py", line 120, in _hookexec
    return self._inner_hookexec(hook_name, methods, kwargs, firstresult)
           ^^^^^^^^^^^^^^^^^^^^^^^^^^^^^^^^^^^^^^^^^^^^^^^^^^^^^^^^^^^^^
  File "/workspace/scratch/234cae4aee53/capturesuite-venv/lib/python3.12/site-packages/pluggy/_callers.py", line 167, in _multicall
    raise exception
  File "/workspace/scratch/234cae4aee53/capturesuite-venv/lib/python3.12/site-packages/pluggy/_callers.py", line 121, in _multicall
    res = hook_impl.function(*args)
          ^^^^^^^^^^^^^^^^^^^^^^^^^
  File "/workspace/scratch/234cae4aee53/capturesuite-venv/lib/python3.12/site-packages/_pytest/main.py", line 377, in pytest_cmdline_main
    return wrap_session(config, _main)
           ^^^^^^^^^^^^^^^^^^^^^^^^^^^
  File "/workspace/scratch/234cae4aee53/capturesuite-venv/lib/python3.12/site-packages/_pytest/main.py", line 365, in wrap_session
    config.hook.pytest_sessionfinish(
  File "/workspace/scratch/234cae4aee53/capturesuite-venv/lib/python3.12/site-packages/pluggy/_hooks.py", line 512, in __call__
    return self._hookexec(self.name, self._hookimpls.copy(), kwargs, firstresult)
           ^^^^^^^^^^^^^^^^^^^^^^^^^^^^^^^^^^^^^^^^^^^^^^^^^^^^^^^^^^^^^^^^^^^^^^
  File "/workspace/scratch/234cae4aee53/capturesuite-venv/lib/python3.12/site-packages/pluggy/_manager.py", line 120, in _hookexec
    return self._inner_hookexec(hook_name, methods, kwargs, firstresult)
           ^^^^^^^^^^^^^^^^^^^^^^^^^^^^^^^^^^^^^^^^^^^^^^^^^^^^^^^^^^^^^
  File "/workspace/scratch/234cae4aee53/capturesuite-venv/lib/python3.12/site-packages/pluggy/_callers.py", line 167, in _multicall
    raise exception
  File "/workspace/scratch/234cae4aee53/capturesuite-venv/lib/python3.12/site-packages/pluggy/_callers.py", line 139, in _multicall
    teardown.throw(exception)
  File "/workspace/scratch/234cae4aee53/capturesuite-venv/lib/python3.12/site-packages/_pytest/logging.py", line 888, in pytest_sessionfinish
    return (yield)
            ^^^^^
  File "/workspace/scratch/234cae4aee53/capturesuite-venv/lib/python3.12/site-packages/pluggy/_callers.py", line 139, in _multicall
    teardown.throw(exception)
  File "/workspace/scratch/234cae4aee53/capturesuite-venv/lib/python3.12/site-packages/_pytest/terminal.py", line 961, in pytest_sessionfinish
    resu