.FFatal Python error: Segmentation fault

Thread 0x00007fd342ffd6c0 (most recent call first):
  File "/workspace/scratch/234cae4aee53/capturesuite-venv/lib/python3.12/site-packages/matplotlib/artist.py", line 1306 in _internal_update
  File "/workspace/scratch/234cae4aee53/capturesuite-venv/lib/python3.12/site-packages/matplotlib/axes/_base.py", line 765 in __init__
  File "/workspace/scratch/234cae4aee53/capturesuite-venv/lib/python3.12/site-packages/matplotlib/figure.py", line 775 in add_subplot
  File "/workspace/scratch/234cae4aee53/capturesuite-venv/lib/python3.12/site-packages/matplotlib/gridspec.py", line 284 in subplots
  File "/workspace/scratch/234cae4aee53/capturesuite-venv/lib/python3.12/site-packages/matplotlib/figure.py", line 926 in subplots
  File "/workspace/scratch/234cae4aee53/capturesuite-venv/lib/python3.12/site-packages/matplotlib/pyplot.py", line 1887 in subplots
  File "/dev/shm/capturesuite-scope-234cae4aee53/libs/python/capture_analysis/capture_analysis/plots/style.py", line 15 in new_fig
  File "/dev/shm/capturesuite-scope-234cae4aee53/libs/python/capture_analysis/capture_analysis/plots/modality.py", line 24 in plot_emg_channels
  File "/dev/shm/capturesuite-scope-234cae4aee53/libs/python/capture_analysis/capture_analysis/plugins/handlers.py", line 73 in handle_emg
  File "/dev/shm/capturesuite-scope-234cae4aee53/libs/python/capture_analysis/capture_analysis/pipeline.py", line 78 in run_features_and_plots
  File "/dev/shm/capturesuite-scope-234cae4aee53/libs/python/capture_analysis/capture_analysis/jobs.py", line 351 in run
  File "/dev/shm/capturesuite-scope-234cae4aee53/desktop/capture_desktop/screen_analysis.py", line 71 in run

Current thread 0x00007fd37b3cb740 (most recent call first):
  File "/dev/shm/capturesuite-scope-234cae4aee53/tests/ui/test_analysis_scope.py", line 105 in close_failure_dialog
  File "/dev/shm/capturesuite-scope-234cae4aee53/tests/ui/test_analysis_scope.py", line 119 in test_selected_scope_reaches_real_thread_job_and_mcap_outputs
  File "/workspace/scratch/234cae4aee53/capturesuite-venv/lib/python3.12/site-packages/_pytest/python.py", line 167 in pytest_pyfunc_call
  File "/workspace/scratch/234cae4aee53/capturesuite-venv/lib/python3.12/site-packages/pluggy/_callers.py", line 121 in _multicall
  File "/workspace/scratch/234cae4aee53/capturesuite-venv/lib/python3.12/site-packages/pluggy/_manager.py", line 120 in _hookexec
  File "/workspace/scratch/234cae4aee53/capturesuite-venv/lib/python3.12/site-packages/pluggy/_hooks.py", line 512 in __call__
  File "/workspace/scratch/234cae4aee53/capturesuite-venv/lib/python3.12/site-packages/_pytest/python.py", line 1707 in runtest
  File "/workspace/scratch/234cae4aee53/capturesuite-venv/lib/python3.12/site-packages/_pytest/runner.py", line 184 in pytest_runtest_call
  File "/workspace/scratch/234cae4aee53/capturesuite-venv/lib/python3.12/site-packages/pluggy/_callers.py", line 121 in _multicall
  File "/workspace/scratch/234cae4aee53/capturesuite-venv/lib/python3.12/site-packages/pluggy/_manager.py", line 120 in _hookexec
  File "/workspace/scratch/234cae4aee53/capturesuite-venv/lib/python3.12/site-packages/pluggy/_hooks.py", line 512 in __call__
  File "/workspace/scratch/234cae4aee53/capturesuite-venv/lib/python3.12/site-packages/_pytest/runner.py", line 250 in <lambda>
  File "/workspace/scratch/234cae4aee53/capturesuite-venv/lib/python3.12/site-packages/_pytest/runner.py", line 361 in from_call
  File "/workspace/scratch/234cae4aee53/capturesuite-venv/lib/python3.12/site-packages/_pytest/runner.py", line 249 in call_and_report
  File "/workspace/scratch/234cae4aee53/capturesuite-venv/lib/python3.12/site-packages/_pytest/runner.py", line 139 in runtestprotocol
  File "/workspace/scratch/234cae4aee53/capturesuite-venv/lib/python3.12/site-packages/_pytest/runner.py", line 118 in pytest_runtest_protocol
  File "/workspace/scratch/234cae4aee53/capturesuite-venv/lib/python3.12/site-packages/pluggy/_callers.py", line 121 in _multicall
  File "/workspace/scratch/234cae4aee53/capturesuite-venv/lib/python3.12/site-packages/pluggy/_manager.py", line 120 in _hookexec
  File "/workspace/scratch/234cae4aee53/capturesuite-venv/lib/python3.12/site-packages/pluggy/_hooks.py", line 512 in __call__
  File "/workspace/scratch/234cae4aee53/capturesuite-venv/lib/python3.12/site-packages/_pytest/main.py", line 408 in pytest_runtestloop
  File "/workspace/scratch/234cae4aee53/capturesuite-venv/lib/python3.12/site-packages/pluggy/_callers.py", line 121 in _multicall
  File "/workspace/scratch/234cae4aee53/capturesuite-venv/lib/python3.12/site-packages/pluggy/_manager.py", line 120 in _hookexec
  File "/workspace/scratch/234cae4aee53/capturesuite-venv/lib/python3.12/site-packages/pluggy/_hooks.py", line 512 in __call__
  File "/workspace/scratch/234cae4aee53/capturesuite-venv/lib/python3.12/site-packages/_pytest/main.py", line 384 in _main
  File "/workspace/scratch/234cae4aee53/capturesuite-venv/lib/python3.12/site-packages/_pytest/main.py", line 330 in wrap_session
  File "/workspace/scratch/234cae4aee53/capturesuite-venv/lib/python3.12/site-packages/_pytest/main.py", line 377 in pytest_cmdline_main
  File "/workspace/scratch/234cae4aee53/capturesuite-venv/lib/python3.12/site-packages/pluggy/_callers.py", line 121 in _multicall
  File "/workspace/scratch/234cae4aee53/capturesuite-venv/lib/python3.12/site-packages/pluggy/_manager.py", line 120 in _hookexec
  File "/workspace/scratch/234cae4aee53/capturesuite-venv/lib/python3.12/site-packages/pluggy/_hooks.py", line 512 in __call__
  File "/workspace/scratch/234cae4aee53/capturesuite-venv/lib/python3.12/site-packages/_pytest/config/__init__.py", line 229 in _main
  File "/workspace/scratch/234cae4aee53/capturesuite-venv/lib/python3.12/site-packages/_pytest/config/__init__.py", line 253 in _console_main
  File "/workspace/scratch/234cae4aee53/capturesuite-venv/lib/python3.12/site-packages/pytest/__main__.py", line 9 in <module>
  File "<frozen runpy>", line 88 in _run_code
  File "<frozen runpy>", line 198 in _run_module_as_main

Extension modules: shiboken6.Shiboken, PySide6.QtCore, PySide6.QtGui, PySide6.QtWidgets, google._upb._message, numpy._core._multiarray_umath, numpy.linalg._umath_linalg, pyarrow.lib, numpy.random._common, numpy.random.bit_generator, numpy.random._bounded_integers, numpy.random._pcg64, numpy.random._generator, numpy.random._mt19937, numpy.random._philox, numpy.random._sfc64, numpy.random.mtrand, _cyutility, pandas._libs._cyutility, pandas._libs.tslibs.ccalendar, pandas._libs.tslibs.np_datetime, pandas._libs.tslibs.dtypes, pandas._libs.tslibs.base, pandas._libs.tslibs.nattype, pandas._libs.tslibs.timezones, pandas._libs.properties, pandas._libs.tslibs.fields, pandas._libs.tslibs.timedeltas, pandas._libs.tslibs.tzconversion, pandas._libs.tslibs.timestamps, pandas._libs.tslibs.offsets, pandas._libs.tslibs.strptime, pandas._libs.tslibs.parsing, pandas._libs.tslibs.conversion, pandas._libs.tslibs.period, pandas._libs.tslibs.vectorized, pandas._libs.ops_dispatch, pandas._libs.missing, pandas._libs.hashtable, pandas._libs.algos, pandas._libs.interval, pandas._libs.lib, pyarrow._compute, pandas._libs.ops, pandas._libs.hashing, pandas._libs.arrays, pandas._libs.tslib, pandas._libs.sparse, pandas._libs.internals, pandas._libs.indexing, pandas._libs.index, pandas._libs.writers, pandas._libs.join, pandas._libs.window.aggregations, pandas._libs.window.indexers, pandas._libs.reshape, pandas._libs.groupby, pandas._libs.json, pandas._libs.parsers, pandas._libs.testing, PIL._imaging, kiwisolver._cext, lz4._version, lz4.frame._frame, zstandard.backend_c, PySide6.QtTest, PySide6.QtSvg, PySide6.QtOpenGLWidgets, PySide6.QtOpenGL, yaml._yaml, pyarrow._parquet, pyarrow._fs, pyarrow._azurefs, pyarrow._hdfs, pyarrow._gcsfs, pyarrow._s3fs, PIL._imagingmath, scipy._cyutility, scipy._lib._ccallback_c (total: 79)
