Collecting attrs==26.1.0 (from -r /Users/me/capturesuite-independent-checkpoint-18a24bf0c281/dependency-pins.txt (line 1))
  Downloading attrs-26.1.0-py3-none-any.whl.metadata (8.8 kB)
Collecting contourpy==1.4.0 (from -r /Users/me/capturesuite-independent-checkpoint-18a24bf0c281/dependency-pins.txt (line 2))
  Downloading contourpy-1.4.0-cp312-cp312-macosx_11_0_arm64.whl.metadata (3.8 kB)
Collecting cycler==0.12.1 (from -r /Users/me/capturesuite-independent-checkpoint-18a24bf0c281/dependency-pins.txt (line 3))
  Downloading cycler-0.12.1-py3-none-any.whl.metadata (3.8 kB)
Collecting fonttools==4.66.1 (from -r /Users/me/capturesuite-independent-checkpoint-18a24bf0c281/dependency-pins.txt (line 4))
  Downloading fonttools-4.66.1-cp312-cp312-macosx_10_13_universal2.whl.metadata (130 kB)
Collecting iniconfig==2.3.1 (from -r /Users/me/capturesuite-independent-checkpoint-18a24bf0c281/dependency-pins.txt (line 5))
  Downloading iniconfig-2.3.1-py3-none-any.whl.metadata (2.8 kB)
Collecting jsonschema==4.26.0 (from -r /Users/me/capturesuite-independent-checkpoint-18a24bf0c281/dependency-pins.txt (line 6))
  Downloading jsonschema-4.26.0-py3-none-any.whl.metadata (7.6 kB)
Collecting jsonschema-specifications==2025.9.1 (from -r /Users/me/capturesuite-independent-checkpoint-18a24bf0c281/dependency-pins.txt (line 7))
  Downloading jsonschema_specifications-2025.9.1-py3-none-any.whl.metadata (2.9 kB)
Collecting kiwisolver==1.5.1 (from -r /Users/me/capturesuite-independent-checkpoint-18a24bf0c281/dependency-pins.txt (line 8))
  Downloading kiwisolver-1.5.1-cp312-cp312-macosx_11_0_arm64.whl.metadata (5.2 kB)
Collecting lz4==4.4.5 (from -r /Users/me/capturesuite-independent-checkpoint-18a24bf0c281/dependency-pins.txt (line 9))
  Downloading lz4-4.4.5-cp312-cp312-macosx_11_0_arm64.whl.metadata (3.8 kB)
Collecting matplotlib==3.11.2 (from -r /Users/me/capturesuite-independent-checkpoint-18a24bf0c281/dependency-pins.txt (line 10))
  Downloading matplotlib-3.11.2-cp312-cp312-macosx_11_0_arm64.whl.metadata (80 kB)
Collecting mcap==1.5.0 (from -r /Users/me/capturesuite-independent-checkpoint-18a24bf0c281/dependency-pins.txt (line 11))
  Downloading mcap-1.5.0-py3-none-any.whl.metadata (380 bytes)
Collecting numpy==2.5.3 (from -r /Users/me/capturesuite-independent-checkpoint-18a24bf0c281/dependency-pins.txt (line 12))
  Downloading numpy-2.5.3-cp312-cp312-macosx_14_0_arm64.whl.metadata (6.6 kB)
Collecting packaging==26.3 (from -r /Users/me/capturesuite-independent-checkpoint-18a24bf0c281/dependency-pins.txt (line 13))
  Downloading packaging-26.3-py3-none-any.whl.metadata (3.5 kB)
Collecting pandas==3.0.6 (from -r /Users/me/capturesuite-independent-checkpoint-18a24bf0c281/dependency-pins.txt (line 14))
  Downloading pandas-3.0.6-cp312-cp312-macosx_11_0_arm64.whl.metadata (79 kB)
Collecting pillow==12.3.0 (from -r /Users/me/capturesuite-independent-checkpoint-18a24bf0c281/dependency-pins.txt (line 15))
  Downloading pillow-12.3.0-cp312-cp312-macosx_11_0_arm64.whl.metadata (9.1 kB)
Collecting pluggy==1.6.0 (from -r /Users/me/capturesuite-independent-checkpoint-18a24bf0c281/dependency-pins.txt (line 16))
  Downloading pluggy-1.6.0-py3-none-any.whl.metadata (4.8 kB)
Collecting protobuf==4.25.9 (from -r /Users/me/capturesuite-independent-checkpoint-18a24bf0c281/dependency-pins.txt (line 17))
  Downloading protobuf-4.25.9-cp37-abi3-macosx_10_9_universal2.whl.metadata (541 bytes)
Collecting pyarrow==25.0.1 (from -r /Users/me/capturesuite-independent-checkpoint-18a24bf0c281/dependency-pins.txt (line 18))
  Downloading pyarrow-25.0.1-cp312-cp312-macosx_12_0_arm64.whl.metadata (3.0 kB)
Collecting Pygments==2.21.0 (from -r /Users/me/capturesuite-independent-checkpoint-18a24bf0c281/dependency-pins.txt (line 19))
  Downloading pygments-2.21.0-py3-none-any.whl.metadata (2.5 kB)
Collecting pyparsing==3.3.3 (from -r /Users/me/capturesuite-independent-checkpoint-18a24bf0c281/dependency-pins.txt (line 20))
  Downloading pyparsing-3.3.3-py3-none-any.whl.metadata (5.9 kB)
Collecting pytest==9.1.1 (from -r /Users/me/capturesuite-independent-checkpoint-18a24bf0c281/dependency-pins.txt (line 21))
  Downloading pytest-9.1.1-py3-none-any.whl.metadata (7.6 kB)
Collecting python-dateutil==2.9.0.post0 (from -r /Users/me/capturesuite-independent-checkpoint-18a24bf0c281/dependency-pins.txt (line 22))
  Downloading python_dateutil-2.9.0.post0-py2.py3-none-any.whl.metadata (8.4 kB)
Collecting PyYAML==6.0.3 (from -r /Users/me/capturesuite-independent-checkpoint-18a24bf0c281/dependency-pins.txt (line 23))
  Downloading pyyaml-6.0.3-cp312-cp312-macosx_11_0_arm64.whl.metadata (2.4 kB)
Collecting referencing==0.37.0 (from -r /Users/me/capturesuite-independent-checkpoint-18a24bf0c281/dependency-pins.txt (line 24))
  Downloading referencing-0.37.0-py3-none-any.whl.metadata (2.8 kB)
Collecting rpds-py==2026.9.1 (from -r /Users/me/capturesuite-independent-checkpoint-18a24bf0c281/dependency-pins.txt (line 25))
  Downloading rpds_py-2026.9.1-cp312-cp312-macosx_11_0_arm64.whl.metadata (4.1 kB)
Collecting ruff==0.16.10 (from -r /Users/me/capturesuite-independent-checkpoint-18a24bf0c281/dependency-pins.txt (line 26))
  Downloading ruff-0.16.10-py3-none-macosx_11_0_arm64.whl.metadata (20 kB)
Collecting scipy==1.18.1 (from -r /Users/me/capturesuite-independent-checkpoint-18a24bf0c281/dependency-pins.txt (line 27))
  Downloading scipy-1.18.1-cp312-cp312-macosx_14_0_arm64.whl.metadata (62 kB)
Collecting six==1.17.0 (from -r /Users/me/capturesuite-independent-checkpoint-18a24bf0c281/dependency-pins.txt (line 28))
  Downloading six-1.17.0-py2.py3-none-any.whl.metadata (1.7 kB)
Collecting typing_extensions==4.16.0 (from -r /Users/me/capturesuite-independent-checkpoint-18a24bf0c281/dependency-pins.txt (line 29))
  Downloading typing_extensions-4.16.0-py3-none-any.whl.metadata (3.3 kB)
Collecting zstandard==0.25.0 (from -r /Users/me/capturesuite-independent-checkpoint-18a24bf0c281/dependency-pins.txt (line 30))
  Downloading zstandard-0.25.0-cp312-cp312-macosx_11_0_arm64.whl.metadata (3.3 kB)
Downloading attrs-26.1.0-py3-none-any.whl (67 kB)
Downloading contourpy-1.4.0-cp312-cp312-macosx_11_0_arm64.whl (284 kB)
Downloading cycler-0.12.1-py3-none-any.whl (8.3 kB)
Downloading fonttools-4.66.1-cp312-cp312-macosx_10_13_universal2.whl (3.1 MB)
   ━━━━━━━━━━━━━━━━━━━━━━━━━━━━━━━━━━━━━━━━ 3.1/3.1 MB 8.3 MB/s eta 0:00:00
Downloading iniconfig-2.3.1-py3-none-any.whl (7.6 kB)
Downloading jsonschema-4.26.0-py3-none-any.whl (90 kB)
Downloading jsonschema_specifications-2025.9.1-py3-none-any.whl (18 kB)
Downloading kiwisolver-1.5.1-cp312-cp312-macosx_11_0_arm64.whl (64 kB)
Downloading lz4-4.4.5-cp312-cp312-macosx_11_0_arm64.whl (207 kB)
Downloading matplotlib-3.11.2-cp312-cp312-macosx_11_0_arm64.whl (9.3 MB)
   ━━━━━━━━━━━━━━━━━━━━━━━━━━━━━━━━━━━━━━━━ 9.3/9.3 MB 7.9 MB/s eta 0:00:00
Downloading mcap-1.5.0-py3-none-any.whl (21 kB)
Downloading numpy-2.5.3-cp312-cp312-macosx_14_0_arm64.whl (5.4 MB)
   ━━━━━━━━━━━━━━━━━━━━━━━━━━━━━━━━━━━━━━━━ 5.4/5.4 MB 6.7 MB/s eta 0:00:00
Downloading packaging-26.3-py3-none-any.whl (129 kB)
Downloading pandas-3.0.6-cp312-cp312-macosx_11_0_arm64.whl (10.1 MB)
   ━━━━━━━━━━━━━━━━━━━━━━━━━━━━━━━━━━━━━━━━ 10.1/10.1 MB 8.2 MB/s eta 0:00:00
Downloading pillow-12.3.0-cp312-cp312-macosx_11_0_arm64.whl (4.8 MB)
   ━━━━━━━━━━━━━━━━━━━━━━━━━━━━━━━━━━━━━━━━ 4.8/4.8 MB 6.9 MB/s eta 0:00:00
Downloading pluggy-1.6.0-py3-none-any.whl (20 kB)
Downloading protobuf-4.25.9-cp37-abi3-macosx_10_9_universal2.whl (394 kB)
Downloading pyarrow-25.0.1-cp312-cp312-macosx_12_0_arm64.whl (35.9 MB)
   ━━━━━━━━━━━━━━━━━━━━━━━━━━━━━━━━━━━━━━━━ 35.9/35.9 MB 7.2 MB/s eta 0:00:00
Downloading pygments-2.21.0-py3-none-any.whl (1.3 MB)
   ━━━━━━━━━━━━━━━━━━━━━━━━━━━━━━━━━━━━━━━━ 1.3/1.3 MB 8.6 MB/s eta 0:00:00
Downloading pyparsing-3.3.3-py3-none-any.whl (126 kB)
Downloading pytest-9.1.1-py3-none-any.whl (386 kB)
Downloading python_dateutil-2.9.0.post0-py2.py3-none-any.whl (229 kB)
Downloading pyyaml-6.0.3-cp312-cp312-macosx_11_0_arm64.whl (173 kB)
Downloading referencing-0.37.0-py3-none-any.whl (26 kB)
Downloading rpds_py-2026.9.1-cp312-cp312-macosx_11_0_arm64.whl (341 kB)
Downloading ruff-0.16.10-py3-none-macosx_11_0_arm64.whl (9.8 MB)
   ━━━━━━━━━━━━━━━━━━━━━━━━━━━━━━━━━━━━━━━━ 9.8/9.8 MB 7.6 MB/s eta 0:00:00
Downloading scipy-1.18.1-cp312-cp312-macosx_14_0_arm64.whl (20.5 MB)
   ━━━━━━━━━━━━━━━━━━━━━━━━━━━━━━━━━━━━━━━━ 20.5/20.5 MB 8.4 MB/s eta 0:00:00
Downloading six-1.17.0-py2.py3-none-any.whl (11 kB)
Downloading typing_extensions-4.16.0-py3-none-any.whl (45 kB)
Downloading zstandard-0.25.0-cp312-cp312-macosx_11_0_arm64.whl (640 kB)
   ━━━━━━━━━━━━━━━━━━━━━━━━━━━━━━━━━━━━━━━━ 640.4/640.4 kB 10.9 MB/s eta 0:00:00
Installing collected packages: zstandard, typing_extensions, six, scipy, ruff, rpds-py, referencing, PyYAML, python-dateutil, pytest, pyparsing, Pygments, pyarrow, protobuf, pluggy, pillow, pandas, packaging, numpy, mcap, matplotlib, lz4, kiwisolver, jsonschema-specifications, jsonschema, iniconfig, fonttools, cycler, contourpy, attrs
Successfully installed PyYAML-6.0.3 Pygments-2.21.0 attrs-26.1.0 contourpy-1.4.0 cycler-0.12.1 fonttools-4.66.1 iniconfig-2.3.1 jsonschema-4.26.0 jsonschema-specifications-2025.9.1 kiwisolver-1.5.1 lz4-4.4.5 matplotlib-3.11.2 mcap-1.5.0 numpy-2.5.3 packaging-26.3 pandas-3.0.6 pillow-12.3.0 pluggy-1.6.0 protobuf-4.25.9 pyarrow-25.0.1 pyparsing-3.3.3 pytest-9.1.1 python-dateutil-2.9.0.post0 referencing-0.37.0 rpds-py-2026.9.1 ruff-0.16.10 scipy-1.18.1 six-1.17.0 typing_extensions-4.16.0 zstandard-0.25.0
