2026-10-08T16:30:32.6876677Z Current runner version: '2.337.0'
2026-10-08T16:30:32.6897995Z ##[group]Runner Image Provisioner
2026-10-08T16:30:32.6898667Z Hosted Compute Agent
2026-10-08T16:30:32.6899129Z Version: 20261002.596
2026-10-08T16:30:32.6899578Z Commit: c3d12f3313a95f25162a1503be624f3b0617f8c0
2026-10-08T16:30:32.6900098Z Build Date: 2026-10-02T22:28:27Z
2026-10-08T16:30:32.6900578Z Worker ID: {15313356-1fe4-429f-9f28-c92ef6ec4d01}
2026-10-08T16:30:32.6901137Z Region: northcentralus
2026-10-08T16:30:32.6901544Z Cloud: Azure
2026-10-08T16:30:32.6901918Z ##[endgroup]
2026-10-08T16:30:32.6902871Z ##[group]Operating System
2026-10-08T16:30:32.6903348Z Microsoft Windows Server 2022
2026-10-08T16:30:32.6903795Z 10.0.20348
2026-10-08T16:30:32.6904205Z Datacenter
2026-10-08T16:30:32.6904570Z ##[endgroup]
2026-10-08T16:30:32.6904965Z ##[group]Runner Image
2026-10-08T16:30:32.6905377Z Image: windows-2022
2026-10-08T16:30:32.6905819Z Version: 20261004.326.1
2026-10-08T16:30:32.6906882Z Included Software: https://github.com/actions/runner-images/blob/win22/20261004.326/images/windows/Windows2022-Readme.md
2026-10-08T16:30:32.6908078Z Image Release: https://github.com/actions/runner-images/releases/tag/win22%2F20261004.326
2026-10-08T16:30:32.6908804Z ##[endgroup]
2026-10-08T16:30:32.6909703Z ##[group]GITHUB_TOKEN Permissions
2026-10-08T16:30:32.6911273Z Contents: read
2026-10-08T16:30:32.6911701Z Metadata: read
2026-10-08T16:30:32.6912102Z Packages: read
2026-10-08T16:30:32.6912490Z ##[endgroup]
2026-10-08T16:30:32.6914095Z Secret source: Actions
2026-10-08T16:30:32.6914748Z Cache mode: write
2026-10-08T16:30:32.6915351Z Prepare workflow directory
2026-10-08T16:30:32.7168966Z Prepare all required actions
2026-10-08T16:30:32.7210687Z Getting action download info
2026-10-08T16:30:32.9451357Z Download action repository 'actions/checkout@v4' (SHA:11d5960a326750d5838078e36cf38b85af677262)
2026-10-08T16:30:33.0291459Z Download action repository 'actions/setup-python@v5' (SHA:a26af69be951a213d495a4c3e4e4022e16d87065)
2026-10-08T16:30:33.1422127Z Download action repository 'actions/upload-artifact@043fb46d1a93c77aae656e7c1c64a875d1fc6a0a' (SHA:043fb46d1a93c77aae656e7c1c64a875d1fc6a0a)
2026-10-08T16:30:33.3356691Z Complete job name: python
2026-10-08T16:30:33.4702456Z ##[group]Run actions/checkout@v4
2026-10-08T16:30:33.4703486Z with:
2026-10-08T16:30:33.4703870Z   repository: Jacob-Met/CaptureSuite
2026-10-08T16:30:33.4708554Z   token: ***
2026-10-08T16:30:33.4708931Z   ssh-strict: true
2026-10-08T16:30:33.4709307Z   ssh-user: git
2026-10-08T16:30:33.4709687Z   persist-credentials: true
2026-10-08T16:30:33.4710086Z   clean: true
2026-10-08T16:30:33.4710468Z   sparse-checkout-cone-mode: true
2026-10-08T16:30:33.4710892Z   fetch-depth: 1
2026-10-08T16:30:33.4711244Z   fetch-tags: false
2026-10-08T16:30:33.4711635Z   show-progress: true
2026-10-08T16:30:33.4712020Z   lfs: false
2026-10-08T16:30:33.4712345Z   submodules: false
2026-10-08T16:30:33.4712663Z   set-safe-directory: true
2026-10-08T16:30:33.4713055Z   allow-unsafe-pr-checkout: false
2026-10-08T16:30:33.4713693Z ##[endgroup]
2026-10-08T16:30:33.5781365Z Syncing repository: Jacob-Met/CaptureSuite
2026-10-08T16:30:33.5782711Z ##[group]Getting Git version info
2026-10-08T16:30:33.5783268Z Working directory is 'D:\a\CaptureSuite\CaptureSuite'
2026-10-08T16:30:33.6758427Z [command]"C:\Program Files\Git\bin\git.exe" version
2026-10-08T16:30:33.9770659Z git version 2.56.0.windows.1
2026-10-08T16:30:33.9802651Z ##[endgroup]
2026-10-08T16:30:33.9818481Z Temporarily overriding HOME='D:\a\_temp\cf35e785-ff93-45b2-ad58-550f057d9193' before making global git config changes
2026-10-08T16:30:33.9820242Z Adding repository directory to the temporary git global config as a safe directory
2026-10-08T16:30:33.9827553Z [command]"C:\Program Files\Git\bin\git.exe" config --global --add safe.directory D:\a\CaptureSuite\CaptureSuite
2026-10-08T16:30:34.0300173Z Deleting the contents of 'D:\a\CaptureSuite\CaptureSuite'
2026-10-08T16:30:34.0304153Z ##[group]Initializing the repository
2026-10-08T16:30:34.0311199Z [command]"C:\Program Files\Git\bin\git.exe" init D:\a\CaptureSuite\CaptureSuite
2026-10-08T16:30:34.1043569Z Initialized empty Git repository in D:/a/CaptureSuite/CaptureSuite/.git/
2026-10-08T16:30:34.1072331Z [command]"C:\Program Files\Git\bin\git.exe" remote add origin https://github.com/Jacob-Met/CaptureSuite
2026-10-08T16:30:34.1561327Z ##[endgroup]
2026-10-08T16:30:34.1562037Z ##[group]Disabling automatic garbage collection
2026-10-08T16:30:34.1568073Z [command]"C:\Program Files\Git\bin\git.exe" config --local gc.auto 0
2026-10-08T16:30:34.1791754Z ##[endgroup]
2026-10-08T16:30:34.1792345Z ##[group]Setting up auth
2026-10-08T16:30:34.1800584Z [command]"C:\Program Files\Git\bin\git.exe" config --local --name-only --get-regexp core\.sshCommand
2026-10-08T16:30:34.2024212Z [command]"C:\Program Files\Git\bin\git.exe" submodule foreach --recursive "sh -c \"git config --local --name-only --get-regexp 'core\.sshCommand' && git config --local --unset-all 'core.sshCommand' || :\""
2026-10-08T16:30:35.4680990Z [command]"C:\Program Files\Git\bin\git.exe" config --local --name-only --get-regexp http\.https\:\/\/github\.com\/\.extraheader
2026-10-08T16:30:35.4914864Z [command]"C:\Program Files\Git\bin\git.exe" submodule foreach --recursive "sh -c \"git config --local --name-only --get-regexp 'http\.https\:\/\/github\.com\/\.extraheader' && git config --local --unset-all 'http.https://github.com/.extraheader' || :\""
2026-10-08T16:30:35.8545253Z [command]"C:\Program Files\Git\bin\git.exe" config --local --name-only --get-regexp ^includeIf\.gitdir:
2026-10-08T16:30:35.8768904Z [command]"C:\Program Files\Git\bin\git.exe" submodule foreach --recursive "git config --local --show-origin --name-only --get-regexp remote.origin.url"
2026-10-08T16:30:36.2612073Z [command]"C:\Program Files\Git\bin\git.exe" config --local http.https://github.com/.extraheader "AUTHORIZATION: basic ***"
2026-10-08T16:30:36.2844689Z ##[endgroup]
2026-10-08T16:30:36.2845336Z ##[group]Fetching the repository
2026-10-08T16:30:36.2855942Z [command]"C:\Program Files\Git\bin\git.exe" -c protocol.version=2 fetch --no-tags --prune --no-recurse-submodules --depth=1 origin +56ec61aa8e272f3633440cc05fa39eda7c853d69:refs/remotes/pull/79/merge
2026-10-08T16:30:37.5028420Z From https://github.com/Jacob-Met/CaptureSuite
2026-10-08T16:30:37.5029097Z  * [new ref]         56ec61aa8e272f3633440cc05fa39eda7c853d69 -> pull/79/merge
2026-10-08T16:30:37.5051129Z ##[endgroup]
2026-10-08T16:30:37.5051468Z ##[group]Determining the checkout info
2026-10-08T16:30:37.5053656Z ##[endgroup]
2026-10-08T16:30:37.5064259Z [command]"C:\Program Files\Git\bin\git.exe" sparse-checkout disable
2026-10-08T16:30:37.5442632Z [command]"C:\Program Files\Git\bin\git.exe" config --local --unset-all extensions.worktreeConfig
2026-10-08T16:30:37.5669154Z ##[group]Checking out the ref
2026-10-08T16:30:37.5676283Z [command]"C:\Program Files\Git\bin\git.exe" checkout --progress --force refs/remotes/pull/79/merge
2026-10-08T16:30:37.7976141Z Note: switching to 'refs/remotes/pull/79/merge'.
2026-10-08T16:30:37.7976464Z 
2026-10-08T16:30:37.7976707Z You are in 'detached HEAD' state. You can look around, make experimental
2026-10-08T16:30:37.7977306Z changes and commit them, and you can discard any commits you make in this
2026-10-08T16:30:37.7977658Z state without impacting any branches by switching back to a branch.
2026-10-08T16:30:37.7977883Z 
2026-10-08T16:30:37.7978020Z If you want to create a new branch to retain commits you create, you may
2026-10-08T16:30:37.7978421Z do so (now or later) by using -c with the switch command. Example:
2026-10-08T16:30:37.7978618Z 
2026-10-08T16:30:37.7978759Z   git switch -c <new-branch-name>
2026-10-08T16:30:37.7978917Z 
2026-10-08T16:30:37.7979004Z Or undo this operation with:
2026-10-08T16:30:37.8040547Z 
2026-10-08T16:30:37.8040684Z   git switch -
2026-10-08T16:30:37.8040869Z 
2026-10-08T16:30:37.8041075Z Turn off this advice by setting config variable advice.detachedHead to false
2026-10-08T16:30:37.8042184Z 
2026-10-08T16:30:37.8042499Z HEAD is now at 56ec61a Merge 13164f0e52ad27ca512b90ffd0165329a1fe1abd into a2fd6c58ccc97c7262b97570a85d8aae8dfb978c
2026-10-08T16:30:37.8043444Z ##[endgroup]
2026-10-08T16:30:37.8337721Z [command]"C:\Program Files\Git\bin\git.exe" log -1 --format=%H
2026-10-08T16:30:37.8543852Z 56ec61aa8e272f3633440cc05fa39eda7c853d69
2026-10-08T16:30:37.8860302Z ##[group]Run actions/setup-python@v5
2026-10-08T16:30:37.8860576Z with:
2026-10-08T16:30:37.8860735Z   python-version: 3.12
2026-10-08T16:30:37.8860915Z   check-latest: false
2026-10-08T16:30:37.8862970Z   token: ***
2026-10-08T16:30:37.8863142Z   update-environment: true
2026-10-08T16:30:37.8863329Z   allow-prereleases: false
2026-10-08T16:30:37.8863491Z   freethreaded: false
2026-10-08T16:30:37.8863653Z ##[endgroup]
2026-10-08T16:30:38.0043440Z ##[group]Installed versions
2026-10-08T16:30:38.0170518Z (node:6924) [DEP0040] DeprecationWarning: The `punycode` module is deprecated. Please use a userland alternative instead.
2026-10-08T16:30:38.0171093Z (Use `node --trace-deprecation ...` to show where the warning was created)
2026-10-08T16:30:38.0171867Z Successfully set up CPython (3.12.10)
2026-10-08T16:30:38.0172390Z ##[endgroup]
2026-10-08T16:30:38.0361242Z ##[group]Run python -m pip install -r requirements-ci.txt
2026-10-08T16:30:38.0361682Z [36;1mpython -m pip install -r requirements-ci.txt[0m
2026-10-08T16:30:38.0437371Z shell: C:\Program Files\PowerShell\7\pwsh.EXE -command ". '{0}'"
2026-10-08T16:30:38.0437648Z env:
2026-10-08T16:30:38.0437870Z   pythonLocation: C:\hostedtoolcache\windows\Python\3.12.10\x64
2026-10-08T16:30:38.0438250Z   PKG_CONFIG_PATH: C:\hostedtoolcache\windows\Python\3.12.10\x64/lib/pkgconfig
2026-10-08T16:30:38.0438596Z   Python_ROOT_DIR: C:\hostedtoolcache\windows\Python\3.12.10\x64
2026-10-08T16:30:38.0438897Z   Python2_ROOT_DIR: C:\hostedtoolcache\windows\Python\3.12.10\x64
2026-10-08T16:30:38.0439187Z   Python3_ROOT_DIR: C:\hostedtoolcache\windows\Python\3.12.10\x64
2026-10-08T16:30:38.0439446Z ##[endgroup]
2026-10-08T16:30:42.3301744Z Obtaining file:///D:/a/CaptureSuite/CaptureSuite/libs/python/capture_protocol (from -r requirements-ci.txt (line 3))
2026-10-08T16:30:42.3329510Z   Installing build dependencies: started
2026-10-08T16:30:44.4174590Z   Installing build dependencies: finished with status 'done'
2026-10-08T16:30:44.4186512Z   Checking if build backend supports build_editable: started
2026-10-08T16:30:44.9254042Z   Checking if build backend supports build_editable: finished with status 'done'
2026-10-08T16:30:44.9271087Z   Getting requirements to build editable: started
2026-10-08T16:30:45.3522533Z   Getting requirements to build editable: finished with status 'done'
2026-10-08T16:30:45.3542909Z   Preparing editable metadata (pyproject.toml): started
2026-10-08T16:30:45.5951400Z   Preparing editable metadata (pyproject.toml): finished with status 'done'
2026-10-08T16:30:45.5985059Z Obtaining file:///D:/a/CaptureSuite/CaptureSuite/libs/python/capture_session (from -r requirements-ci.txt (line 4))
2026-10-08T16:30:45.6005494Z   Installing build dependencies: started
2026-10-08T16:30:46.9550413Z   Installing build dependencies: finished with status 'done'
2026-10-08T16:30:46.9561752Z   Checking if build backend supports build_editable: started
2026-10-08T16:30:47.3805812Z   Checking if build backend supports build_editable: finished with status 'done'
2026-10-08T16:30:47.3822308Z   Getting requirements to build editable: started
2026-10-08T16:30:47.7763142Z   Getting requirements to build editable: finished with status 'done'
2026-10-08T16:30:47.7784741Z   Preparing editable metadata (pyproject.toml): started
2026-10-08T16:30:48.0129810Z   Preparing editable metadata (pyproject.toml): finished with status 'done'
2026-10-08T16:30:48.0162736Z Obtaining file:///D:/a/CaptureSuite/CaptureSuite/libs/python/capture_analysis
2026-10-08T16:30:48.0182720Z   Installing build dependencies: started
2026-10-08T16:30:49.4292206Z   Installing build dependencies: finished with status 'done'
2026-10-08T16:30:49.4303419Z   Checking if build backend supports build_editable: started
2026-10-08T16:30:49.7898096Z   Checking if build backend supports build_editable: finished with status 'done'
2026-10-08T16:30:49.7914396Z   Getting requirements to build editable: started
2026-10-08T16:30:50.1915297Z   Getting requirements to build editable: finished with status 'done'
2026-10-08T16:30:50.1935023Z   Preparing editable metadata (pyproject.toml): started
2026-10-08T16:30:50.7176382Z   Preparing editable metadata (pyproject.toml): finished with status 'done'
2026-10-08T16:30:50.7213976Z Obtaining file:///D:/a/CaptureSuite/CaptureSuite/libs/python/capture_worker (from -r requirements-ci.txt (line 6))
2026-10-08T16:30:50.7238239Z   Installing build dependencies: started
2026-10-08T16:30:52.1194761Z   Installing build dependencies: finished with status 'done'
2026-10-08T16:30:52.1207017Z   Checking if build backend supports build_editable: started
2026-10-08T16:30:52.5092838Z   Checking if build backend supports build_editable: finished with status 'done'
2026-10-08T16:30:52.5108779Z   Getting requirements to build editable: started
2026-10-08T16:30:52.9727703Z   Getting requirements to build editable: finished with status 'done'
2026-10-08T16:30:52.9746856Z   Preparing editable metadata (pyproject.toml): started
2026-10-08T16:30:53.2509137Z   Preparing editable metadata (pyproject.toml): finished with status 'done'
2026-10-08T16:30:53.2541158Z Obtaining file:///D:/a/CaptureSuite/CaptureSuite/desktop
2026-10-08T16:30:53.2560769Z   Installing build dependencies: started
2026-10-08T16:30:54.8589246Z   Installing build dependencies: finished with status 'done'
2026-10-08T16:30:54.8600521Z   Checking if build backend supports build_editable: started
2026-10-08T16:30:55.2507856Z   Checking if build backend supports build_editable: finished with status 'done'
2026-10-08T16:30:55.2524081Z   Getting requirements to build editable: started
2026-10-08T16:30:55.7004926Z   Getting requirements to build editable: finished with status 'done'
2026-10-08T16:30:55.7026908Z   Preparing editable metadata (pyproject.toml): started
2026-10-08T16:30:55.9519691Z   Preparing editable metadata (pyproject.toml): finished with status 'done'
2026-10-08T16:30:56.5537311Z Collecting grpcio-tools<1.63,>=1.62 (from -r requirements-ci.txt (line 8))
2026-10-08T16:30:56.6830999Z   Downloading grpcio_tools-1.62.3-cp312-cp312-win_amd64.whl.metadata (6.4 kB)
2026-10-08T16:30:56.8562459Z Collecting mcap<2,>=1.1 (from -r requirements-ci.txt (line 9))
2026-10-08T16:30:56.8608920Z   Downloading mcap-1.5.0-py3-none-any.whl.metadata (380 bytes)
2026-10-08T16:30:56.9184053Z Collecting pytest>=8 (from -r requirements-ci.txt (line 10))
2026-10-08T16:30:56.9223971Z   Downloading pytest-9.1.1-py3-none-any.whl.metadata (7.6 kB)
2026-10-08T16:30:56.9782580Z Collecting pytest-cov>=5 (from -r requirements-ci.txt (line 11))
2026-10-08T16:30:56.9818055Z   Downloading pytest_cov-7.1.0-py3-none-any.whl.metadata (32 kB)
2026-10-08T16:30:57.3603805Z Collecting ruff<1,>=0.6 (from -r requirements-ci.txt (line 12))
2026-10-08T16:30:57.3646405Z   Downloading ruff-0.16.10-py3-none-win_amd64.whl.metadata (21 kB)
2026-10-08T16:30:57.5257801Z Collecting protobuf<5,>=4.25 (from capture-protocol==0.1.0->-r requirements-ci.txt (line 3))
2026-10-08T16:30:57.5350629Z   Downloading protobuf-4.25.9-cp310-abi3-win_amd64.whl.metadata (541 bytes)
2026-10-08T16:30:57.6181003Z Collecting jsonschema>=4.21 (from capture-session==0.1.0->-r requirements-ci.txt (line 4))
2026-10-08T16:30:57.6255041Z   Downloading jsonschema-4.26.0-py3-none-any.whl.metadata (7.6 kB)
2026-10-08T16:30:57.7163158Z Collecting pyyaml>=6.0 (from capture-analysis==0.1.0)
2026-10-08T16:30:57.7245147Z   Downloading pyyaml-6.0.3-cp312-cp312-win_amd64.whl.metadata (2.4 kB)
2026-10-08T16:30:57.8146117Z Collecting PySide6<7,>=6.6 (from capture-desktop==0.1.0)
2026-10-08T16:30:57.8186015Z   Downloading pyside6-6.12.0-cp310-abi3-win_amd64.whl.metadata (5.7 kB)
2026-10-08T16:30:58.0053514Z Collecting numpy>=1.26 (from capture-analysis==0.1.0)
2026-10-08T16:30:58.0095713Z   Downloading numpy-2.5.3-cp312-cp312-win_amd64.whl.metadata (6.6 kB)
2026-10-08T16:30:58.1598741Z Collecting scipy>=1.11 (from capture-analysis==0.1.0)
2026-10-08T16:30:58.1720114Z   Downloading scipy-1.18.1-cp312-cp312-win_amd64.whl.metadata (61 kB)
2026-10-08T16:30:58.3405016Z Collecting pandas>=2.1 (from capture-analysis==0.1.0)
2026-10-08T16:30:58.3506499Z   Downloading pandas-3.0.6-cp312-cp312-win_amd64.whl.metadata (19 kB)
2026-10-08T16:30:58.5640339Z Collecting pyarrow>=14.0 (from capture-analysis==0.1.0)
2026-10-08T16:30:58.5719586Z   Downloading pyarrow-25.0.1-cp312-cp312-win_amd64.whl.metadata (3.0 kB)
2026-10-08T16:30:58.7160367Z Collecting matplotlib>=3.8 (from capture-analysis==0.1.0)
2026-10-08T16:30:58.7203107Z   Downloading matplotlib-3.11.2-cp312-cp312-win_amd64.whl.metadata (80 kB)
2026-10-08T16:30:58.7942212Z Collecting pyqtgraph>=0.13 (from capture-desktop==0.1.0)
2026-10-08T16:30:58.7978322Z   Downloading pyqtgraph-0.14.0-py3-none-any.whl.metadata (1.5 kB)
2026-10-08T16:30:59.2212240Z Collecting grpcio>=1.62.3 (from grpcio-tools<1.63,>=1.62->-r requirements-ci.txt (line 8))
2026-10-08T16:30:59.2252922Z   Downloading grpcio-1.84.0-cp312-cp312-win_amd64.whl.metadata (3.9 kB)
2026-10-08T16:30:59.3115619Z Collecting setuptools (from grpcio-tools<1.63,>=1.62->-r requirements-ci.txt (line 8))
2026-10-08T16:30:59.3132913Z   Using cached setuptools-84.0.0-py3-none-any.whl.metadata (6.6 kB)
2026-10-08T16:30:59.3790757Z Collecting lz4 (from mcap<2,>=1.1->-r requirements-ci.txt (line 9))
2026-10-08T16:30:59.3865580Z   Downloading lz4-4.4.5-cp312-cp312-win_amd64.whl.metadata (3.9 kB)
2026-10-08T16:30:59.4739918Z Collecting zstandard (from mcap<2,>=1.1->-r requirements-ci.txt (line 9))
2026-10-08T16:30:59.4790442Z   Downloading zstandard-0.25.0-cp312-cp312-win_amd64.whl.metadata (3.3 kB)
2026-10-08T16:30:59.5349703Z Collecting PySide6_Essentials==6.12.0 (from PySide6<7,>=6.6->capture-desktop==0.1.0)
2026-10-08T16:30:59.5385779Z   Downloading pyside6_essentials-6.12.0-cp310-abi3-win_amd64.whl.metadata (3.9 kB)
2026-10-08T16:30:59.5966430Z Collecting PySide6_Addons==6.12.0 (from PySide6<7,>=6.6->capture-desktop==0.1.0)
2026-10-08T16:30:59.6003351Z   Downloading pyside6_addons-6.12.0-cp310-abi3-win_amd64.whl.metadata (4.4 kB)
2026-10-08T16:30:59.6490884Z Collecting PySide6_WebEngine==6.12.0.140 (from PySide6<7,>=6.6->capture-desktop==0.1.0)
2026-10-08T16:30:59.6530604Z   Downloading pyside6_webengine-6.12.0.140-cp310-abi3-win_amd64.whl.metadata (3.7 kB)
2026-10-08T16:30:59.7024985Z Collecting PySide6_Pdf==6.12.0.140 (from PySide6<7,>=6.6->capture-desktop==0.1.0)
2026-10-08T16:30:59.7062620Z   Downloading pyside6_pdf-6.12.0.140-cp310-abi3-win_amd64.whl.metadata (3.6 kB)
2026-10-08T16:30:59.7611807Z Collecting shiboken6==6.12.0 (from PySide6_Essentials==6.12.0->PySide6<7,>=6.6->capture-desktop==0.1.0)
2026-10-08T16:30:59.8378083Z   Downloading shiboken6-6.12.0-cp310-abi3-win_amd64.whl.metadata (2.6 kB)
2026-10-08T16:30:59.8680910Z Requirement already satisfied: colorama>=0.4 in C:\hostedtoolcache\windows\Python\3.12.10\x64\Lib\site-packages (from pytest>=8->-r requirements-ci.txt (line 10)) (0.4.6)
2026-10-08T16:30:59.8954483Z Collecting iniconfig>=1.0.1 (from pytest>=8->-r requirements-ci.txt (line 10))
2026-10-08T16:30:59.8992317Z   Downloading iniconfig-2.3.1-py3-none-any.whl.metadata (2.8 kB)
2026-10-08T16:30:59.9257005Z Requirement already satisfied: packaging>=22 in C:\hostedtoolcache\windows\Python\3.12.10\x64\Lib\site-packages (from pytest>=8->-r requirements-ci.txt (line 10)) (26.3)
2026-10-08T16:30:59.9499344Z Collecting pluggy<2,>=1.5 (from pytest>=8->-r requirements-ci.txt (line 10))
2026-10-08T16:30:59.9535871Z   Downloading pluggy-1.6.0-py3-none-any.whl.metadata (4.8 kB)
2026-10-08T16:31:00.0131372Z Collecting pygments>=2.7.2 (from pytest>=8->-r requirements-ci.txt (line 10))
2026-10-08T16:31:00.0169731Z   Downloading pygments-2.21.0-py3-none-any.whl.metadata (2.5 kB)
2026-10-08T16:31:00.3872381Z Collecting coverage>=7.10.6 (from coverage[toml]>=7.10.6->pytest-cov>=5->-r requirements-ci.txt (line 11))
2026-10-08T16:31:00.3914413Z   Downloading coverage-7.16.2-cp312-cp312-win_amd64.whl.metadata (8.4 kB)
2026-10-08T16:31:00.4631870Z Collecting typing-extensions~=4.12 (from grpcio>=1.62.3->grpcio-tools<1.63,>=1.62->-r requirements-ci.txt (line 8))
2026-10-08T16:31:00.4671116Z   Downloading typing_extensions-4.16.0-py3-none-any.whl.metadata (3.3 kB)
2026-10-08T16:31:00.5205898Z Collecting attrs>=22.2.0 (from jsonschema>=4.21->capture-session==0.1.0->-r requirements-ci.txt (line 4))
2026-10-08T16:31:00.5244121Z   Downloading attrs-26.1.0-py3-none-any.whl.metadata (8.8 kB)
2026-10-08T16:31:00.5746895Z Collecting jsonschema-specifications>=2023.03.6 (from jsonschema>=4.21->capture-session==0.1.0->-r requirements-ci.txt (line 4))
2026-10-08T16:31:00.5782720Z   Downloading jsonschema_specifications-2025.9.1-py3-none-any.whl.metadata (2.9 kB)
2026-10-08T16:31:00.6325651Z Collecting referencing>=0.28.4 (from jsonschema>=4.21->capture-session==0.1.0->-r requirements-ci.txt (line 4))
2026-10-08T16:31:00.6363573Z   Downloading referencing-0.37.0-py3-none-any.whl.metadata (2.8 kB)
2026-10-08T16:31:00.8648574Z Collecting rpds-py>=0.25.0 (from jsonschema>=4.21->capture-session==0.1.0->-r requirements-ci.txt (line 4))
2026-10-08T16:31:00.8693642Z   Downloading rpds_py-2026.9.1-cp312-cp312-win_amd64.whl.metadata (4.2 kB)
2026-10-08T16:31:00.9656475Z Collecting contourpy>=1.0.1 (from matplotlib>=3.8->capture-analysis==0.1.0)
2026-10-08T16:31:00.9721080Z   Downloading contourpy-1.4.0-cp312-cp312-win_amd64.whl.metadata (3.8 kB)
2026-10-08T16:31:01.0202077Z Collecting cycler>=0.10 (from matplotlib>=3.8->capture-analysis==0.1.0)
2026-10-08T16:31:01.0240575Z   Downloading cycler-0.12.1-py3-none-any.whl.metadata (3.8 kB)
2026-10-08T16:31:01.1798046Z Collecting fonttools>=4.28.2 (from matplotlib>=3.8->capture-analysis==0.1.0)
2026-10-08T16:31:01.1857846Z   Downloading fonttools-4.66.1-cp312-cp312-win_amd64.whl.metadata (132 kB)
2026-10-08T16:31:01.2916556Z Collecting kiwisolver>=1.3.1 (from matplotlib>=3.8->capture-analysis==0.1.0)
2026-10-08T16:31:01.2955574Z   Downloading kiwisolver-1.5.1-cp312-cp312-win_amd64.whl.metadata (5.2 kB)
2026-10-08T16:31:01.4912220Z Collecting pillow>=9 (from matplotlib>=3.8->capture-analysis==0.1.0)
2026-10-08T16:31:01.4954270Z   Downloading pillow-12.3.0-cp312-cp312-win_amd64.whl.metadata (9.3 kB)
2026-10-08T16:31:01.5558303Z Collecting pyparsing>=3 (from matplotlib>=3.8->capture-analysis==0.1.0)
2026-10-08T16:31:01.5599524Z   Downloading pyparsing-3.3.3-py3-none-any.whl.metadata (5.9 kB)
2026-10-08T16:31:01.6180842Z Collecting python-dateutil>=2.7 (from matplotlib>=3.8->capture-analysis==0.1.0)
2026-10-08T16:31:01.6219067Z   Downloading python_dateutil-2.9.0.post0-py2.py3-none-any.whl.metadata (8.4 kB)
2026-10-08T16:31:01.6789490Z Collecting tzdata (from pandas>=2.1->capture-analysis==0.1.0)
2026-10-08T16:31:01.6825743Z   Downloading tzdata-2026.5-py2.py3-none-any.whl.metadata (1.4 kB)
2026-10-08T16:31:01.7413451Z Collecting six>=1.5 (from python-dateutil>=2.7->matplotlib>=3.8->capture-analysis==0.1.0)
2026-10-08T16:31:01.7450514Z   Downloading six-1.17.0-py2.py3-none-any.whl.metadata (1.7 kB)
2026-10-08T16:31:01.7789619Z Downloading grpcio_tools-1.62.3-cp312-cp312-win_amd64.whl (1.1 MB)
2026-10-08T16:31:01.8132377Z    ---------------------------------------- 1.1/1.1 MB 25.5 MB/s  0:00:00
2026-10-08T16:31:01.8166543Z Downloading mcap-1.5.0-py3-none-any.whl (21 kB)
2026-10-08T16:31:01.8444761Z Downloading ruff-0.16.10-py3-none-win_amd64.whl (10.6 MB)
2026-10-08T16:31:01.9199242Z    ---------------------------------------- 10.6/10.6 MB 132.3 MB/s  0:00:00
2026-10-08T16:31:01.9241477Z Downloading protobuf-4.25.9-cp310-abi3-win_amd64.whl (413 kB)
2026-10-08T16:31:01.9523467Z Downloading pyside6-6.12.0-cp310-abi3-win_amd64.whl (578 kB)
2026-10-08T16:31:01.9796067Z    ---------------------------------------- 579.0/579.0 kB 10.2 MB/s  0:00:00
2026-10-08T16:31:01.9831705Z Downloading pyside6_addons-6.12.0-cp310-abi3-win_amd64.whl (40.5 MB)
2026-10-08T16:31:02.7697433Z    ---------------------------------------- 40.5/40.5 MB 51.5 MB/s  0:00:00
2026-10-08T16:31:02.7736522Z Downloading pyside6_essentials-6.12.0-cp310-abi3-win_amd64.whl (82.2 MB)
2026-10-08T16:31:04.9892142Z    ---------------------------------------- 82.2/82.2 MB 36.7 MB/s  0:00:02
2026-10-08T16:31:04.9932015Z Downloading pyside6_pdf-6.12.0.140-cp310-abi3-win_amd64.whl (3.0 MB)
2026-10-08T16:31:05.0406902Z    ---------------------------------------- 3.0/3.0 MB 57.9 MB/s  0:00:00
2026-10-08T16:31:05.0451590Z Downloading pyside6_webengine-6.12.0.140-cp310-abi3-win_amd64.whl (131.7 MB)
2026-10-08T16:31:07.6690832Z    ---------------------------------------- 131.7/131.7 MB 50.4 MB/s  0:00:02
2026-10-08T16:31:07.6748647Z Downloading shiboken6-6.12.0-cp310-abi3-win_amd64.whl (1.3 MB)
2026-10-08T16:31:07.7037218Z    ---------------------------------------- 1.3/1.3 MB 31.4 MB/s  0:00:00
2026-10-08T16:31:07.7071929Z Downloading pytest-9.1.1-py3-none-any.whl (386 kB)
2026-10-08T16:31:07.7374322Z Downloading pluggy-1.6.0-py3-none-any.whl (20 kB)
2026-10-08T16:31:07.7604162Z Downloading pytest_cov-7.1.0-py3-none-any.whl (22 kB)
2026-10-08T16:31:07.7836500Z Downloading coverage-7.16.2-cp312-cp312-win_amd64.whl (226 kB)
2026-10-08T16:31:07.8272954Z Downloading grpcio-1.84.0-cp312-cp312-win_amd64.whl (5.3 MB)
2026-10-08T16:31:07.8878224Z    ---------------------------------------- 5.3/5.3 MB 79.2 MB/s  0:00:00
2026-10-08T16:31:07.8923134Z Downloading typing_extensions-4.16.0-py3-none-any.whl (45 kB)
2026-10-08T16:31:07.9273105Z Downloading iniconfig-2.3.1-py3-none-any.whl (7.6 kB)
2026-10-08T16:31:07.9732147Z Downloading jsonschema-4.26.0-py3-none-any.whl (90 kB)
2026-10-08T16:31:08.0165159Z Downloading attrs-26.1.0-py3-none-any.whl (67 kB)
2026-10-08T16:31:08.0469941Z Downloading jsonschema_specifications-2025.9.1-py3-none-any.whl (18 kB)
2026-10-08T16:31:08.2587150Z Downloading matplotlib-3.11.2-cp312-cp312-win_amd64.whl (9.3 MB)
2026-10-08T16:31:08.3712979Z    ---------------------------------------- 9.3/9.3 MB 83.4 MB/s  0:00:00
2026-10-08T16:31:08.3795481Z Downloading contourpy-1.4.0-cp312-cp312-win_amd64.whl (234 kB)
2026-10-08T16:31:08.4147983Z Downloading cycler-0.12.1-py3-none-any.whl (8.3 kB)
2026-10-08T16:31:08.4625183Z Downloading fonttools-4.66.1-cp312-cp312-win_amd64.whl (2.5 MB)
2026-10-08T16:31:08.5083119Z    ---------------------------------------- 2.5/2.5 MB 47.3 MB/s  0:00:00
2026-10-08T16:31:08.5132456Z Downloading kiwisolver-1.5.1-cp312-cp312-win_amd64.whl (70 kB)
2026-10-08T16:31:08.5493847Z Downloading numpy-2.5.3-cp312-cp312-win_amd64.whl (12.6 MB)
2026-10-08T16:31:08.6661703Z    ---------------------------------------- 12.6/12.6 MB 98.4 MB/s  0:00:00
2026-10-08T16:31:08.6701203Z Downloading pandas-3.0.6-cp312-cp312-win_amd64.whl (9.7 MB)
2026-10-08T16:31:08.7721862Z    ---------------------------------------- 9.7/9.7 MB 100.0 MB/s  0:00:00
2026-10-08T16:31:08.7768491Z Downloading pillow-12.3.0-cp312-cp312-win_amd64.whl (7.2 MB)
2026-10-08T16:31:08.8542721Z    ---------------------------------------- 7.2/7.2 MB 89.3 MB/s  0:00:00
2026-10-08T16:31:08.8609380Z Downloading pyarrow-25.0.1-cp312-cp312-win_amd64.whl (28.0 MB)
2026-10-08T16:31:09.2621653Z    ---------------------------------------- 28.0/28.0 MB 68.0 MB/s  0:00:00
2026-10-08T16:31:09.2658841Z Downloading pygments-2.21.0-py3-none-any.whl (1.3 MB)
2026-10-08T16:31:09.2970875Z    ---------------------------------------- 1.3/1.3 MB 31.9 MB/s  0:00:00
2026-10-08T16:31:09.3046762Z Downloading pyparsing-3.3.3-py3-none-any.whl (126 kB)
2026-10-08T16:31:09.3469021Z Downloading pyqtgraph-0.14.0-py3-none-any.whl (1.9 MB)
2026-10-08T16:31:09.3814985Z    ---------------------------------------- 1.9/1.9 MB 53.6 MB/s  0:00:00
2026-10-08T16:31:09.3852355Z Downloading python_dateutil-2.9.0.post0-py2.py3-none-any.whl (229 kB)
2026-10-08T16:31:09.4146864Z Downloading pyyaml-6.0.3-cp312-cp312-win_amd64.whl (154 kB)
2026-10-08T16:31:09.4422166Z Downloading referencing-0.37.0-py3-none-any.whl (26 kB)
2026-10-08T16:31:09.6031119Z Downloading rpds_py-2026.9.1-cp312-cp312-win_amd64.whl (222 kB)
2026-10-08T16:31:10.4962344Z Downloading scipy-1.18.1-cp312-cp312-win_amd64.whl (36.7 MB)
2026-10-08T16:31:11.0312998Z    ---------------------------------------- 36.7/36.7 MB 68.5 MB/s  0:00:00
2026-10-08T16:31:11.0349430Z Downloading six-1.17.0-py2.py3-none-any.whl (11 kB)
2026-10-08T16:31:11.0664285Z Downloading lz4-4.4.5-cp312-cp312-win_amd64.whl (99 kB)
2026-10-08T16:31:11.0951018Z Using cached setuptools-84.0.0-py3-none-any.whl (818 kB)
2026-10-08T16:31:11.1048095Z Downloading tzdata-2026.5-py2.py3-none-any.whl (347 kB)
2026-10-08T16:31:11.1334994Z Downloading zstandard-0.25.0-cp312-cp312-win_amd64.whl (506 kB)
2026-10-08T16:31:11.6587444Z Building wheels for collected packages: capture-protocol, capture-session, capture-analysis, capture-worker, capture-desktop
2026-10-08T16:31:11.6729699Z   Building editable for capture-protocol (pyproject.toml): started
2026-10-08T16:31:11.9545614Z   Building editable for capture-protocol (pyproject.toml): finished with status 'done'
2026-10-08T16:31:11.9585009Z   Created wheel for capture-protocol: filename=capture_protocol-0.1.0-0.editable-py3-none-any.whl size=7398 sha256=f53ae8377ea323ce4d295d999af3975f6f8e8dabc1996d61534ade7ed8cd714c
2026-10-08T16:31:11.9586540Z   Stored in directory: C:\Users\runneradmin\AppData\Local\Temp\pip-ephem-wheel-cache-p2l17se9\wheels\be\38\74\adf0f9a8f0ba8d26599b299cff33b892a58ed35959c9e09acd
2026-10-08T16:31:11.9620476Z   Building editable for capture-session (pyproject.toml): started
2026-10-08T16:31:12.2122565Z   Building editable for capture-session (pyproject.toml): finished with status 'done'
2026-10-08T16:31:12.2162577Z   Created wheel for capture-session: filename=capture_session-0.1.0-0.editable-py3-none-any.whl size=2863 sha256=b27b593f27cfd27f9e4269321841b76980858b520d00adc7b89f9a4ac9f975b2
2026-10-08T16:31:12.2163991Z   Stored in directory: C:\Users\runneradmin\AppData\Local\Temp\pip-ephem-wheel-cache-p2l17se9\wheels\49\8f\6e\163bd066522d89fdd0906cf22a1687ebc628821c7980903be9
2026-10-08T16:31:12.2196587Z   Building editable for capture-analysis (pyproject.toml): started
2026-10-08T16:31:12.4905298Z   Building editable for capture-analysis (pyproject.toml): finished with status 'done'
2026-10-08T16:31:12.4947549Z   Created wheel for capture-analysis: filename=capture_analysis-0.1.0-0.editable-py3-none-any.whl size=3050 sha256=5ebb2edaf57fb96b7b05eb178b0aa95a9a3af9141783c6ebae86542b789f0c7a
2026-10-08T16:31:12.4948924Z   Stored in directory: C:\Users\runneradmin\AppData\Local\Temp\pip-ephem-wheel-cache-p2l17se9\wheels\f4\d1\58\14e4976a0c15c2c470fc12f9a2873cc8c4bc7bd989766b97b4
2026-10-08T16:31:12.4982286Z   Building editable for capture-worker (pyproject.toml): started
2026-10-08T16:31:12.7603141Z   Building editable for capture-worker (pyproject.toml): finished with status 'done'
2026-10-08T16:31:12.7654216Z   Created wheel for capture-worker: filename=capture_worker-0.1.0-0.editable-py3-none-any.whl size=7659 sha256=a4e644898d1daaa841a06ae098b553275938c6fdfbeaea234330a5271edfc72f
2026-10-08T16:31:12.7655566Z   Stored in directory: C:\Users\runneradmin\AppData\Local\Temp\pip-ephem-wheel-cache-p2l17se9\wheels\91\10\bd\b56fd1c22822b4cd753ca217f259119db33a4fa54b26c297ee
2026-10-08T16:31:12.7689567Z   Building editable for capture-desktop (pyproject.toml): started
2026-10-08T16:31:13.0651359Z   Building editable for capture-desktop (pyproject.toml): finished with status 'done'
2026-10-08T16:31:13.0689260Z   Created wheel for capture-desktop: filename=capture_desktop-0.1.0-0.editable-py3-none-any.whl size=3184 sha256=9652e144c5339f7718bfaf666f041a5b6968cd220406a3fc589cb919294d077b
2026-10-08T16:31:13.0690557Z   Stored in directory: C:\Users\runneradmin\AppData\Local\Temp\pip-ephem-wheel-cache-p2l17se9\wheels\04\f4\80\083223dba330947d948f2d768e3de9f1e54ae638d0a391d614
2026-10-08T16:31:13.0708533Z Successfully built capture-protocol capture-session capture-analysis capture-worker capture-desktop
2026-10-08T16:31:13.1999625Z Installing collected packages: zstandard, tzdata, typing-extensions, six, shiboken6, setuptools, ruff, rpds-py, pyyaml, pyparsing, pygments, pyarrow, protobuf, pluggy, pillow, numpy, lz4, kiwisolver, iniconfig, fonttools, cycler, coverage, attrs, scipy, referencing, python-dateutil, pytest, PySide6_Essentials, pyqtgraph, mcap, grpcio, contourpy, capture-protocol, pytest-cov, PySide6_Pdf, PySide6_Addons, pandas, matplotlib, jsonschema-specifications, grpcio-tools, capture-worker, PySide6_WebEngine, jsonschema, PySide6, capture-session, capture-desktop, capture-analysis
2026-10-08T16:31:56.0771177Z 
2026-10-08T16:31:56.0808621Z Successfully installed PySide6-6.12.0 PySide6_Addons-6.12.0 PySide6_Essentials-6.12.0 PySide6_Pdf-6.12.0.140 PySide6_WebEngine-6.12.0.140 attrs-26.1.0 capture-analysis-0.1.0 capture-desktop-0.1.0 capture-protocol-0.1.0 capture-session-0.1.0 capture-worker-0.1.0 contourpy-1.4.0 coverage-7.16.2 cycler-0.12.1 fonttools-4.66.1 grpcio-1.84.0 grpcio-tools-1.62.3 iniconfig-2.3.1 jsonschema-4.26.0 jsonschema-specifications-2025.9.1 kiwisolver-1.5.1 lz4-4.4.5 matplotlib-3.11.2 mcap-1.5.0 numpy-2.5.3 pandas-3.0.6 pillow-12.3.0 pluggy-1.6.0 protobuf-4.25.9 pyarrow-25.0.1 pygments-2.21.0 pyparsing-3.3.3 pyqtgraph-0.14.0 pytest-9.1.1 pytest-cov-7.1.0 python-dateutil-2.9.0.post0 pyyaml-6.0.3 referencing-0.37.0 rpds-py-2026.9.1 ruff-0.16.10 scipy-1.18.1 setuptools-84.0.0 shiboken6-6.12.0 six-1.17.0 typing-extensions-4.16.0 tzdata-2026.5 zstandard-0.25.0
2026-10-08T16:31:57.0722456Z ##[group]Run python -m pip check
2026-10-08T16:31:57.0722748Z [36;1mpython -m pip check[0m
2026-10-08T16:31:57.0756862Z shell: C:\Program Files\PowerShell\7\pwsh.EXE -command ". '{0}'"
2026-10-08T16:31:57.0757129Z env:
2026-10-08T16:31:57.0757340Z   pythonLocation: C:\hostedtoolcache\windows\Python\3.12.10\x64
2026-10-08T16:31:57.0757712Z   PKG_CONFIG_PATH: C:\hostedtoolcache\windows\Python\3.12.10\x64/lib/pkgconfig
2026-10-08T16:31:57.0758060Z   Python_ROOT_DIR: C:\hostedtoolcache\windows\Python\3.12.10\x64
2026-10-08T16:31:57.0758363Z   Python2_ROOT_DIR: C:\hostedtoolcache\windows\Python\3.12.10\x64
2026-10-08T16:31:57.0758656Z   Python3_ROOT_DIR: C:\hostedtoolcache\windows\Python\3.12.10\x64
2026-10-08T16:31:57.0758895Z ##[endgroup]
2026-10-08T16:31:57.7455591Z No broken requirements found.
2026-10-08T16:31:57.8664828Z ##[group]Run python tools/check_ci_contract.py --check-environment
2026-10-08T16:31:57.8665245Z [36;1mpython tools/check_ci_contract.py --check-environment[0m
2026-10-08T16:31:57.8694455Z shell: C:\Program Files\PowerShell\7\pwsh.EXE -command ". '{0}'"
2026-10-08T16:31:57.8694730Z env:
2026-10-08T16:31:57.8694952Z   pythonLocation: C:\hostedtoolcache\windows\Python\3.12.10\x64
2026-10-08T16:31:57.8695314Z   PKG_CONFIG_PATH: C:\hostedtoolcache\windows\Python\3.12.10\x64/lib/pkgconfig
2026-10-08T16:31:57.8695672Z   Python_ROOT_DIR: C:\hostedtoolcache\windows\Python\3.12.10\x64
2026-10-08T16:31:57.8696015Z   Python2_ROOT_DIR: C:\hostedtoolcache\windows\Python\3.12.10\x64
2026-10-08T16:31:57.8696314Z   Python3_ROOT_DIR: C:\hostedtoolcache\windows\Python\3.12.10\x64
2026-10-08T16:31:57.8696558Z ##[endgroup]
2026-10-08T16:32:04.6477389Z Matplotlib is building the font cache; this may take a moment.
2026-10-08T16:32:20.3961232Z {
2026-10-08T16:32:20.3961741Z   "accepted": true,
2026-10-08T16:32:20.3961970Z   "errors": []
2026-10-08T16:32:20.3962147Z }
2026-10-08T16:32:20.6716472Z ##[group]Run python tools/gen_protos.py
2026-10-08T16:32:20.6716909Z [36;1mpython tools/gen_protos.py[0m
2026-10-08T16:32:20.6756475Z shell: C:\Program Files\PowerShell\7\pwsh.EXE -command ". '{0}'"
2026-10-08T16:32:20.6756900Z env:
2026-10-08T16:32:20.6757226Z   pythonLocation: C:\hostedtoolcache\windows\Python\3.12.10\x64
2026-10-08T16:32:20.6757818Z   PKG_CONFIG_PATH: C:\hostedtoolcache\windows\Python\3.12.10\x64/lib/pkgconfig
2026-10-08T16:32:20.6758385Z   Python_ROOT_DIR: C:\hostedtoolcache\windows\Python\3.12.10\x64
2026-10-08T16:32:20.6759706Z   Python2_ROOT_DIR: C:\hostedtoolcache\windows\Python\3.12.10\x64
2026-10-08T16:32:20.6760211Z   Python3_ROOT_DIR: C:\hostedtoolcache\windows\Python\3.12.10\x64
2026-10-08T16:32:20.6760615Z ##[endgroup]
2026-10-08T16:32:21.0687992Z Running: C:\hostedtoolcache\windows\Python\3.12.10\x64\python.exe -m grpc_tools.protoc --proto_path=D:\a\CaptureSuite\CaptureSuite\schemas\proto --python_out=D:\a\CaptureSuite\CaptureSuite\libs\python\capture_protocol\capture_protocol\generated --descriptor_set_out=D:\a\CaptureSuite\CaptureSuite\build\generated\capture_v1.desc --include_imports --proto_path=C:\hostedtoolcache\windows\Python\3.12.10\x64\Lib\site-packages\grpc_tools\_proto capture/v1/arrays.proto capture/v1/common.proto capture/v1/control.proto capture/v1/data/emg_batch.proto capture/v1/data/imu_frame.proto capture/v1/data/numeric_batch.proto capture/v1/data/radar_doppler.proto capture/v1/data/radar_frame.proto capture/v1/data/video_timing.proto capture/v1/events.proto capture/v1/health.proto capture/v1/presets.proto capture/v1/preview.proto capture/v1/project.proto capture/v1/source.proto capture/v1/storage.proto capture/v1/worker.proto
2026-10-08T16:32:21.0691847Z Wrote Python bindings under D:\a\CaptureSuite\CaptureSuite\libs\python\capture_protocol\capture_protocol\generated
2026-10-08T16:32:21.0692355Z Wrote descriptor set D:\a\CaptureSuite\CaptureSuite\build\generated\capture_v1.desc
2026-10-08T16:32:21.1778082Z ##[group]Run git diff --exit-code -- libs/python/capture_protocol/capture_protocol/generated
2026-10-08T16:32:21.1778985Z [36;1mgit diff --exit-code -- libs/python/capture_protocol/capture_protocol/generated[0m
2026-10-08T16:32:21.1809453Z shell: C:\Program Files\PowerShell\7\pwsh.EXE -command ". '{0}'"
2026-10-08T16:32:21.1809724Z env:
2026-10-08T16:32:21.1809938Z   pythonLocation: C:\hostedtoolcache\windows\Python\3.12.10\x64
2026-10-08T16:32:21.1810306Z   PKG_CONFIG_PATH: C:\hostedtoolcache\windows\Python\3.12.10\x64/lib/pkgconfig
2026-10-08T16:32:21.1810669Z   Python_ROOT_DIR: C:\hostedtoolcache\windows\Python\3.12.10\x64
2026-10-08T16:32:21.1810969Z   Python2_ROOT_DIR: C:\hostedtoolcache\windows\Python\3.12.10\x64
2026-10-08T16:32:21.1811266Z   Python3_ROOT_DIR: C:\hostedtoolcache\windows\Python\3.12.10\x64
2026-10-08T16:32:21.1811506Z ##[endgroup]
2026-10-08T16:32:21.6202588Z ##[group]Run python tools/gen_session_schemas.py
2026-10-08T16:32:21.6202919Z [36;1mpython tools/gen_session_schemas.py[0m
2026-10-08T16:32:21.6232582Z shell: C:\Program Files\PowerShell\7\pwsh.EXE -command ". '{0}'"
2026-10-08T16:32:21.6232842Z env:
2026-10-08T16:32:21.6233051Z   pythonLocation: C:\hostedtoolcache\windows\Python\3.12.10\x64
2026-10-08T16:32:21.6233423Z   PKG_CONFIG_PATH: C:\hostedtoolcache\windows\Python\3.12.10\x64/lib/pkgconfig
2026-10-08T16:32:21.6233758Z   Python_ROOT_DIR: C:\hostedtoolcache\windows\Python\3.12.10\x64
2026-10-08T16:32:21.6234055Z   Python2_ROOT_DIR: C:\hostedtoolcache\windows\Python\3.12.10\x64
2026-10-08T16:32:21.6234354Z   Python3_ROOT_DIR: C:\hostedtoolcache\windows\Python\3.12.10\x64
2026-10-08T16:32:21.6234588Z ##[endgroup]
2026-10-08T16:32:21.8977167Z Wrote 19 schemas to D:\a\CaptureSuite\CaptureSuite\schemas\session\jsonschema
2026-10-08T16:32:21.9915033Z ##[group]Run git diff --exit-code -- schemas/session/jsonschema
2026-10-08T16:32:21.9915625Z [36;1mgit diff --exit-code -- schemas/session/jsonschema[0m
2026-10-08T16:32:21.9957842Z shell: C:\Program Files\PowerShell\7\pwsh.EXE -command ". '{0}'"
2026-10-08T16:32:21.9958115Z env:
2026-10-08T16:32:21.9958331Z   pythonLocation: C:\hostedtoolcache\windows\Python\3.12.10\x64
2026-10-08T16:32:21.9958701Z   PKG_CONFIG_PATH: C:\hostedtoolcache\windows\Python\3.12.10\x64/lib/pkgconfig
2026-10-08T16:32:21.9959055Z   Python_ROOT_DIR: C:\hostedtoolcache\windows\Python\3.12.10\x64
2026-10-08T16:32:21.9959362Z   Python2_ROOT_DIR: C:\hostedtoolcache\windows\Python\3.12.10\x64
2026-10-08T16:32:21.9959663Z   Python3_ROOT_DIR: C:\hostedtoolcache\windows\Python\3.12.10\x64
2026-10-08T16:32:21.9960056Z ##[endgroup]
2026-10-08T16:32:22.3103851Z ##[group]Run ruff check libs/python/capture_protocol libs/python/capture_session libs/python/capture_analysis libs/python/capture_worker workers/python_host desktop/capture_desktop tools tests plugins/example_sine_py plugins/lsl_bridge
2026-10-08T16:32:22.3105190Z [36;1mruff check libs/python/capture_protocol libs/python/capture_session libs/python/capture_analysis libs/python/capture_worker workers/python_host desktop/capture_desktop tools tests plugins/example_sine_py plugins/lsl_bridge[0m
2026-10-08T16:32:22.3136441Z shell: C:\Program Files\PowerShell\7\pwsh.EXE -command ". '{0}'"
2026-10-08T16:32:22.3136837Z env:
2026-10-08T16:32:22.3137152Z   pythonLocation: C:\hostedtoolcache\windows\Python\3.12.10\x64
2026-10-08T16:32:22.3137709Z   PKG_CONFIG_PATH: C:\hostedtoolcache\windows\Python\3.12.10\x64/lib/pkgconfig
2026-10-08T16:32:22.3138185Z   Python_ROOT_DIR: C:\hostedtoolcache\windows\Python\3.12.10\x64
2026-10-08T16:32:22.3138545Z   Python2_ROOT_DIR: C:\hostedtoolcache\windows\Python\3.12.10\x64
2026-10-08T16:32:22.3138847Z   Python3_ROOT_DIR: C:\hostedtoolcache\windows\Python\3.12.10\x64
2026-10-08T16:32:22.3139087Z ##[endgroup]
2026-10-08T16:32:22.6140351Z All checks passed!
2026-10-08T16:32:22.7159342Z ##[group]Run python tools/check_licenses.py --enforce-spdx
2026-10-08T16:32:22.7159896Z [36;1mpython tools/check_licenses.py --enforce-spdx[0m
2026-10-08T16:32:22.7202302Z shell: C:\Program Files\PowerShell\7\pwsh.EXE -command ". '{0}'"
2026-10-08T16:32:22.7202566Z env:
2026-10-08T16:32:22.7202781Z   pythonLocation: C:\hostedtoolcache\windows\Python\3.12.10\x64
2026-10-08T16:32:22.7203157Z   PKG_CONFIG_PATH: C:\hostedtoolcache\windows\Python\3.12.10\x64/lib/pkgconfig
2026-10-08T16:32:22.7203500Z   Python_ROOT_DIR: C:\hostedtoolcache\windows\Python\3.12.10\x64
2026-10-08T16:32:22.7203820Z   Python2_ROOT_DIR: C:\hostedtoolcache\windows\Python\3.12.10\x64
2026-10-08T16:32:22.7204122Z   Python3_ROOT_DIR: C:\hostedtoolcache\windows\Python\3.12.10\x64
2026-10-08T16:32:22.7204376Z ##[endgroup]
2026-10-08T16:32:23.3116201Z license check OK
2026-10-08T16:32:23.4005994Z ##[group]Run python tools/run_ci_tests.py
2026-10-08T16:32:23.4006306Z [36;1mpython tools/run_ci_tests.py[0m
2026-10-08T16:32:23.4036252Z shell: C:\Program Files\PowerShell\7\pwsh.EXE -command ". '{0}'"
2026-10-08T16:32:23.4036509Z env:
2026-10-08T16:32:23.4036719Z   pythonLocation: C:\hostedtoolcache\windows\Python\3.12.10\x64
2026-10-08T16:32:23.4037075Z   PKG_CONFIG_PATH: C:\hostedtoolcache\windows\Python\3.12.10\x64/lib/pkgconfig
2026-10-08T16:32:23.4037415Z   Python_ROOT_DIR: C:\hostedtoolcache\windows\Python\3.12.10\x64
2026-10-08T16:32:23.4037714Z   Python2_ROOT_DIR: C:\hostedtoolcache\windows\Python\3.12.10\x64
2026-10-08T16:32:23.4038008Z   Python3_ROOT_DIR: C:\hostedtoolcache\windows\Python\3.12.10\x64
2026-10-08T16:32:23.4038249Z   QT_QPA_PLATFORM: offscreen
2026-10-08T16:32:23.4038428Z ##[endgroup]
2026-10-08T16:36:56.9403557Z ........................................................................ [ 13%]
2026-10-08T16:36:56.9404170Z ........................................................................ [ 27%]
2026-10-08T16:36:56.9404891Z ........................................................................ [ 40%]
2026-10-08T16:36:56.9405283Z ..............................F......................................... [ 54%]
2026-10-08T16:36:56.9405799Z ..........................................ssssss........................ [ 68%]
2026-10-08T16:36:56.9406561Z ........................................................................ [ 81%]
2026-10-08T16:36:56.9407160Z ........................................................................ [ 95%]
2026-10-08T16:36:56.9407791Z .........................                                                [100%]
2026-10-08T16:36:56.9408241Z ================================== FAILURES ===================================
2026-10-08T16:36:56.9408622Z ____________________ test_qc_package_review_receiving_7879 ____________________
2026-10-08T16:36:56.9409158Z 
2026-10-08T16:36:56.9409492Z tmp_path = WindowsPath('C:/Users/runneradmin/AppData/Local/Temp/pytest-of-runneradmin/pytest-0/test_qc_package_review_receivi0')
2026-10-08T16:36:56.9409890Z 
2026-10-08T16:36:56.9410192Z     def test_qc_package_review_receiving_7879(tmp_path: Path) -> None:
2026-10-08T16:36:56.9410550Z         receiver = _Receiver(tmp_path)
2026-10-08T16:36:56.9410812Z         error: BaseException | None = None
2026-10-08T16:36:56.9411054Z         try:
2026-10-08T16:36:56.9411269Z             fixture_before = _snapshot(FIXTURE)
2026-10-08T16:36:56.9411546Z             assert len(fixture_before["files"]) == 13
2026-10-08T16:36:56.9411834Z             placeholders = list(FIXTURE.rglob("*.mcap"))
2026-10-08T16:36:56.9412543Z             assert len(placeholders) == 2 and all(path.stat().st_size == 28 for path in placeholders)
2026-10-08T16:36:56.9413357Z             a = _copy_package(receiver.inputs, "a-first.mmsession")
2026-10-08T16:36:56.9413744Z             b = _copy_package(receiver.inputs, "z-last-\u6d77-Cafe.mmsession")
2026-10-08T16:36:56.9414104Z             qa, qb = _native(a), _native(b)
2026-10-08T16:36:56.9414371Z             for ordinal, qc in enumerate([qa, qb], 1):
2026-10-08T16:36:56.9414676Z                 assert qc["sessionId"] == "mini-analysis-fixture"
2026-10-08T16:36:56.9414981Z                 assert qc["packageState"] == "finalized"
2026-10-08T16:36:56.9415294Z                 assert qc["streamCount"] == 2 and qc["sourceCount"] == 2
2026-10-08T16:36:56.9415654Z                 assert {row["modality"] for row in qc["streams"]} == {"emg", "imu"}
2026-10-08T16:36:56.9416027Z                 assert [row["mcapSegments"] for row in qc["streams"]] == [1, 1]
2026-10-08T16:36:56.9416366Z                 receiver.native_artifacts("native", ordinal, qc)
2026-10-08T16:36:56.9416702Z             receiver.report["fixtureBefore"] = fixture_before
2026-10-08T16:36:56.9416995Z             receiver.passed(
2026-10-08T16:36:56.9419382Z                 "real native collector/renderer inventory two copied finalized mini packages "
2026-10-08T16:36:56.9419879Z                 "before the advertised multi-package command is required"
2026-10-08T16:36:56.9420244Z             )
2026-10-08T16:36:56.9420465Z     
2026-10-08T16:36:56.9420846Z             # Actual original negative: no pre-assert on CLI existence and no mock.
2026-10-08T16:36:56.9421271Z             # The original interpreter's missing-file output is printed before exit
2026-10-08T16:36:56.9421672Z             # admission. The same invocation/assertions govern the candidate.
2026-10-08T16:36:56.9421996Z             ordered_inputs = [
2026-10-08T16:36:56.9422264Z                 os.path.join(".", "input-packages", b.name),
2026-10-08T16:36:56.9422553Z                 str(a.resolve()),
2026-10-08T16:36:56.9422778Z             ]
2026-10-08T16:36:56.9422996Z             ordered = receiver.outputs / "ordered"
2026-10-08T16:36:56.9423446Z >           receiver.command("original-or-candidate-two-package-command", ordered_inputs, ordered, 0)
2026-10-08T16:36:56.9423750Z 
2026-10-08T16:36:56.9423909Z tests\analysis\test_qc_package_review_receiving_7879.py:470: 
2026-10-08T16:36:56.9424255Z _ _ _ _ _ _ _ _ _ _ _ _ _ _ _ _ _ _ _ _ _ _ _ _ _ _ _ _ _ _ _ _ _ _ _ _ _ _ _ _
2026-10-08T16:36:56.9424473Z 
2026-10-08T16:36:56.9424659Z self = <test_qc_package_review_receiving_7879._Receiver object at 0x0000017CF16B7A40>
2026-10-08T16:36:56.9425054Z name = 'original-or-candidate-two-package-command'
2026-10-08T16:36:56.9425785Z inputs = ['.\\\\input-packages\\\\z-last-\u6d77-Cafe.mmsession', 'C:\\\\Users\\\\runneradmin\\\\AppData\\\\Local\\\\Temp\\\\pytest-of-runneradmin\\\\pytest-0\\\\test_qc_package_review_receivi0\\\\input-packages\\\\a-first.mmsession']
2026-10-08T16:36:56.9426807Z output = WindowsPath('C:/Users/runneradmin/AppData/Local/Temp/pytest-of-runneradmin/pytest-0/test_qc_package_review_receivi0/explicit-review-outputs/ordered')
2026-10-08T16:36:56.9427461Z expected = 0
2026-10-08T16:36:56.9427561Z 
2026-10-08T16:36:56.9427659Z     def command(
2026-10-08T16:36:56.9427930Z         self, name: str, inputs: list[str], output: Path, expected: int,
2026-10-08T16:36:56.9428255Z     ) -> subprocess.CompletedProcess[str]:
2026-10-08T16:36:56.9428517Z         before = _snapshot(self.inputs)
2026-10-08T16:36:56.9428773Z         before_key = _sha(_json_bytes(before))
2026-10-08T16:36:56.9429089Z         self.report["inputSnapshots"][before_key] = before
2026-10-08T16:36:56.9429407Z         state_root = Path(os.environ["CAPTURE_TEST_STATE"])
2026-10-08T16:36:56.9429693Z         state_before = _snapshot(state_root)
2026-10-08T16:36:56.9429947Z         env = dict(os.environ)
2026-10-08T16:36:56.9430185Z         env["PYTHONIOENCODING"] = "utf-8"
2026-10-08T16:36:56.9430451Z         env["PYTHONDONTWRITEBYTECODE"] = "1"
2026-10-08T16:36:56.9430771Z         argv = [sys.executable, str(CLI), "--output", str(output), *inputs]
2026-10-08T16:36:56.9431095Z         result = subprocess.run(
2026-10-08T16:36:56.9431388Z             argv, cwd=self.tmp, env=env, capture_output=True, text=True,
2026-10-08T16:36:56.9431769Z             encoding="utf-8", errors="strict", timeout=90, check=False,
2026-10-08T16:36:56.9432056Z         )
2026-10-08T16:36:56.9432252Z         after = _snapshot(self.inputs)
2026-10-08T16:36:56.9432487Z         item = {
2026-10-08T16:36:56.9432767Z             "name": name, "argv": argv, "cwd": str(self.tmp), "exit": result.returncode,
2026-10-08T16:36:56.9433130Z             "stdout": result.stdout, "stderr": result.stderr,
2026-10-08T16:36:56.9433486Z             "inputsBefore": before_key, "inputsAfter": _sha(_json_bytes(after)),
2026-10-08T16:36:56.9433819Z             "inputUnchanged": before == after,
2026-10-08T16:36:56.9434149Z             "applicationStateUnchanged": _snapshot(state_root) == state_before,
2026-10-08T16:36:56.9434489Z         }
2026-10-08T16:36:56.9434686Z         self.report["commands"].append(item)
2026-10-08T16:36:56.9435022Z         # Print the actual command output BEFORE the expected-exit assertion.
2026-10-08T16:36:56.9435896Z         print("CAPTURE_QC_REVIEW_COMMAND " + json.dumps(item), flush=True)
2026-10-08T16:36:56.9436344Z         assert item["inputUnchanged"], name + ": complete package file/directory conservation"
2026-10-08T16:36:56.9436823Z         assert item["applicationStateUnchanged"], name + ": no registry/settings/job activity"
2026-10-08T16:36:56.9437202Z >       assert result.returncode == expected, (
2026-10-08T16:36:56.9437526Z             f"{name}: expected exit {expected}, received {result.returncode}\n"
2026-10-08T16:36:56.9437875Z             + result.stdout + result.stderr
2026-10-08T16:36:56.9438110Z         )
2026-10-08T16:36:56.9438440Z E       AssertionError: original-or-candidate-two-package-command: expected exit 0, received 2
2026-10-08T16:36:56.9439158Z E         C:\hostedtoolcache\windows\Python\3.12.10\x64\python.exe: can't open file 'D:\\a\\CaptureSuite\\CaptureSuite\\tools\\review_qc_packages.py': [Errno 2] No such file or directory
2026-10-08T16:36:56.9439732Z E         
2026-10-08T16:36:56.9439923Z E       assert 2 == 0
2026-10-08T16:36:56.9440641Z E        +  where 2 = CompletedProcess(args=['C:\\hostedtoolcache\\windows\\Python\\3.12.10\\x64\\python.exe', 'D:\\a\\CaptureSuite\\Capture...le 'D:\\\\a\\\\CaptureSuite\\\\CaptureSuite\\\\tools\\\\review_qc_packages.py': [Errno 2] No such file or directory\n").returncode
2026-10-08T16:36:56.9441302Z 
2026-10-08T16:36:56.9441490Z tests\analysis\test_qc_package_review_receiving_7879.py:268: AssertionError
2026-10-08T16:36:56.9441891Z ---------------------------- Captured stdout call -----------------------------
2026-10-08T16:36:56.9442971Z CAPTURE_QC_REVIEW_PROVENANCE {"checkout": "56ec61aa8e272f3633440cc05fa39eda7c853d69", "tree": "ad6e9d2dc3a81ec1aa1778bd60a911ba266f5ea3", "criteriaBlob": "3c6db0126cd7fa513287fde42e9cecff96bd3218", "currentBase": "9c44354cb101c76beff79265de0040b6839d249f", "python": "3.12.10 (tags/v3.12.10:0cc8128, Apr  8 2025, 12:21:36) [MSC v.1943 64 bit (AMD64)]"}
2026-10-08T16:36:56.9444336Z CAPTURE_QC_REVIEW_PASS real native collector/renderer inventory two copied finalized mini packages before the advertised multi-package command is required
2026-10-08T16:36:56.9447591Z CAPTURE_QC_REVIEW_COMMAND {"name": "original-or-candidate-two-package-command", "argv": ["C:\\hostedtoolcache\\windows\\Python\\3.12.10\\x64\\python.exe", "D:\\a\\CaptureSuite\\CaptureSuite\\tools\\review_qc_packages.py", "--output", "C:\\Users\\runneradmin\\AppData\\Local\\Temp\\pytest-of-runneradmin\\pytest-0\\test_qc_package_review_receivi0\\explicit-review-outputs\\ordered", ".\\input-packages\\z-last-\u6d77-Cafe.mmsession", "C:\\Users\\runneradmin\\AppData\\Local\\Temp\\pytest-of-runneradmin\\pytest-0\\test_qc_package_review_receivi0\\input-packages\\a-first.mmsession"], "cwd": "C:\\Users\\runneradmin\\AppData\\Local\\Temp\\pytest-of-runneradmin\\pytest-0\\test_qc_package_review_receivi0", "exit": 2, "stdout": "", "stderr": "C:\\hostedtoolcache\\windows\\Python\\3.12.10\\x64\\python.exe: can't open file 'D:\\\\a\\\\CaptureSuite\\\\CaptureSuite\\\\tools\\\\review_qc_packages.py': [Errno 2] No such file or directory\n", "inputsBefore": "da7ee8cec6808de00ace648ede1ea5aa883898647c8f5d8b6050f7b51e2a9f42", "inputsAfter": "da7ee8cec6808de00ace648ede1ea5aa883898647c8f5d8b6050f7b51e2a9f42", "inputUnchanged": true, "applicationStateUnchanged": true}
2026-10-08T16:36:56.9451215Z CAPTURE_QC_REVIEW_RESULT {"status": "failed", "checks": 1, "sourceUnchanged": true, "browser": "not requested in the maintained full-suite route", "reportBytes": 27541, "reportSha256": "5a96240d185b83373bd228411d8a10fda11ee6aa510fa94423e71d473318321f"}
2026-10-08T16:36:56.9452127Z ============================== warnings summary ===============================
2026-10-08T16:36:56.9452430Z <frozen importlib._bootstrap>:488
2026-10-08T16:36:56.9453238Z   <frozen importlib._bootstrap>:488: DeprecationWarning: Type google._upb._message.MessageMapContainer uses PyType_Spec with a metaclass that has custom tp_new. This is deprecated and will no longer be allowed in Python 3.14.
2026-10-08T16:36:56.9453854Z 
2026-10-08T16:36:56.9453967Z <frozen importlib._bootstrap>:488
2026-10-08T16:36:56.9454639Z   <frozen importlib._bootstrap>:488: DeprecationWarning: Type google._upb._message.ScalarMapContainer uses PyType_Spec with a metaclass that has custom tp_new. This is deprecated and will no longer be allowed in Python 3.14.
2026-10-08T16:36:56.9455235Z 
2026-10-08T16:36:56.9455520Z -- Docs: https://docs.pytest.org/en/stable/how-to/capture-warnings.html
2026-10-08T16:36:56.9456073Z =========================== short test summary info ===========================
2026-10-08T16:36:56.9456728Z SKIPPED [1] tests\protocol\test_daemon_e2e.py:74: capture_daemon.exe not built (run cmake --build)
2026-10-08T16:36:56.9457548Z SKIPPED [1] tests\protocol\test_daemon_e2e.py:148: capture_daemon.exe not built (run cmake --build)
2026-10-08T16:36:56.9458285Z SKIPPED [1] tests\protocol\test_daemon_e2e.py:161: capture_daemon.exe not built (run cmake --build)
2026-10-08T16:36:56.9459051Z SKIPPED [1] tests\protocol\test_daemon_e2e.py:196: capture_daemon.exe not built (run cmake --build)
2026-10-08T16:36:56.9459890Z SKIPPED [1] tests\protocol\test_daemon_e2e.py:238: capture_daemon.exe not built (run cmake --build)
2026-10-08T16:36:56.9460705Z SKIPPED [1] tests\protocol\test_daemon_e2e.py:262: capture_daemon.exe not built (run cmake --build)
2026-10-08T16:36:56.9462018Z FAILED tests/analysis/test_qc_package_review_receiving_7879.py::test_qc_package_review_receiving_7879 - AssertionError: original-or-candidate-two-package-command: expected exit 0, received 2
2026-10-08T16:36:56.9463639Z   C:\hostedtoolcache\windows\Python\3.12.10\x64\python.exe: can't open file 'D:\\a\\CaptureSuite\\CaptureSuite\\tools\\review_qc_packages.py': [Errno 2] No such file or directory
2026-10-08T16:36:56.9464515Z   
2026-10-08T16:36:56.9464758Z assert 2 == 0
2026-10-08T16:36:56.9466043Z  +  where 2 = CompletedProcess(args=['C:\\hostedtoolcache\\windows\\Python\\3.12.10\\x64\\python.exe', 'D:\\a\\CaptureSuite\\Capture...le 'D:\\\\a\\\\CaptureSuite\\\\CaptureSuite\\\\tools\\\\review_qc_packages.py': [Errno 2] No such file or directory\n").returncode
2026-10-08T16:36:56.9467333Z 1 failed, 522 passed, 6 skipped, 2 warnings in 271.25s (0:04:31)
2026-10-08T16:36:57.3475322Z 
2026-10-08T16:36:57.3475795Z {
2026-10-08T16:36:57.3476094Z   "schema": "capturesuite.test-receipt.v1",
2026-10-08T16:36:57.3476425Z   "accepted": false,
2026-10-08T16:36:57.3476641Z   "process_exit": 1,
2026-10-08T16:36:57.3476843Z   "counts": {
2026-10-08T16:36:57.3477034Z     "tests": 529,
2026-10-08T16:36:57.3477230Z     "passed": 522,
2026-10-08T16:36:57.3477432Z     "failures": 1,
2026-10-08T16:36:57.3477620Z     "errors": 0,
2026-10-08T16:36:57.3477820Z     "skipped": 6
2026-10-08T16:36:57.3478015Z   },
2026-10-08T16:36:57.3478326Z   "junit_sha256": "fa8b7b78256635556fcc4f8947b5ae7bfdab49838d75acb3fe087df958d87804",
2026-10-08T16:36:57.3478717Z   "problems": [
2026-10-08T16:36:57.3478961Z     "Test process did not exit successfully",
2026-10-08T16:36:57.3479253Z     "JUnit contains failing or errored cases"
2026-10-08T16:36:57.3479506Z   ],
2026-10-08T16:36:57.3479784Z   "scope": "Process and test-evidence consistency, not clinical validation",
2026-10-08T16:36:57.3480119Z   "seconds": 272.7120352999999,
2026-10-08T16:36:57.3480369Z   "created_at": "2026-10-08T16:36:56.941203+00:00",
2026-10-08T16:36:57.3480735Z   "run_directory": "build/evidence/python-20261008T163223Z-765d803f",
2026-10-08T16:36:57.3481135Z   "log_sha256": "7cf2f941874699ebb7027347fc9fd192284a4063360719d80284d691eba2c16d",
2026-10-08T16:36:57.3481525Z   "source_commit": "56ec61aa8e272f3633440cc05fa39eda7c853d69",
2026-10-08T16:36:57.3481847Z   "source_worktree_dirty": false,
2026-10-08T16:36:57.3482200Z   "source_tree_sha256": "24635daf6418e7da18d2586aa1c173c0f96a07593ddb10bc5610817c7ccd01e2",
2026-10-08T16:36:57.3482573Z   "source_file_count": 1053,
2026-10-08T16:36:57.3482823Z   "github": {
2026-10-08T16:36:57.3483031Z     "GITHUB_ACTIONS": "true",
2026-10-08T16:36:57.3483522Z     "GITHUB_EVENT_NAME": "pull_request",
2026-10-08T16:36:57.3483813Z     "GITHUB_SHA": "56ec61aa8e272f3633440cc05fa39eda7c853d69",
2026-10-08T16:36:57.3484097Z     "GITHUB_REF": "refs/pull/79/merge",
2026-10-08T16:36:57.3484405Z     "GITHUB_HEAD_REF": "work/qc-package-review-7879c2abc07f-20261008",
2026-10-08T16:36:57.3484738Z     "GITHUB_BASE_REF": "main",
2026-10-08T16:36:57.3484957Z     "GITHUB_RUN_ID": "37809326170",
2026-10-08T16:36:57.3485316Z     "GITHUB_WORKFLOW_REF": "Jacob-Met/CaptureSuite/.github/workflows/ci.yml@refs/pull/79/merge"
2026-10-08T16:36:57.3485673Z   },
2026-10-08T16:36:57.3485864Z   "source_unchanged_during_test": true
2026-10-08T16:36:57.3486098Z }
2026-10-08T16:36:57.4261421Z ##[error]Process completed with exit code 1.
2026-10-08T16:36:57.4434916Z ##[group]Run actions/upload-artifact@043fb46d1a93c77aae656e7c1c64a875d1fc6a0a
2026-10-08T16:36:57.4435346Z with:
2026-10-08T16:36:57.4435554Z   name: python-test-evidence
2026-10-08T16:36:57.4435796Z   path: build/evidence/
2026-10-08T16:36:57.4436017Z   if-no-files-found: warn
2026-10-08T16:36:57.4436230Z   retention-days: 7
2026-10-08T16:36:57.4436437Z   compression-level: 6
2026-10-08T16:36:57.4436652Z   overwrite: false
2026-10-08T16:36:57.4436845Z   include-hidden-files: false
2026-10-08T16:36:57.4437059Z   archive: true
2026-10-08T16:36:57.4437246Z env:
2026-10-08T16:36:57.4437514Z   pythonLocation: C:\hostedtoolcache\windows\Python\3.12.10\x64
2026-10-08T16:36:57.4437923Z   PKG_CONFIG_PATH: C:\hostedtoolcache\windows\Python\3.12.10\x64/lib/pkgconfig
2026-10-08T16:36:57.4438307Z   Python_ROOT_DIR: C:\hostedtoolcache\windows\Python\3.12.10\x64
2026-10-08T16:36:57.4438656Z   Python2_ROOT_DIR: C:\hostedtoolcache\windows\Python\3.12.10\x64
2026-10-08T16:36:57.4439064Z   Python3_ROOT_DIR: C:\hostedtoolcache\windows\Python\3.12.10\x64
2026-10-08T16:36:57.4439536Z ##[endgroup]
2026-10-08T16:36:57.6681810Z With the provided path, there will be 281 files uploaded
2026-10-08T16:36:57.6686323Z Artifact name is valid!
2026-10-08T16:36:57.6687420Z Root directory input is valid!
2026-10-08T16:36:57.9471086Z Uploading artifact: python-test-evidence.zip
2026-10-08T16:36:57.9505349Z Beginning upload of artifact content to blob storage
2026-10-08T16:36:58.6747130Z Uploaded bytes 1613068
2026-10-08T16:36:58.7098716Z Finished uploading artifact content to blob storage!
2026-10-08T16:36:58.7099554Z SHA256 digest of uploaded artifact is 6ca397912b5f0274136a0cf715881970e1af5e7c647bdefefc0091b1274d73cb
2026-10-08T16:36:58.7100399Z Finalizing artifact upload
2026-10-08T16:36:59.0189730Z Artifact python-test-evidence successfully finalized. Artifact ID 11564238119
2026-10-08T16:36:59.0190841Z Artifact python-test-evidence has been successfully uploaded! Final size is 1613068 bytes. Artifact ID is 11564238119
2026-10-08T16:36:59.0196160Z Artifact download URL: https://github.com/Jacob-Met/CaptureSuite/actions/runs/37809326170/artifacts/11564238119
2026-10-08T16:36:59.0469300Z Post job cleanup.
2026-10-08T16:36:59.2093807Z [command]"C:\Program Files\Git\bin\git.exe" version
2026-10-08T16:36:59.2316217Z git version 2.56.0.windows.1
2026-10-08T16:36:59.2362500Z Temporarily overriding HOME='D:\a\_temp\19bee348-1372-4dc3-a4ae-c9d9af92beb7' before making global git config changes
2026-10-08T16:36:59.2363787Z Adding repository directory to the temporary git global config as a safe directory
2026-10-08T16:36:59.2372940Z [command]"C:\Program Files\Git\bin\git.exe" config --global --add safe.directory D:\a\CaptureSuite\CaptureSuite
2026-10-08T16:36:59.2612124Z [command]"C:\Program Files\Git\bin\git.exe" config --local --name-only --get-regexp core\.sshCommand
2026-10-08T16:36:59.2914572Z [command]"C:\Program Files\Git\bin\git.exe" submodule foreach --recursive "sh -c \"git config --local --name-only --get-regexp 'core\.sshCommand' && git config --local --unset-all 'core.sshCommand' || :\""
2026-10-08T16:36:59.6752607Z [command]"C:\Program Files\Git\bin\git.exe" config --local --name-only --get-regexp http\.https\:\/\/github\.com\/\.extraheader
2026-10-08T16:36:59.6960281Z http.https://github.com/.extraheader
2026-10-08T16:36:59.6987907Z [command]"C:\Program Files\Git\bin\git.exe" config --local --unset-all http.https://github.com/.extraheader
2026-10-08T16:36:59.7272924Z [command]"C:\Program Files\Git\bin\git.exe" submodule foreach --recursive "sh -c \"git config --local --name-only --get-regexp 'http\.https\:\/\/github\.com\/\.extraheader' && git config --local --unset-all 'http.https://github.com/.extraheader' || :\""
2026-10-08T16:37:00.1864761Z [command]"C:\Program Files\Git\bin\git.exe" config --local --name-only --get-regexp ^includeIf\.gitdir:
2026-10-08T16:37:00.2094087Z [command]"C:\Program Files\Git\bin\git.exe" submodule foreach --recursive "git config --local --show-origin --name-only --get-regexp remote.origin.url"
2026-10-08T16:37:00.6074778Z Cleaning up orphan processes
2026-10-08T16:37:00.6211844Z Terminate orphan process: pid (4432) (vctip)
2026-10-08T16:37:00.6305107Z Terminate orphan process: pid (6704) (MSBuild)
2026-10-08T16:37:00.6437102Z Terminate orphan process: pid (4808) (conhost)
2026-10-08T16:37:00.6443699Z ##[warning]Node.js 20 is deprecated. The following actions target Node.js 20 but are being forced to run on Node.js 24: actions/checkout@v4, actions/setup-python@v5. For more information see: https://github.blog/changelog/2025-09-19-deprecation-of-node-20-on-github-actions-runners/
